Component: Arm Compiler for Embedded 6.18 Tool: armlink [5e4cc100]

==============================================================================

Section Cross References

    chassistask.o(.text.ChassisTask) refers to cmsis_os.o(.text.osDelay) for osDelay
    chassistask.o(.text.ChassisTask) refers to chassistask.o(.bss.Speed) for Speed
    chassistask.o(.text.ChassisTask) refers to pid.o(.text.PID_Init) for PID_Init
    chassistask.o(.text.ChassisTask) refers to chassistask.o(.bss.Posture_X) for Posture_X
    chassistask.o(.text.ChassisTask) refers to chassistask.o(.bss.Posture_Y) for Posture_Y
    chassistask.o(.text.ChassisTask) refers to chassistask.o(.bss.Turn) for Turn
    chassistask.o(.text.ChassisTask) refers to chassistask.o(.bss.Upright) for Upright
    chassistask.o(.text.ChassisTask) refers to chassistask.o(.bss.Gyro) for Gyro
    chassistask.o(.text.ChassisTask) refers to chassistask.o(.bss.LLspiral) for LLspiral
    chassistask.o(.text.ChassisTask) refers to chassistask.o(.bss.LRspiral) for LRspiral
    chassistask.o(.text.ChassisTask) refers to chassistask.o(.bss.RLspiral) for RLspiral
    chassistask.o(.text.ChassisTask) refers to chassistask.o(.bss.RRspiral) for RRspiral
    chassistask.o(.text.ChassisTask) refers to chassistask.o(.bss.Gyro_Kalman) for Gyro_Kalman
    chassistask.o(.text.ChassisTask) refers to kalman.o(.text.KalmanCreate) for KalmanCreate
    chassistask.o(.text.ChassisTask) refers to motor.o(.data.Balance) for Balance
    chassistask.o(.text.ChassisTask) refers to chassistask.o(.bss.speed) for speed
    chassistask.o(.text.ChassisTask) refers to chassistask.o(.bss.Goalline) for Goalline
    chassistask.o(.text.ChassisTask) refers to myusart.o(.bss.Presentline) for Presentline
    chassistask.o(.text.ChassisTask) refers to chassistask.o(.bss.target) for target
    chassistask.o(.text.ChassisTask) refers to cmsis_os.o(.text.osKernelSysTick) for osKernelSysTick
    chassistask.o(.text.ChassisTask) refers to chassistask.o(.bss.LLspeed) for LLspeed
    chassistask.o(.text.ChassisTask) refers to chassistask.o(.bss.LRspeed) for LRspeed
    chassistask.o(.text.ChassisTask) refers to chassistask.o(.bss.RRspeed) for RRspeed
    chassistask.o(.text.ChassisTask) refers to chassistask.o(.bss.RLspeed) for RLspeed
    chassistask.o(.text.ChassisTask) refers to atan2f.o(i.__hardfp_atan2f) for __hardfp_atan2f
    chassistask.o(.text.ChassisTask) refers to chassistask.o(.bss.Pos_Deadband) for Pos_Deadband
    chassistask.o(.text.ChassisTask) refers to pid.o(.text.f_PID_Calculate) for f_PID_Calculate
    chassistask.o(.text.ChassisTask) refers to sqrtf.o(i.__hardfp_sqrtf) for __hardfp_sqrtf
    chassistask.o(.text.ChassisTask) refers to chassistask.o(.data.midangle) for midangle
    chassistask.o(.text.ChassisTask) refers to instask.o(.bss.Imu) for Imu
    chassistask.o(.text.ChassisTask) refers to chassistask.o(.bss.speedout) for speedout
    chassistask.o(.text.ChassisTask) refers to chassistask.o(.bss.Upout) for Upout
    chassistask.o(.text.ChassisTask) refers to kalman.o(.text.KalmanFilter) for KalmanFilter
    chassistask.o(.text.ChassisTask) refers to chassistask.o(.bss.gyro) for gyro
    chassistask.o(.text.ChassisTask) refers to chassistask.o(.bss.Omni) for Omni
    chassistask.o(.text.ChassisTask) refers to chassistask.o(.bss.LLout) for LLout
    chassistask.o(.text.ChassisTask) refers to chassistask.o(.bss.LRout) for LRout
    chassistask.o(.text.ChassisTask) refers to chassistask.o(.bss.RRout) for RRout
    chassistask.o(.text.ChassisTask) refers to chassistask.o(.bss.RLout) for RLout
    chassistask.o(.text.ChassisTask) refers to myusart.o(.text.myprintf) for myprintf
    chassistask.o(.text.ChassisTask) refers to mycan.o(.data.hcanTxFrame) for hcanTxFrame
    chassistask.o(.text.ChassisTask) refers to can.o(.bss.hcan1) for hcan1
    chassistask.o(.text.ChassisTask) refers to mycan.o(.text.USER_CAN_TxMessage) for USER_CAN_TxMessage
    chassistask.o(.text.ChassisTask) refers to cmsis_os.o(.text.osDelayUntil) for osDelayUntil
    chassistask.o(.ARM.exidx.text.ChassisTask) refers to chassistask.o(.text.ChassisTask) for [Anonymous Symbol]
    instask.o(.ARM.exidx.text.AHRS_init) refers to instask.o(.text.AHRS_init) for [Anonymous Symbol]
    instask.o(.text.AHRS_update) refers to mahonyahrs.o(.text.MahonyAHRSupdate) for MahonyAHRSupdate
    instask.o(.ARM.exidx.text.AHRS_update) refers to instask.o(.text.AHRS_update) for [Anonymous Symbol]
    instask.o(.text.get_angle) refers to atan2f.o(i.__hardfp_atan2f) for __hardfp_atan2f
    instask.o(.text.get_angle) refers to asinf.o(i.__hardfp_asinf) for __hardfp_asinf
    instask.o(.ARM.exidx.text.get_angle) refers to instask.o(.text.get_angle) for [Anonymous Symbol]
    instask.o(.text.StartInsTask) refers to bmi088.o(.text.BMI088_init) for BMI088_init
    instask.o(.text.StartInsTask) refers to cmsis_os.o(.text.osDelay) for osDelay
[...]
    DMA2_Stream4_IRQHandler                  0x080001b7   Thumb Code     0  startup_stm32f407xx.o(.text)
    ETH_IRQHandler                           0x080001b7   Thumb Code     0  startup_stm32f407xx.o(.text)
    ETH_WKUP_IRQHandler                      0x080001b7   Thumb Code     0  startup_stm32f407xx.o(.text)
    EXTI0_IRQHandler                         0x080001b7   Thumb Code     0  startup_stm32f407xx.o(.text)
    EXTI15_10_IRQHandler                     0x080001b7   Thumb Code     0  startup_stm32f407xx.o(.text)
    EXTI1_IRQHandler                         0x080001b7   Thumb Code     0  startup_stm32f407xx.o(.text)
    EXTI2_IRQHandler                         0x080001b7   Thumb Code     0  startup_stm32f407xx.o(.text)
    EXTI3_IRQHandler                         0x080001b7   Thumb Code     0  startup_stm32f407xx.o(.text)
    FLASH_IRQHandler                         0x080001b7   Thumb Code     0  startup_stm32f407xx.o(.text)
    FMC_IRQHandler                           0x080001b7   Thumb Code     0  startup_stm32f407xx.o(.text)
    FPU_IRQHandler                           0x080001b7   Thumb Code     0  startup_stm32f407xx.o(.text)
    HASH_RNG_IRQHandler                      0x080001b7   Thumb Code     0  startup_stm32f407xx.o(.text)
    I2C1_ER_IRQHandler                       0x080001b7   Thumb Code     0  startup_stm32f407xx.o(.text)
    I2C1_EV_IRQHandler                       0x080001b7   Thumb Code     0  startup_stm32f407xx.o(.text)
    I2C2_ER_IRQHandler                       0x080001b7   Thumb Code     0  startup_stm32f407xx.o(.text)
    I2C2_EV_IRQHandler                       0x080001b7   Thumb Code     0  startup_stm32f407xx.o(.text)
    I2C3_ER_IRQHandler                       0x080001b7   Thumb Code     0  startup_stm32f407xx.o(.text)
    I2C3_EV_IRQHandler                       0x080001b7   Thumb Code     0  startup_stm32f407xx.o(.text)
    OTG_FS_IRQHandler                        0x080001b7   Thumb Code     0  startup_stm32f407xx.o(.text)
    OTG_FS_WKUP_IRQHandler                   0x080001b7   Thumb Code     0  startup_stm32f407xx.o(.text)
    OTG_HS_EP1_IN_IRQHandler                 0x080001b7   Thumb Code     0  startup_stm32f407xx.o(.text)
    OTG_HS_EP1_OUT_IRQHandler                0x080001b7   Thumb Code     0  startup_stm32f407xx.o(.text)
    OTG_HS_IRQHandler                        0x080001b7   Thumb Code     0  startup_stm32f407xx.o(.text)
    OTG_HS_WKUP_IRQHandler                   0x080001b7   Thumb Code     0  startup_stm32f407xx.o(.text)
    PVD_IRQHandler                           0x080001b7   Thumb Code     0  startup_stm32f407xx.o(.text)
    RCC_IRQHandler                           0x080001b7   Thumb Code     0  startup_stm32f407xx.o(.text)
    RTC_Alarm_IRQHandler                     0x080001b7   Thumb Code     0  startup_stm32f407xx.o(.text)
    RTC_WKUP_IRQHandler                      0x080001b7   Thumb Code     0  startup_stm32f407xx.o(.text)
    SDIO_IRQHandler                          0x080001b7   Thumb Code     0  startup_stm32f407xx.o(.text)
    SPI2_IRQHandler                          0x080001b7   Thumb Code     0  startup_stm32f407xx.o(.text)
    SPI3_IRQHandler                          0x080001b7   Thumb Code     0  startup_stm32f407xx.o(.text)
    TAMP_STAMP_IRQHandler                    0x080001b7   Thumb Code     0  startup_stm32f407xx.o(.text)
    TIM1_BRK_TIM9_IRQHandler                 0x080001b7   Thumb Code     0  startup_stm32f407xx.o(.text)
    TIM1_CC_IRQHandler                       0x080001b7   Thumb Code     0  startup_stm32f407xx.o(.text)
    TIM1_TRG_COM_TIM11_IRQHandler            0x080001b7   Thumb Code     0  startup_stm32f407xx.o(.text)
    TIM1_UP_TIM10_IRQHandler                 0x080001b7   Thumb Code     0  startup_stm32f407xx.o(.text)
    TIM3_IRQHandler                          0x080001b7   Thumb Code     0  startup_stm32f407xx.o(.text)
    TIM4_IRQHandler                          0x080001b7   Thumb Code     0  startup_stm32f407xx.o(.text)
    TIM5_IRQHandler                          0x080001b7   Thumb Code     0  startup_stm32f407xx.o(.text)
    TIM6_DAC_IRQHandler                      0x080001b7   Thumb Code     0  startup_stm32f407xx.o(.text)
    TIM7_IRQHandler                          0x080001b7   Thumb Code     0  startup_stm32f407xx.o(.text)
    TIM8_BRK_TIM12_IRQHandler                0x080001b7   Thumb Code     0  startup_stm32f407xx.o(.text)
    TIM8_CC_IRQHandler                       0x080001b7   Thumb Code     0  startup_stm32f407xx.o(.text)
    TIM8_TRG_COM_TIM14_IRQHandler            0x080001b7   Thumb Code     0  startup_stm32f407xx.o(.text)
    TIM8_UP_TIM13_IRQHandler                 0x080001b7   Thumb Code     0  startup_stm32f407xx.o(.text)
    UART4_IRQHandler                         0x080001b7   Thumb Code     0  startup_stm32f407xx.o(.text)
    UART5_IRQHandler                         0x080001b7   Thumb Code     0  startup_stm32f407xx.o(.text)
    USART2_IRQHandler                        0x080001b7   Thumb Code     0  startup_stm32f407xx.o(.text)
    WWDG_IRQHandler                          0x080001b7   Thumb Code     0  startup_stm32f407xx.o(.text)
    __aeabi_uldivmod                         0x080001c1   Thumb Code    98  uldiv.o(.text)
    __aeabi_memcpy                           0x08000223   Thumb Code    36  memcpya.o(.text)
    __aeabi_memcpy4                          0x08000223   Thumb Code     0  memcpya.o(.text)
    __aeabi_memcpy8                          0x08000223   Thumb Code     0  memcpya.o(.text)
    __aeabi_memset                           0x08000247   Thumb Code    14  memseta.o(.text)
    __aeabi_memset4                          0x08000247   Thumb Code     0  memseta.o(.text)
    __aeabi_memset8                          0x08000247   Thumb Code     0  memseta.o(.text)
    __aeabi_memclr                           0x08000255   Thumb Code     4  memseta.o(.text)
    __aeabi_memclr4                          0x08000255   Thumb Code     0  memseta.o(.text)
    __aeabi_memclr8                          0x08000255   Thumb Code     0  memseta.o(.text)
    _memset$wrapper                          0x08000259   Thumb Code    18  memseta.o(.text)
    strlen                                   0x0800026b   Thumb Code    14  strlen.o(.text)
    __aeabi_llsl                             0x08000279   Thumb Code    30  llshl.o(.text)
    _ll_shift_l                              0x08000279   Thumb Code     0  llshl.o(.text)
    __aeabi_llsr                             0x08000297   Thumb Code    32  llushr.o(.text)
    _ll_ushift_r                             0x08000297   Thumb Code     0  llushr.o(.text)
    __I$use$fp                               0x080002b7   Thumb Code     0  iusefp.o(.text)
    __scatterload                            0x080002b9   Thumb Code    28  init.o(.text)
    __scatterload_rt2                        0x080002b9   Thumb Code     0  init.o(.text)
    BMI088_accel_read_over                   0x080002dd   Thumb Code   116  bmi088.o(.text.BMI088_accel_read_over)
    BMI088_gyro_read_over                    0x08000351   Thumb Code    78  bmi088.o(.text.BMI088_gyro_read_over)
    BMI088_init                              0x0800039f   Thumb Code    36  bmi088.o(.text.BMI088_init)
    BMI088_read                              0x080003c3   Thumb Code   374  bmi088.o(.text.BMI088_read)
    BMI088_temperature_read_over             0x0800056d   Thumb Code    58  bmi088.o(.text.BMI088_temperature_read_over)
    BusFault_Handler                         0x080005a9   Thumb Code     2  stm32f4xx_it.o(.text.BusFault_Handler)
    CAN1_RX0_IRQHandler                      0x080005ab   Thumb Code    12  stm32f4xx_it.o(.text.CAN1_RX0_IRQHandler)
    CAN1_TX_IRQHandler                       0x080005b7   Thumb Code    12  stm32f4xx_it.o(.text.CAN1_TX_IRQHandler)
    CAN1_rxDataHandler                       0x080005c3   Thumb Code    60  mycan.o(.text.CAN1_rxDataHandler)
    CAN_Init                                 0x080005ff   Thumb Code    72  mycan.o(.text.CAN_Init)
    ChassisTask                              0x08000649   Thumb Code  2030  chassistask.o(.text.ChassisTask)
    DMA1_Stream1_IRQHandler                  0x08000e37   Thumb Code    12  stm32f4xx_it.o(.text.DMA1_Stream1_IRQHandler)
    DMA2_Stream2_IRQHandler                  0x08000e43   Thumb Code    22  stm32f4xx_it.o(.text.DMA2_Stream2_IRQHandler)
    DMA2_Stream3_IRQHandler                  0x08000e59   Thumb Code    12  stm32f4xx_it.o(.text.DMA2_Stream3_IRQHandler)
    DMA2_Stream5_IRQHandler                  0x08000e65   Thumb Code    12  stm32f4xx_it.o(.text.DMA2_Stream5_IRQHandler)
    DMA2_Stream6_IRQHandler                  0x08000e71   Thumb Code    12  stm32f4xx_it.o(.text.DMA2_Stream6_IRQHandler)
    DMA2_Stream7_IRQHandler                  0x08000e7d   Thumb Code    12  stm32f4xx_it.o(.text.DMA2_Stream7_IRQHandler)
    DebugMon_Handler                         0x08000e89   Thumb Code     2  stm32f4xx_it.o(.text.DebugMon_Handler)
    EXTI4_IRQHandler                         0x08000e8b   Thumb Code     6  stm32f4xx_it.o(.text.EXTI4_IRQHandler)
    EXTI9_5_IRQHandler                       0x08000e91   Thumb Code     6  stm32f4xx_it.o(.text.EXTI9_5_IRQHandler)
    Error_Handler                            0x08000e99   Thumb Code    10  main.o(.text.Error_Handler)
    HAL_CAN_ActivateNotification             0x08000ea3   Thumb Code    38  stm32f4xx_hal_can.o(.text.HAL_CAN_ActivateNotification)
    HAL_CAN_AddTxMessage                     0x08000ec9   Thumb Code   164  stm32f4xx_hal_can.o(.text.HAL_CAN_AddTxMessage)
    HAL_CAN_ConfigFilter                     0x08000f6d   Thumb Code   222  stm32f4xx_hal_can.o(.text.HAL_CAN_ConfigFilter)
    HAL_CAN_ErrorCallback                    0x0800104b   Thumb Code     2  stm32f4xx_hal_can.o(.text.HAL_CAN_ErrorCallback)
    HAL_CAN_GetRxMessage                     0x0800104d   Thumb Code   268  stm32f4xx_hal_can.o(.text.HAL_CAN_GetRxMessage)
    HAL_CAN_IRQHandler                       0x08001159   Thumb Code   512  stm32f4xx_hal_can.o(.text.HAL_CAN_IRQHandler)
    HAL_CAN_Init                             0x08001359   Thumb Code   240  stm32f4xx_hal_can.o(.text.HAL_CAN_Init)
    HAL_CAN_MspInit                          0x08001449   Thumb Code   130  can.o(.text.HAL_CAN_MspInit)
    HAL_CAN_RxFifo0FullCallback              0x080014cb   Thumb Code     2  stm32f4xx_hal_can.o(.text.HAL_CAN_RxFifo0FullCallback)
    HAL_CAN_RxFifo0MsgPendingCallback        0x080014cd   Thumb Code    52  mycan.o(.text.HAL_CAN_RxFifo0MsgPendingCallback)
    HAL_CAN_RxFifo1FullCallback              0x08001501   Thumb Code     2  stm32f4xx_hal_can.o(.text.HAL_CAN_RxFifo1FullCallback)
    HAL_CAN_RxFifo1MsgPendingCallback        0x08001503   Thumb Code     2  stm32f4xx_hal_can.o(.text.HAL_CAN_RxFifo1MsgPendingCallback)
    HAL_CAN_SleepCallback                    0x08001505   Thumb Code     2  stm32f4xx_hal_can.o(.text.HAL_CAN_SleepCallback)
    HAL_CAN_Start                            0x08001509   Thumb Code    88  stm32f4xx_hal_can.o(.text.HAL_CAN_Start)
    HAL_CAN_TxMailbox0AbortCallback          0x08001561   Thumb Code     2  stm32f4xx_hal_can.o(.text.HAL_CAN_TxMailbox0AbortCallback)
    HAL_CAN_TxMailbox0CompleteCallback       0x08001563   Thumb Code     2  stm32f4xx_hal_can.o(.text.HAL_CAN_TxMailbox0CompleteCallback)
    HAL_CAN_TxMailbox1AbortCallback          0x08001565   Thumb Code     2  stm32f4xx_hal_can.o(.text.HAL_CAN_TxMailbox1AbortCallback)
    HAL_CAN_TxMailbox1CompleteCallback       0x08001567   Thumb Code     2  stm32f4xx_hal_can.o(.text.HAL_CAN_TxMailbox1CompleteCallback)
    HAL_CAN_TxMailbox2AbortCallback          0x08001569   Thumb Code     2  stm32f4xx_hal_can.o(.text.HAL_CAN_TxMailbox2AbortCallback)
    HAL_CAN_TxMailbox2CompleteCallback       0x0800156b   Thumb Code     2  stm32f4xx_hal_can.o(.text.HAL_CAN_TxMailbox2CompleteCallback)
    HAL_CAN_WakeUpFromRxMsgCallback          0x0800156d   Thumb Code     2  stm32f4xx_hal_can.o(.text.HAL_CAN_WakeUpFromRxMsgCallback)
    HAL_DMA_Abort                            0x08001571   Thumb Code   130  stm32f4xx_hal_dma.o(.text.HAL_DMA_Abort)
    HAL_DMA_Abort_IT                         0x080015f3   Thumb Code    36  stm32f4xx_hal_dma.o(.text.HAL_DMA_Abort_IT)
    HAL_DMA_IRQHandler                       0x08001619   Thumb Code   390  stm32f4xx_hal_dma.o(.text.HAL_DMA_IRQHandler)
    HAL_DMA_Init                             0x080017a1   Thumb Code   328  stm32f4xx_hal_dma.o(.text.HAL_DMA_Init)
    HAL_DMA_Start_IT                         0x080018e9   Thumb Code   156  stm32f4xx_hal_dma.o(.text.HAL_DMA_Start_IT)
    HAL_GPIO_EXTI_Callback                   0x08001985   Thumb Code   210  instask.o(.text.HAL_GPIO_EXTI_Callback)
    HAL_GPIO_EXTI_IRQHandler                 0x08001a57   Thumb Code    22  stm32f4xx_hal_gpio.o(.text.HAL_GPIO_EXTI_IRQHandler)
    HAL_GPIO_Init                            0x08001a6d   Thumb Code   440  stm32f4xx_hal_gpio.o(.text.HAL_GPIO_Init)
    HAL_GPIO_WritePin                        0x08001c25   Thumb Code    10  stm32f4xx_hal_gpio.o(.text.HAL_GPIO_WritePin)
    HAL_GetTick                              0x08001c2f   Thumb Code    12  stm32f4xx_hal.o(.text.HAL_GetTick)
    HAL_IncTick                              0x08001c3b   Thumb Code    26  stm32f4xx_hal.o(.text.HAL_IncTick)
    HAL_Init                                 0x08001c55   Thumb Code    54  stm32f4xx_hal.o(.text.HAL_Init)
    HAL_InitTick                             0x08001c8b   Thumb Code   172  stm32f4xx_hal_timebase_tim.o(.text.HAL_InitTick)
    HAL_MspInit                              0x08001d37   Thumb Code    66  stm32f4xx_hal_msp.o(.text.HAL_MspInit)
    HAL_NVIC_EnableIRQ                       0x08001d79   Thumb Code    30  stm32f4xx_hal_cortex.o(.text.HAL_NVIC_EnableIRQ)
    HAL_NVIC_SetPriority                     0x08001d97   Thumb Code    86  stm32f4xx_hal_cortex.o(.text.HAL_NVIC_SetPriority)
    HAL_NVIC_SetPriorityGrouping             0x08001ded   Thumb Code    32  stm32f4xx_hal_cortex.o(.text.HAL_NVIC_SetPriorityGrouping)
    HAL_RCC_ClockConfig                      0x08001e0d   Thumb Code   334  stm32f4xx_hal_rcc.o(.text.HAL_RCC_ClockConfig)
    HAL_RCC_GetClockConfig                   0x08001f5b   Thumb Code    62  stm32f4xx_hal_rcc.o(.text.HAL_RCC_GetClockConfig)
    HAL_RCC_GetPCLK1Freq                     0x08001f99   Thumb Code    38  stm32f4xx_hal_rcc.o(.text.HAL_RCC_GetPCLK1Freq)
    HAL_RCC_GetPCLK2Freq                     0x08001fbf   Thumb Code    38  stm32f4xx_hal_rcc.o(.text.HAL_RCC_GetPCLK2Freq)
    HAL_RCC_GetSysClockFreq                  0x08001fe5   Thumb Code   104  stm32f4xx_hal_rcc.o(.text.HAL_RCC_GetSysClockFreq)
    HAL_RCC_OscConfig                        0x0800204d   Thumb Code   860  stm32f4xx_hal_rcc.o(.text.HAL_RCC_OscConfig)
    HAL_SPI_ErrorCallback                    0x080023a9   Thumb Code     2  stm32f4xx_hal_spi.o(.text.HAL_SPI_ErrorCallback)
    HAL_SPI_IRQHandler                       0x080023ab   Thumb Code   276  stm32f4xx_hal_spi.o(.text.HAL_SPI_IRQHandler)
    HAL_SPI_Init                             0x080024bf   Thumb Code   180  stm32f4xx_hal_spi.o(.text.HAL_SPI_Init)
    HAL_SPI_MspInit                          0x08002573   Thumb Code   292  spi.o(.text.HAL_SPI_MspInit)
    HAL_SPI_TransmitReceive                  0x08002699   Thumb Code   474  stm32f4xx_hal_spi.o(.text.HAL_SPI_TransmitReceive)
    HAL_TIMEx_BreakCallback                  0x08002873   Thumb Code     2  stm32f4xx_hal_tim_ex.o(.text.HAL_TIMEx_BreakCallback)
    HAL_TIMEx_CommutCallback                 0x08002875   Thumb Code     2  stm32f4xx_hal_tim_ex.o(.text.HAL_TIMEx_CommutCallback)
    HAL_TIMEx_ConfigBreakDeadTime            0x08002877   Thumb Code    76  stm32f4xx_hal_tim_ex.o(.text.HAL_TIMEx_ConfigBreakDeadTime)
    HAL_TIMEx_MasterConfigSynchronization    0x080028c3   Thumb Code   174  stm32f4xx_hal_tim_ex.o(.text.HAL_TIMEx_MasterConfigSynchronization)
    HAL_TIM_Base_Init                        0x08002971   Thumb Code    88  stm32f4xx_hal_tim.o(.text.HAL_TIM_Base_Init)
    HAL_TIM_Base_MspInit                     0x080029c9   Thumb Code    50  tim.o(.text.HAL_TIM_Base_MspInit)
    HAL_TIM_Base_Start                       0x080029fb   Thumb Code   152  stm32f4xx_hal_tim.o(.text.HAL_TIM_Base_Start)
    HAL_TIM_Base_Start_IT                    0x08002a93   Thumb Code   160  stm32f4xx_hal_tim.o(.text.HAL_TIM_Base_Start_IT)
    HAL_TIM_IC_CaptureCallback               0x08002b33   Thumb Code     2  stm32f4xx_hal_tim.o(.text.HAL_TIM_IC_CaptureCallback)
    HAL_TIM_IRQHandler                       0x08002b35   Thumb Code   362  stm32f4xx_hal_tim.o(.text.HAL_TIM_IRQHandler)
    HAL_TIM_MspPostInit                      0x08002c9f   Thumb Code   218  tim.o(.text.HAL_TIM_MspPostInit)
    HAL_TIM_OC_DelayElapsedCallback          0x08002d79   Thumb Code     2  stm32f4xx_hal_tim.o(.text.HAL_TIM_OC_DelayElapsedCallback)
    HAL_TIM_PWM_ConfigChannel                0x08002d7d   Thumb Code   152  stm32f4xx_hal_tim.o(.text.HAL_TIM_PWM_ConfigChannel)
    HAL_TIM_PWM_Init                         0x08002e15   Thumb Code    88  stm32f4xx_hal_tim.o(.text.HAL_TIM_PWM_Init)
    HAL_TIM_PWM_MspInit                      0x08002e6d   Thumb Code    92  tim.o(.text.HAL_TIM_PWM_MspInit)
    HAL_TIM_PWM_PulseFinishedCallback        0x08002ec9   Thumb Code     2  stm32f4xx_hal_tim.o(.text.HAL_TIM_PWM_PulseFinishedCallback)
    HAL_TIM_PWM_Start                        0x08002ecb   Thumb Code   260  stm32f4xx_hal_tim.o(.text.HAL_TIM_PWM_Start)
    HAL_TIM_PeriodElapsedCallback            0x08002fcf   Thumb Code    14  main.o(.text.HAL_TIM_PeriodElapsedCallback)
    HAL_TIM_TriggerCallback                  0x08002fdd   Thumb Code     2  stm32f4xx_hal_tim.o(.text.HAL_TIM_TriggerCallback)
    HAL_UARTEx_RxEventCallback               0x08002fdf   Thumb Code     2  stm32f4xx_hal_uart.o(.text.HAL_UARTEx_RxEventCallback)
    HAL_UART_ErrorCallback                   0x08002fe1   Thumb Code     2  stm32f4xx_hal_uart.o(.text.HAL_UART_ErrorCallback)
    HAL_UART_IRQHandler                      0x08002fe5   Thumb Code   686  stm32f4xx_hal_uart.o(.text.HAL_UART_IRQHandler)
    HAL_UART_Init                            0x08003293   Thumb Code    92  stm32f4xx_hal_uart.o(.text.HAL_UART_Init)
    HAL_UART_MspInit                         0x080032ef   Thumb Code   648  usart.o(.text.HAL_UART_MspInit)
    HAL_UART_Receive_DMA                     0x08003577   Thumb Code    48  stm32f4xx_hal_uart.o(.text.HAL_UART_Receive_DMA)
    HAL_UART_RxCpltCallback                  0x080035a7   Thumb Code     2  stm32f4xx_hal_uart.o(.text.HAL_UART_RxCpltCallback)
    HAL_UART_RxHalfCpltCallback              0x080035a9   Thumb Code     2  stm32f4xx_hal_uart.o(.text.HAL_UART_RxHalfCpltCallback)
    HAL_UART_Transmit_DMA                    0x080035ad   Thumb Code   156  stm32f4xx_hal_uart.o(.text.HAL_UART_Transmit_DMA)
    HAL_UART_TxCpltCallback                  0x08003649   Thumb Code     2  stm32f4xx_hal_uart.o(.text.HAL_UART_TxCpltCallback)
    HAL_UART_TxHalfCpltCallback              0x0800364b   Thumb Code     2  stm32f4xx_hal_uart.o(.text.HAL_UART_TxHalfCpltCallback)
    HardFault_Handler                        0x0800364d   Thumb Code     2  stm32f4xx_it.o(.text.HardFault_Handler)
    IIC_Ack                                  0x0800364f   Thumb Code    68  myiic.o(.text.IIC_Ack)
    IIC_NAck                                 0x08003693   Thumb Code    68  myiic.o(.text.IIC_NAck)
    IIC_Read_Byte                            0x080036d9   Thumb Code   118  myiic.o(.text.IIC_Read_Byte)
    IIC_Send_Byte                            0x08003751   Thumb Code   108  myiic.o(.text.IIC_Send_Byte)
    IIC_Start                                0x080037bd   Thumb Code    68  myiic.o(.text.IIC_Start)
    IIC_Stop                                 0x08003801   Thumb Code    70  myiic.o(.text.IIC_Stop)
    IIC_Wait_Ack                             0x08003849   Thumb Code    86  myiic.o(.text.IIC_Wait_Ack)
    KalmanCreate                             0x0800389f   Thumb Code    28  kalman.o(.text.KalmanCreate)
    KalmanFilter                             0x080038bb   Thumb Code    94  kalman.o(.text.KalmanFilter)
    MX_CAN1_Init                             0x08003919   Thumb Code    68  can.o(.text.MX_CAN1_Init)
    MX_DMA_Init                              0x0800395d   Thumb Code   156  dma.o(.text.MX_DMA_Init)
    MX_FREERTOS_Init                         0x080039f9   Thumb Code   160  freertos.o(.text.MX_FREERTOS_Init)
    MX_GPIO_Init                             0x08003a99   Thumb Code   314  gpio.o(.text.MX_GPIO_Init)
    MX_SPI1_Init                             0x08003bd3   Thumb Code    74  spi.o(.text.MX_SPI1_Init)
    MX_TIM10_Init                            0x08003c1d   Thumb Code   124  tim.o(.text.MX_TIM10_Init)
    MX_TIM1_Init                             0x08003c99   Thumb Code   246  tim.o(.text.MX_TIM1_Init)
    MX_TIM8_Init                             0x08003d8f   Thumb Code   182  tim.o(.text.MX_TIM8_Init)
    MX_USART1_UART_Init                      0x08003e45   Thumb Code    84  usart.o(.text.MX_USART1_UART_Init)
    MX_USART3_UART_Init                      0x08003e99   Thumb Code    62  usart.o(.text.MX_USART3_UART_Init)
    MX_USART6_UART_Init                      0x08003ed7   Thumb Code    58  usart.o(.text.MX_USART6_UART_Init)
    MahonyAHRSupdate                         0x08003f11   Thumb Code  1104  mahonyahrs.o(.text.MahonyAHRSupdate)
    MahonyAHRSupdateIMU                      0x08004361   Thumb Code   668  mahonyahrs.o(.text.MahonyAHRSupdateIMU)
    MemManage_Handler                        0x080045fd   Thumb Code     2  stm32f4xx_it.o(.text.MemManage_Handler)
    NMI_Handler                              0x08004601   Thumb Code     2  stm32f4xx_it.o(.text.NMI_Handler)
    PID_Delta_init                           0x08004603   Thumb Code    10  pid.o(.text.PID_Delta_init)
    PID_Init                                 0x0800460d   Thumb Code    54  pid.o(.text.PID_Init)
    PendSV_Handler                           0x08004651   Thumb Code   100  port.o(.text.PendSV_Handler)
    SPI1_DMA_enable                          0x080046b5   Thumb Code  2234  myspi.o(.text.SPI1_DMA_enable)
    SPI1_DMA_init                            0x08004f71   Thumb Code   242  myspi.o(.text.SPI1_DMA_init)
    SPI1_IRQHandler                          0x08005063   Thumb Code    12  stm32f4xx_it.o(.text.SPI1_IRQHandler)
    SPI_ReadWriteByte                        0x080050e1   Thumb Code    44  myspi.o(.text.SPI_ReadWriteByte)
    SVC_Handler                              0x080051d1   Thumb Code    36  port.o(.text.SVC_Handler)
    SerialTask                               0x080051f5   Thumb Code    24  serialtask.o(.text.SerialTask)
    StartInsTask                             0x0800520d   Thumb Code   696  instask.o(.text.StartInsTask)
    SysTick_Handler                          0x080054c5   Thumb Code    46  port.o(.text.SysTick_Handler)
    SystemClock_Config                       0x080054f5   Thumb Code   174  main.o(.text.SystemClock_Config)
    SystemInit                               0x080055a3   Thumb Code    18  system_stm32f4xx.o(.text.SystemInit)
    TIM2_IRQHandler                          0x080055b5   Thumb Code    12  stm32f4xx_it.o(.text.TIM2_IRQHandler)
    TIM_Base_SetConfig                       0x080055c1   Thumb Code   284  stm32f4xx_hal_tim.o(.text.TIM_Base_SetConfig)
    TIM_OC2_SetConfig                        0x08005741   Thumb Code   106  stm32f4xx_hal_tim.o(.text.TIM_OC2_SetConfig)
    UART_Start_Receive_DMA                   0x08005b95   Thumb Code   154  stm32f4xx_hal_uart.o(.text.UART_Start_Receive_DMA)
    USART1_IRQHandler                        0x08005c2f   Thumb Code    26  stm32f4xx_it.o(.text.USART1_IRQHandler)
    USART3_IRQHandler                        0x08005c49   Thumb Code    26  stm32f4xx_it.o(.text.USART3_IRQHandler)
    USART6_IRQHandler                        0x08005c63   Thumb Code    12  stm32f4xx_it.o(.text.USART6_IRQHandler)
    USER_CAN_TxMessage                       0x08005c6f   Thumb Code    22  mycan.o(.text.USER_CAN_TxMessage)
    USER_DMA2_Stream2_IRQHandler             0x08005c85   Thumb Code  1074  instask.o(.text.USER_DMA2_Stream2_IRQHandler)
    USER_UART_IRQHandler                     0x080060b9   Thumb Code   536  myusart.o(.text.USER_UART_IRQHandler)
    UsageFault_Handler                       0x080062d1   Thumb Code     2  stm32f4xx_it.o(.text.UsageFault_Handler)
    bmi088_accel_init                        0x080062d5   Thumb Code   458  bmi088.o(.text.bmi088_accel_init)
    bmi088_accel_self_test                   0x080064a1   Thumb Code  1048  bmi088.o(.text.bmi088_accel_self_test)
    bmi088_gyro_init                         0x080068b9   Thumb Code   388  bmi088.o(.text.bmi088_gyro_init)
    bmi088_gyro_self_test                    0x08006a3d   Thumb Code   354  bmi088.o(.text.bmi088_gyro_self_test)
    delay_ms                                 0x08006ba1   Thumb Code    24  haltick.o(.text.delay_ms)
    delay_us                                 0x08006bb9   Thumb Code    64  haltick.o(.text.delay_us)
    f_PID_Calculate                          0x08006bf9   Thumb Code   192  pid.o(.text.f_PID_Calculate)
    f_PID_Delta_Calc                         0x08006cb9   Thumb Code   132  pid.o(.text.f_PID_Delta_Calc)
    get_Motor_Data                           0x08006d7d   Thumb Code   368  motor.o(.text.get_Motor_Data)
    get_angle                                0x08006eed   Thumb Code   188  instask.o(.text.get_angle)
    ist8310_IIC_read_muli_reg                0x0800712d   Thumb Code    86  ist8310.o(.text.ist8310_IIC_read_muli_reg)
    ist8310_read_mag                         0x08007185   Thumb Code    92  ist8310.o(.text.ist8310_read_mag)
    main                                     0x080071e1   Thumb Code   134  main.o(.text.main)
    myprintf                                 0x08007267   Thumb Code    42  myusart.o(.text.myprintf)
    osDelay                                  0x08007291   Thumb Code    16  cmsis_os.o(.text.osDelay)
    osDelayUntil                             0x080072a1   Thumb Code    16  cmsis_os.o(.text.osDelayUntil)
    osKernelStart                            0x080072b1   Thumb Code    10  cmsis_os.o(.text.osKernelStart)
    osKernelSysTick                          0x080072bb   Thumb Code    14  cmsis_os.o(.text.osKernelSysTick)
    osThreadCreate                           0x080072c9   Thumb Code    90  cmsis_os.o(.text.osThreadCreate)
    pcTaskGetName                            0x08007325   Thumb Code    38  tasks.o(.text.pcTaskGetName)
    pvPortMalloc                             0x08007735   Thumb Code   404  heap_4.o(.text.pvPortMalloc)
    pxPortInitialiseStack                    0x080078c9   Thumb Code    40  port.o(.text.pxPortInitialiseStack)
    remote_control_init                      0x080078f1   Thumb Code    92  myusart.o(.text.remote_control_init)
    uxListRemove                             0x0800794d   Thumb Code    36  list.o(.text.uxListRemove)
    vApplicationGetIdleTaskMemory            0x08007971   Thumb Code    26  freertos.o(.text.vApplicationGetIdleTaskMemory)
    vListInitialise                          0x0800798b   Thumb Code    22  list.o(.text.vListInitialise)
    vListInitialiseItem                      0x080079a1   Thumb Code     6  list.o(.text.vListInitialiseItem)
    vListInsert                              0x080079a9   Thumb Code    58  list.o(.text.vListInsert)
    vListInsertEnd                           0x080079e3   Thumb Code    28  list.o(.text.vListInsertEnd)
    vPortEnterCritical                       0x08007a15   Thumb Code    66  port.o(.text.vPortEnterCritical)
    vPortExitCritical                        0x08007a59   Thumb Code    46  port.o(.text.vPortExitCritical)
    vPortFree                                0x08007a89   Thumb Code   136  heap_4.o(.text.vPortFree)
    vPortSetupTimerInterrupt                 0x08007b11   Thumb Code    52  port.o(.text.vPortSetupTimerInterrupt)
    vPortValidateInterruptPriority           0x08007b45   Thumb Code    98  port.o(.text.vPortValidateInterruptPriority)
    vTaskDelay                               0x08007ba9   Thumb Code    78  tasks.o(.text.vTaskDelay)
    vTaskDelayUntil                          0x08007bf9   Thumb Code   162  tasks.o(.text.vTaskDelayUntil)
    vTaskNotifyGiveFromISR                   0x08007c9d   Thumb Code   218  tasks.o(.text.vTaskNotifyGiveFromISR)
    vTaskStartScheduler                      0x08007d79   Thumb Code   120  tasks.o(.text.vTaskStartScheduler)
    vTaskSuspendAll                          0x08007df9   Thumb Code    16  tasks.o(.text.vTaskSuspendAll)
    vTaskSwitchContext                       0x08007e09   Thumb Code   130  tasks.o(.text.vTaskSwitchContext)
    xPortStartScheduler                      0x08007e8d   Thumb Code   298  port.o(.text.xPortStartScheduler)
    xTaskCreate                              0x08007fb7   Thumb Code    90  tasks.o(.text.xTaskCreate)
    xTaskCreateStatic                        0x08008011   Thumb Code   118  tasks.o(.text.xTaskCreateStatic)
    xTaskGetHandle                           0x08008089   Thumb Code   166  tasks.o(.text.xTaskGetHandle)
    xTaskGetSchedulerState                   0x0800812f   Thumb Code    36  tasks.o(.text.xTaskGetSchedulerState)
    xTaskGetTickCount                        0x08008153   Thumb Code    12  tasks.o(.text.xTaskGetTickCount)
    xTaskGetTickCountFromISR                 0x0800815f   Thumb Code    18  tasks.o(.text.xTaskGetTickCountFromISR)
    xTaskIncrementTick                       0x08008171   Thumb Code   382  tasks.o(.text.xTaskIncrementTick)
    xTaskResumeAll                           0x080082f1   Thumb Code   306  tasks.o(.text.xTaskResumeAll)
    __ARM_fpclassifyf                        0x08008423   Thumb Code    38  fpclassifyf.o(i.__ARM_fpclassifyf)
    __hardfp_asinf                           0x08008449   Thumb Code   258  asinf.o(i.__hardfp_asinf)
    __hardfp_atan2f                          0x08008575   Thumb Code   594  atan2f.o(i.__hardfp_atan2f)
    __hardfp_sqrtf                           0x08008821   Thumb Code    58  sqrtf.o(i.__hardfp_sqrtf)
    __mathlib_flt_infnan                     0x0800885b   Thumb Code     6  funder.o(i.__mathlib_flt_infnan)
    __mathlib_flt_infnan2                    0x08008861   Thumb Code     6  funder.o(i.__mathlib_flt_infnan2)
    __mathlib_flt_invalid                    0x08008869   Thumb Code    10  funder.o(i.__mathlib_flt_invalid)
    __mathlib_flt_underflow                  0x08008879   Thumb Code    10  funder.o(i.__mathlib_flt_underflow)
    __scatterload_copy                       0x08008889   Thumb Code    14  handlers.o(i.__scatterload_copy)
    __scatterload_null                       0x08008897   Thumb Code     2  handlers.o(i.__scatterload_null)
    __scatterload_zeroinit                   0x08008899   Thumb Code    14  handlers.o(i.__scatterload_zeroinit)
    __set_errno                              0x080088a9   Thumb Code     6  errno.o(i.__set_errno)
    sqrtf                                    0x080088b5   Thumb Code    62  sqrtf.o(i.sqrtf)
    AHBPrescTable                            0x08008948   Data          16  system_stm32f4xx.o(.rodata.AHBPrescTable)
    APBPrescTable                            0x08008958   Data           8  system_stm32f4xx.o(.rodata.APBPrescTable)
    Region$$Table$$Base                      0x080089c4   Number         0  anon$$obj.o(Region$$Table)
    Region$$Table$$Limit                     0x080089e4   Number         0  anon$$obj.o(Region$$Table)
    BMI088_ACCEL_SEN                         0x20000004   Data           4  bmi088.o(.data.BMI088_ACCEL_SEN)
    BMI088_GYRO_SEN                          0x20000008   Data           4  bmi088.o(.data.BMI088_GYRO_SEN)
    Balance                                  0x2000000c   Data          96  motor.o(.data.Balance)
    SystemCoreClock                          0x2000006c   Data           4  system_stm32f4xx.o(.data.SystemCoreClock)
    accel_dma_tx_buf                         0x20000070   Data           9  instask.o(.data.accel_dma_tx_buf)
    accel_temp_dma_tx_buf                    0x20000079   Data           4  instask.o(.data.accel_temp_dma_tx_buf)
    gyro_dma_tx_buf                          0x2000007d   Data           8  instask.o(.data.gyro_dma_tx_buf)
    hcanTxFrame                              0x20000088   Data          32  mycan.o(.data.hcanTxFrame)
    midangle                                 0x200000a8   Data           4  chassistask.o(.data.midangle)
    twoKp                                    0x200000ac   Data           4  mahonyahrs.o(.data.twoKp)
    uwTickFreq                               0x200000b0   Data           1  stm32f4xx_hal.o(.data.uwTickFreq)
    uwTickPrio                               0x200000b4   Data           4  stm32f4xx_hal.o(.data.uwTickPrio)
    Goalline                                 0x200000c0   Data          12  chassistask.o(.bss.Goalline)
    Gyro                                     0x200000cc   Data          68  chassistask.o(.bss.Gyro)
    Gyro_Kalman                              0x20000110   Data          48  chassistask.o(.bss.Gyro_Kalman)
    INS_angle                                0x20000144   Data          12  instask.o(.bss.INS_angle)
    INS_quat                                 0x20000150   Data          16  instask.o(.bss.INS_quat)
    Imu                                      0x20000164   Data          24  instask.o(.bss.Imu)
    LLout                                    0x2000017c   Data           4  chassistask.o(.bss.LLout)
    LLspeed                                  0x20000180   Data          12  chassistask.o(.bss.LLspeed)
    LLspiral                                 0x2000018c   Data          68  chassistask.o(.bss.LLspiral)
    LRout                                    0x200001d0   Data           4  chassistask.o(.bss.LRout)
    LRspeed                                  0x200001d4   Data          12  chassistask.o(.bss.LRspeed)
    LRspiral                                 0x200001e0   Data          68  chassistask.o(.bss.LRspiral)
    Omni                                     0x20000224   Data          16  chassistask.o(.bss.Omni)
    Pos_Deadband                             0x20000234   Data           2  chassistask.o(.bss.Pos_Deadband)
    Posture_X                                0x20000238   Data          68  chassistask.o(.bss.Posture_X)
    Posture_Y                                0x2000027c   Data          68  chassistask.o(.bss.Posture_Y)
    Presentline                              0x200002c0   Data          12  myusart.o(.bss.Presentline)
    RLout                                    0x200002cc   Data           4  chassistask.o(.bss.RLout)
    RLspeed                                  0x200002d0   Data          12  chassistask.o(.bss.RLspeed)
    RLspiral                                 0x200002dc   Data          68  chassistask.o(.bss.RLspiral)
    RRout                                    0x20000320   Data           4  chassistask.o(.bss.RRout)
    RRspeed                                  0x20000324   Data          12  chassistask.o(.bss.RRspeed)
    RRspiral                                 0x20000330   Data          68  chassistask.o(.bss.RRspiral)
    SBUS_rx_buf                              0x20000374   Data          72  myusart.o(.bss.SBUS_rx_buf)
    Speed                                    0x200003bc   Data          68  chassistask.o(.bss.Speed)
    Turn                                     0x20000400   Data          68  chassistask.o(.bss.Turn)
    UART1_RX_BUF                             0x20000444   Data          28  myusart.o(.bss.UART1_RX_BUF)
    UART6_TX_BUF                             0x20000460   Data           6  myusart.o(.bss.UART6_TX_BUF)
    Upout                                    0x20000480   Data           4  chassistask.o(.bss.Upout)
    Upright                                  0x20000484   Data          68  chassistask.o(.bss.Upright)
    accel_dma_rx_buf                         0x200004c8   Data           9  instask.o(.bss.accel_dma_rx_buf)
    accel_temp_dma_rx_buf                    0x200004d1   Data           4  instask.o(.bss.accel_temp_dma_rx_buf)
    accel_temp_update_flag                   0x200004d5   Data           1  instask.o(.bss.accel_temp_update_flag)
    accel_update_flag                        0x200004d6   Data           1  instask.o(.bss.accel_update_flag)
    bmi088_real_data                         0x200004d8   Data          36  instask.o(.bss.bmi088_real_data)
    gyro                                     0x20000520   Data           4  chassistask.o(.bss.gyro)
    gyro_dma_rx_buf                          0x20000524   Data           8  instask.o(.bss.gyro_dma_rx_buf)
    gyro_update_flag                         0x2000052c   Data           1  instask.o(.bss.gyro_update_flag)
    haltick                                  0x20000530   Data           4  haltick.o(.bss.haltick)
    hcan1                                    0x20000534   Data          40  can.o(.bss.hcan1)
    hcanRxFrame                              0x2000055c   Data          36  mycan.o(.bss.hcanRxFrame)
    hdma_spi1_rx                             0x20000580   Data          96  spi.o(.bss.hdma_spi1_rx)
    hdma_spi1_tx                             0x200005e0   Data          96  spi.o(.bss.hdma_spi1_tx)
    hdma_usart1_rx                           0x20000640   Data          96  usart.o(.bss.hdma_usart1_rx)
    hdma_usart1_tx                           0x200006a0   Data          96  usart.o(.bss.hdma_usart1_tx)
    hdma_usart3_rx                           0x20000700   Data          96  usart.o(.bss.hdma_usart3_rx)
    hdma_usart6_tx                           0x20000760   Data          96  usart.o(.bss.hdma_usart6_tx)
    hspi1                                    0x200007c0   Data          88  spi.o(.bss.hspi1)
    htim1                                    0x20000818   Data          72  tim.o(.bss.htim1)
    htim10                                   0x20000860   Data          72  tim.o(.bss.htim10)
    htim2                                    0x200008a8   Data          72  stm32f4xx_hal_timebase_tim.o(.bss.htim2)
    htim8                                    0x200008f0   Data          72  tim.o(.bss.htim8)
    huart1                                   0x20000938   Data          68  usart.o(.bss.huart1)
    huart3                                   0x2000097c   Data          68  usart.o(.bss.huart3)
    huart6                                   0x200009c0   Data          68  usart.o(.bss.huart6)
    imu_start_dma_flag                       0x20000a04   Data           1  instask.o(.bss.imu_start_dma_flag)
    integralFBx                              0x20000a34   Data           4  mahonyahrs.o(.bss.integralFBx)
    integralFBy                              0x20000a38   Data           4  mahonyahrs.o(.bss.integralFBy)
    integralFBz                              0x20000a3c   Data           4  mahonyahrs.o(.bss.integralFBz)
    ist8310_real_data                        0x20000a40   Data          16  instask.o(.bss.ist8310_real_data)
    mag_update_flag                          0x20000a50   Data           1  instask.o(.bss.mag_update_flag)
    myChassisTaskHandle                      0x20000a54   Data           4  freertos.o(.bss.myChassisTaskHandle)
    myInsTaskHandle                          0x20000a58   Data           4  freertos.o(.bss.myInsTaskHandle)
    mySerialTaskHandle                       0x20000a5c   Data           4  freertos.o(.bss.mySerialTaskHandle)
    pxCurrentTCB                             0x20000a60   Data           4  tasks.o(.bss.pxCurrentTCB)
    rc_ctrl                                  0x20000afc   Data          22  myusart.o(.bss.rc_ctrl)
    speed                                    0x20000b14   Data           4  chassistask.o(.bss.speed)
    speedout                                 0x20000b18   Data           4  chassistask.o(.bss.speedout)
    target                                   0x20000b1c   Data          12  chassistask.o(.bss.target)
    twoKi                                    0x20000b28   Data           4  mahonyahrs.o(.bss.twoKi)
    uwTick                                   0x20004734   Data           4  stm32f4xx_hal.o(.bss.uwTick)
    __initial_sp                             0x20004e40   Data           0  startup_stm32f407xx.o(STACK)



==============================================================================

Memory Map of the image

  Image Entry point : 0x08000189

  Load Region LR_IROM1 (Base: 0x08000000, Size: 0x00008aa8, Max: 0x00100000, ABSOLUTE)

    Execution Region ER_IROM1 (Exec base: 0x08000000, Load base: 0x08000000, Size: 0x000089e4, Max: 0x00100000, ABSOLUTE)

    Exec Addr    Load Addr    Size         Type   Attr      Idx    E Section Name        Object

    0x08000000   0x08000000   0x00000188   Data   RO          386    RESET               startup_stm32f407xx.o
    0x08000188   0x08000188   0x00000000   Code   RO         2198  * .ARM.Collect$$$$00000000  mc_w.l(entry.o)
    0x08000188   0x08000188   0x00000004   Code   RO         2241    .ARM.Collect$$$$00000001  mc_w.l(entry2.o)
    0x0800018c   0x0800018c   0x00000004   Code   RO         2244    .ARM.Collect$$$$00000004  mc_w.l(entry5.o)
    0x08000190   0x08000190   0x00000000   Code   RO         2246    .ARM.Collect$$$$00000008  mc_w.l(entry7b.o)
    0x08000190   0x08000190   0x00000000   Code   RO         2248    .ARM.Collect$$$$0000000A  mc_w.l(entry8b.o)
    0x08000190   0x08000190   0x00000008   Code   RO         2249    .ARM.Collect$$$$0000000B  mc_w.l(entry9a.o)
    0x08000198   0x08000198   0x00000000   Code   RO         2251    .ARM.Collect$$$$0000000D  mc_w.l(entry10a.o)
    0x08000198   0x08000198   0x00000000   Code   RO         2253    .ARM.Collect$$$$0000000F  mc_w.l(entry11a.o)
    0x08000198   0x08000198   0x00000004   Code   RO         2242    .ARM.Collect$$$$00002712  mc_w.l(entry2.o)
    0x0800019c   0x0800019c   0x00000024   Code   RO          387    .text               startup_stm32f407xx.o
    0x080001c0   0x080001c0   0x00000062   Code   RO         2201    .text               mc_w.l(uldiv.o)
    0x08000222   0x08000222   0x00000024   Code   RO         2203    .text               mc_w.l(memcpya.o)
    0x08000246   0x08000246   0x00000024   Code   RO         2205    .text               mc_w.l(memseta.o)
    0x0800026a   0x0800026a   0x0000000e   Code   RO         2207    .text               mc_w.l(strlen.o)
    0x08000278   0x08000278   0x0000001e   Code   RO         2255    .text               mc_w.l(llshl.o)
    0x08000296   0x08000296   0x00000020   Code   RO         2257    .text               mc_w.l(llushr.o)
    0x080002b6   0x080002b6   0x00000000   Code   RO         2266    .text               mc_w.l(iusefp.o)
    0x080002b6   0x080002b6   0x00000002   PAD
    0x080002b8   0x080002b8   0x00000024   Code   RO         2269    .text               mc_w.l(init.o)
    0x080002dc   0x080002dc   0x00000074   Code   RO          118    .text.BMI088_accel_read_over  bmi088.o
    0x08000350   0x08000350   0x0000004e   Code   RO          120    .text.BMI088_gyro_read_over  bmi088.o
    0x0800039e   0x0800039e   0x00000024   Code   RO          100    .text.BMI088_init   bmi088.o
    0x080003c2   0x080003c2   0x00000176   Code   RO          122    .text.BMI088_read   bmi088.o
    0x08000538   0x08000538   0x00000034   Code   RO          110    .text.BMI088_read_muli_reg  bmi088.o
    0x0800056c   0x0800056c   0x0000003a   Code   RO          116    .text.BMI088_temperature_read_over  bmi088.o
    0x080005a6   0x080005a6   0x00000002   PAD
    0x080005a8   0x080005a8   0x00000002   Code   RO          546    .text.BusFault_Handler  stm32f4xx_it.o
    0x080005aa   0x080005aa   0x0000000c   Code   RO          558    .text.CAN1_RX0_IRQHandler  stm32f4xx_it.o
    0x080005b6   0x080005b6   0x0000000c   Code   RO          556    .text.CAN1_TX_IRQHandler  stm32f4xx_it.o
    0x080005c2   0x080005c2   0x0000003c   Code   RO          203    .text.CAN1_rxDataHandler  mycan.o
    0x080005fe   0x080005fe   0x00000048   Code   RO          199    .text.CAN_Init      mycan.o
    0x08000646   0x08000646   0x00000002   PAD
    0x08000648   0x08000648   0x000007ee   Code   RO            2    .text.ChassisTask   chassistask.o
    0x08000e36   0x08000e36   0x0000000c   Code   RO          554    .text.DMA1_Stream1_IRQHandler  stm32f4xx_it.o
    0x08000e42   0x08000e42   0x00000016   Code   RO          570    .text.DMA2_Stream2_IRQHandler  stm32f4xx_it.o
    0x08000e58   0x08000e58   0x0000000c   Code   RO          572    .text.DMA2_Stream3_IRQHandler  stm32f4xx_it.o
    0x08000e64   0x08000e64   0x0000000c   Code   RO          574    .text.DMA2_Stream5_IRQHandler  stm32f4xx_it.o
    0x08000e70   0x08000e70   0x0000000c   Code   RO          576    .text.DMA2_Stream6_IRQHandler  stm32f4xx_it.o
    0x08000e7c   0x08000e7c   0x0000000c   Code   RO          578    .text.DMA2_Stream7_IRQHandler  stm32f4xx_it.o
    0x08000e88   0x08000e88   0x00000002   Code   RO          550    .text.DebugMon_Handler  stm32f4xx_it.o
    0x08000e8a   0x08000e8a   0x00000006   Code   RO          552    .text.EXTI4_IRQHandler  stm32f4xx_it.o
    0x08000e90   0x08000e90   0x00000006   Code   RO          560    .text.EXTI9_5_IRQHandler  stm32f4xx_it.o
    0x08000e96   0x08000e96   0x00000002   PAD
    0x08000e98   0x08000e98   0x0000000a   Code   RO          398    .text.Error_Handler  main.o
    0x08000ea2   0x08000ea2   0x00000026   Code   RO          647    .text.HAL_CAN_ActivateNotification  stm32f4xx_hal_can.o
    0x08000ec8   0x08000ec8   0x000000a4   Code   RO          633    .text.HAL_CAN_AddTxMessage  stm32f4xx_hal_can.o
    0x08000f6c   0x08000f6c   0x000000de   Code   RO          623    .text.HAL_CAN_ConfigFilter  stm32f4xx_hal_can.o
    0x0800104a   0x0800104a   0x00000002   Code   RO          677    .text.HAL_CAN_ErrorCallback  stm32f4xx_hal_can.o
    0x0800104c   0x0800104c   0x0000010c   Code   RO          643    .text.HAL_CAN_GetRxMessage  stm32f4xx_hal_can.o
    0x08001158   0x08001158   0x00000200   Code   RO          651    .text.HAL_CAN_IRQHandler  stm32f4xx_hal_can.o
    0x08001358   0x08001358   0x000000f0   Code   RO          613    .text.HAL_CAN_Init  stm32f4xx_hal_can.o
    0x08001448   0x08001448   0x00000082   Code   RO          449    .text.HAL_CAN_MspInit  can.o
    0x080014ca   0x080014ca   0x00000002   Code   RO          665    .text.HAL_CAN_RxFifo0FullCallback  stm32f4xx_hal_can.o
    0x080014cc   0x080014cc   0x00000034   Code   RO          205    .text.HAL_CAN_RxFifo0MsgPendingCallback  mycan.o
    0x08001500   0x08001500   0x00000002   Code   RO          669    .text.HAL_CAN_RxFifo1FullCallback  stm32f4xx_hal_can.o
    0x08001502   0x08001502   0x00000002   Code   RO          671    .text.HAL_CAN_RxFifo1MsgPendingCallback  stm32f4xx_hal_can.o
    0x08001504   0x08001504   0x00000002   Code   RO          673    .text.HAL_CAN_SleepCallback  stm32f4xx_hal_can.o
    0x08001506   0x08001506   0x00000002   PAD
    0x08001508   0x08001508   0x00000058   Code   RO          625    .text.HAL_CAN_Start  stm32f4xx_hal_can.o
    0x08001560   0x08001560   0x00000002   Code   RO          655    .text.HAL_CAN_TxMailbox0AbortCallback  stm32f4xx_hal_can.o
    0x08001562   0x08001562   0x00000002   Code   RO          653    .text.HAL_CAN_TxMailbox0CompleteCallback  stm32f4xx_hal_can.o
    0x08001564   0x08001564   0x00000002   Code   RO          659    .text.HAL_CAN_TxMailbox1AbortCallback  stm32f4xx_hal_can.o
    0x08001566   0x08001566   0x00000002   Code   RO          657    .text.HAL_CAN_TxMailbox1CompleteCallback  stm32f4xx_hal_can.o
    0x08001568   0x08001568   0x00000002   Code   RO          663    .text.HAL_CAN_TxMailbox2AbortCallback  stm32f4xx_hal_can.o
    0x0800156a   0x0800156a   0x00000002   Code   RO          661    .text.HAL_CAN_TxMailbox2CompleteCallback  stm32f4xx_hal_can.o
    0x0800156c   0x0800156c   0x00000002   Code   RO          675    .text.HAL_CAN_WakeUpFromRxMsgCallback  stm32f4xx_hal_can.o
    0x0800156e   0x0800156e   0x00000002   PAD
    0x08001570   0x08001570   0x00000082   Code   RO          851    .text.HAL_DMA_Abort  stm32f4xx_hal_dma.o
    0x080015f2   0x080015f2   0x00000024   Code   RO          853    .text.HAL_DMA_Abort_IT  stm32f4xx_hal_dma.o
    0x08001616   0x08001616   0x00000002   PAD
    0x08001618   0x08001618   0x00000186   Code   RO          857    .text.HAL_DMA_IRQHandler  stm32f4xx_hal_dma.o
    0x0800179e   0x0800179e   0x00000002   PAD
    0x080017a0   0x080017a0   0x00000148   Code   RO          843    .text.HAL_DMA_Init  stm32f4xx_hal_dma.o
    0x080018e8   0x080018e8   0x0000009c   Code   RO          849    .text.HAL_DMA_Start_IT  stm32f4xx_hal_dma.o
    0x08001984   0x08001984   0x000000d2   Code   RO           56    .text.HAL_GPIO_EXTI_Callback  instask.o
    0x08001a56   0x08001a56   0x00000016   Code   RO          817    .text.HAL_GPIO_EXTI_IRQHandler  stm32f4xx_hal_gpio.o
    0x08001a6c   0x08001a6c   0x000001b8   Code   RO          805    .text.HAL_GPIO_Init  stm32f4xx_hal_gpio.o
    0x08001c24   0x08001c24   0x0000000a   Code   RO          811    .text.HAL_GPIO_WritePin  stm32f4xx_hal_gpio.o
    0x08001c2e   0x08001c2e   0x0000000c   Code   RO          996    .text.HAL_GetTick   stm32f4xx_hal.o
    0x08001c3a   0x08001c3a   0x0000001a   Code   RO          994    .text.HAL_IncTick   stm32f4xx_hal.o
    0x08001c54   0x08001c54   0x00000036   Code   RO          984    .text.HAL_Init      stm32f4xx_hal.o
    0x08001c8a   0x08001c8a   0x000000ac   Code   RO          598    .text.HAL_InitTick  stm32f4xx_hal_timebase_tim.o
    0x08001d36   0x08001d36   0x00000042   Code   RO          589    .text.HAL_MspInit   stm32f4xx_hal_msp.o
    0x08001d78   0x08001d78   0x0000001e   Code   RO          942    .text.HAL_NVIC_EnableIRQ  stm32f4xx_hal_cortex.o
    0x08001d96   0x08001d96   0x00000056   Code   RO          940    .text.HAL_NVIC_SetPriority  stm32f4xx_hal_cortex.o
    0x08001dec   0x08001dec   0x00000020   Code   RO          938    .text.HAL_NVIC_SetPriorityGrouping  stm32f4xx_hal_cortex.o
    0x08001e0c   0x08001e0c   0x0000014e   Code   RO          697    .text.HAL_RCC_ClockConfig  stm32f4xx_hal_rcc.o
    0x08001f5a   0x08001f5a   0x0000003e   Code   RO          715    .text.HAL_RCC_GetClockConfig  stm32f4xx_hal_rcc.o
    0x08001f98   0x08001f98   0x00000026   Code   RO          709    .text.HAL_RCC_GetPCLK1Freq  stm32f4xx_hal_rcc.o
    0x08001fbe   0x08001fbe   0x00000026   Code   RO          711    .text.HAL_RCC_GetPCLK2Freq  stm32f4xx_hal_rcc.o
    0x08001fe4   0x08001fe4   0x00000068   Code   RO          699    .text.HAL_RCC_GetSysClockFreq  stm32f4xx_hal_rcc.o
    0x0800204c   0x0800204c   0x0000035c   Code   RO          695    .text.HAL_RCC_OscConfig  stm32f4xx_hal_rcc.o
    0x080023a8   0x080023a8   0x00000002   Code   RO         1159    .text.HAL_SPI_ErrorCallback  stm32f4xx_hal_spi.o
    0x080023aa   0x080023aa   0x00000114   Code   RO         1155    .text.HAL_SPI_IRQHandler  stm32f4xx_hal_spi.o
    0x080024be   0x080024be   0x000000b4   Code   RO         1075    .text.HAL_SPI_Init  stm32f4xx_hal_spi.o
    0x08002572   0x08002572   0x00000124   Code   RO          473    .text.HAL_SPI_MspInit  spi.o
    0x08002696   0x08002696   0x00000002   PAD
    0x08002698   0x08002698   0x000001da   Code   RO         1089    .text.HAL_SPI_TransmitReceive  stm32f4xx_hal_spi.o
    0x08002872   0x08002872   0x00000002   Code   RO         1504    .text.HAL_TIMEx_BreakCallback  stm32f4xx_hal_tim_ex.o
    0x08002874   0x08002874   0x00000002   Code   RO         1500    .text.HAL_TIMEx_CommutCallback  stm32f4xx_hal_tim_ex.o
    0x08002876   0x08002876   0x0000004c   Code   RO         1496    .text.HAL_TIMEx_ConfigBreakDeadTime  stm32f4xx_hal_tim_ex.o
    0x080028c2   0x080028c2   0x000000ae   Code   RO         1494    .text.HAL_TIMEx_MasterConfigSynchronization  stm32f4xx_hal_tim_ex.o
    0x08002970   0x08002970   0x00000058   Code   RO         1193    .text.HAL_TIM_Base_Init  stm32f4xx_hal_tim.o
    0x080029c8   0x080029c8   0x00000032   Code   RO          498    .text.HAL_TIM_Base_MspInit  tim.o
    0x080029fa   0x080029fa   0x00000098   Code   RO         1203    .text.HAL_TIM_Base_Start  stm32f4xx_hal_tim.o
    0x08002a92   0x08002a92   0x000000a0   Code   RO         1207    .text.HAL_TIM_Base_Start_IT  stm32f4xx_hal_tim.o
    0x08002b32   0x08002b32   0x00000002   Code   RO         1329    .text.HAL_TIM_IC_CaptureCallback  stm32f4xx_hal_tim.o
    0x08002b34   0x08002b34   0x0000016a   Code   RO         1327    .text.HAL_TIM_IRQHandler  stm32f4xx_hal_tim.o
    0x08002c9e   0x08002c9e   0x000000da   Code   RO          490    .text.HAL_TIM_MspPostInit  tim.o
    0x08002d78   0x08002d78   0x00000002   Code   RO         1331    .text.HAL_TIM_OC_DelayElapsedCallback  stm32f4xx_hal_tim.o
    0x08002d7a   0x08002d7a   0x00000002   PAD
    0x08002d7c   0x08002d7c   0x00000098   Code   RO         1353    .text.HAL_TIM_PWM_ConfigChannel  stm32f4xx_hal_tim.o
    0x08002e14   0x08002e14   0x00000058   Code   RO         1247    .text.HAL_TIM_PWM_Init  stm32f4xx_hal_tim.o
    0x08002e6c   0x08002e6c   0x0000005c   Code   RO          496    .text.HAL_TIM_PWM_MspInit  tim.o
    0x08002ec8   0x08002ec8   0x00000002   Code   RO         1333    .text.HAL_TIM_PWM_PulseFinishedCallback  stm32f4xx_hal_tim.o
    0x08002eca   0x08002eca   0x00000104   Code   RO         1255    .text.HAL_TIM_PWM_Start  stm32f4xx_hal_tim.o
    0x08002fce   0x08002fce   0x0000000e   Code   RO          400    .text.HAL_TIM_PeriodElapsedCallback  main.o
    0x08002fdc   0x08002fdc   0x00000002   Code   RO         1337    .text.HAL_TIM_TriggerCallback  stm32f4xx_hal_tim.o
    0x08002fde   0x08002fde   0x00000002   Code   RO         1606    .text.HAL_UARTEx_RxEventCallback  stm32f4xx_hal_uart.o
    0x08002fe0   0x08002fe0   0x00000002   Code   RO         1604    .text.HAL_UART_ErrorCallback  stm32f4xx_hal_uart.o
    0x08002fe2   0x08002fe2   0x00000002   PAD
    0x08002fe4   0x08002fe4   0x000002ae   Code   RO         1598    .text.HAL_UART_IRQHandler  stm32f4xx_hal_uart.o
    0x08003292   0x08003292   0x0000005c   Code   RO         1518    .text.HAL_UART_Init  stm32f4xx_hal_uart.o
    0x080032ee   0x080032ee   0x00000288   Code   RO          521    .text.HAL_UART_MspInit  usart.o
    0x08003576   0x08003576   0x00000030   Code   RO         1554    .text.HAL_UART_Receive_DMA  stm32f4xx_hal_uart.o
    0x080035a6   0x080035a6   0x00000002   Code   RO         1612    .text.HAL_UART_RxCpltCallback  stm32f4xx_hal_uart.o
    0x080035a8   0x080035a8   0x00000002   Code   RO         1614    .text.HAL_UART_RxHalfCpltCallback  stm32f4xx_hal_uart.o
    0x080035aa   0x080035aa   0x00000002   PAD
    0x080035ac   0x080035ac   0x0000009c   Code   RO         1546    .text.HAL_UART_Transmit_DMA  stm32f4xx_hal_uart.o
    0x08003648   0x08003648   0x00000002   Code   RO         1608    .text.HAL_UART_TxCpltCallback  stm32f4xx_hal_uart.o
    0x0800364a   0x0800364a   0x00000002   Code   RO         1610    .text.HAL_UART_TxHalfCpltCallback  stm32f4xx_hal_uart.o
    0x0800364c   0x0800364c   0x00000002   Code   RO          542    .text.HardFault_Handler  stm32f4xx_it.o
    0x0800364e   0x0800364e   0x00000044   Code   RO          225    .text.IIC_Ack       myiic.o
    0x08003692   0x08003692   0x00000044   Code   RO          227    .text.IIC_NAck      myiic.o
    0x080036d6   0x080036d6   0x00000002   PAD
    0x080036d8   0x080036d8   0x00000076   Code   RO          231    .text.IIC_Read_Byte  myiic.o
    0x0800374e   0x0800374e   0x00000002   PAD
    0x08003750   0x08003750   0x0000006c   Code   RO          229    .text.IIC_Send_Byte  myiic.o
    0x080037bc   0x080037bc   0x00000044   Code   RO          219    .text.IIC_Start     myiic.o
    0x08003800   0x08003800   0x00000046   Code   RO          221    .text.IIC_Stop      myiic.o
    0x08003846   0x08003846   0x00000002   PAD
    0x08003848   0x08003848   0x00000056   Code   RO          223    .text.IIC_Wait_Ack  myiic.o
    0x0800389e   0x0800389e   0x0000001c   Code   RO          298    .text.KalmanCreate  kalman.o
    0x080038ba   0x080038ba   0x0000005e   Code   RO          300    .text.KalmanFilter  kalman.o
    0x08003918   0x08003918   0x00000044   Code   RO          447    .text.MX_CAN1_Init  can.o
    0x0800395c   0x0800395c   0x0000009c   Code   RO          462    .text.MX_DMA_Init   dma.o
    0x080039f8   0x080039f8   0x000000a0   Code   RO          422    .text.MX_FREERTOS_Init  freertos.o
    0x08003a98   0x08003a98   0x0000013a   Code   RO          411    .text.MX_GPIO_Init  gpio.o
    0x08003bd2   0x08003bd2   0x0000004a   Code   RO          471    .text.MX_SPI1_Init  spi.o
    0x08003c1c   0x08003c1c   0x0000007c   Code   RO          494    .text.MX_TIM10_Init  tim.o
    0x08003c98   0x08003c98   0x000000f6   Code   RO          488    .text.MX_TIM1_Init  tim.o
    0x08003d8e   0x08003d8e   0x000000b6   Code   RO          492    .text.MX_TIM8_Init  tim.o
    0x08003e44   0x08003e44   0x00000054   Code   RO          515    .text.MX_USART1_UART_Init  usart.o
    0x08003e98   0x08003e98   0x0000003e   Code   RO          517    .text.MX_USART3_UART_Init  usart.o
    0x08003ed6   0x08003ed6   0x0000003a   Code   RO          519    .text.MX_USART6_UART_Init  usart.o
    0x08003f10   0x08003f10   0x00000450   Code   RO          314    .text.MahonyAHRSupdate  mahonyahrs.o
    0x08004360   0x08004360   0x0000029c   Code   RO          316    .text.MahonyAHRSupdateIMU  mahonyahrs.o
    0x080045fc   0x080045fc   0x00000002   Code   RO          544    .text.MemManage_Handler  stm32f4xx_it.o
    0x080045fe   0x080045fe   0x00000002   PAD
    0x08004600   0x08004600   0x00000002   Code   RO          540    .text.NMI_Handler   stm32f4xx_it.o
    0x08004602   0x08004602   0x0000000a   Code   RO          343    .text.PID_Delta_init  pid.o
    0x0800460c   0x0800460c   0x00000036   Code   RO          335    .text.PID_Init      pid.o
    0x08004642   0x08004642   0x0000000e   PAD
    0x08004650   0x08004650   0x00000064   Code   RO         2105    .text.PendSV_Handler  port.o
    0x080046b4   0x080046b4   0x000008ba   Code   RO          247    .text.SPI1_DMA_enable  myspi.o
    0x08004f6e   0x08004f6e   0x00000002   PAD
    0x08004f70   0x08004f70   0x000000f2   Code   RO          245    .text.SPI1_DMA_init  myspi.o
    0x08005062   0x08005062   0x0000000c   Code   RO          564    .text.SPI1_IRQHandler  stm32f4xx_it.o
    0x0800506e   0x0800506e   0x0000000c   Code   RO         1157    .text.SPI_DMAAbortOnError  stm32f4xx_hal_spi.o
    0x0800507a   0x0800507a   0x00000002   PAD
    0x0800507c   0x0800507c   0x00000064   Code   RO         1085    .text.SPI_EndRxTxTransaction  stm32f4xx_hal_spi.o
    0x080050e0   0x080050e0   0x0000002c   Code   RO          243    .text.SPI_ReadWriteByte  myspi.o
    0x0800510c   0x0800510c   0x000000c4   Code   RO         1183    .text.SPI_WaitFlagStateUntilTimeout  stm32f4xx_hal_spi.o
    0x080051d0   0x080051d0   0x00000024   Code   RO         2089    .text.SVC_Handler   port.o
    0x080051f4   0x080051f4   0x00000018   Code   RO           91    .text.SerialTask    serialtask.o
    0x0800520c   0x0800520c   0x000002b8   Code   RO           54    .text.StartInsTask  instask.o
    0x080054c4   0x080054c4   0x0000002e   Code   RO         2107    .text.SysTick_Handler  port.o
    0x080054f2   0x080054f2   0x00000002   PAD
    0x080054f4   0x080054f4   0x000000ae   Code   RO          396    .text.SystemClock_Config  main.o
    0x080055a2   0x080055a2   0x00000012   Code   RO         1642    .text.SystemInit    system_stm32f4xx.o
    0x080055b4   0x080055b4   0x0000000c   Code   RO          562    .text.TIM2_IRQHandler  stm32f4xx_it.o
    0x080055c0   0x080055c0   0x0000011c   Code   RO         1197    .text.TIM_Base_SetConfig  stm32f4xx_hal_tim.o
    0x080056dc   0x080056dc   0x00000064   Code   RO         1341    .text.TIM_OC1_SetConfig  stm32f4xx_hal_tim.o
    0x08005740   0x08005740   0x0000006a   Code   RO         1343    .text.TIM_OC2_SetConfig  stm32f4xx_hal_tim.o
    0x080057aa   0x080057aa   0x00000068   Code   RO         1345    .text.TIM_OC3_SetConfig  stm32f4xx_hal_tim.o
    0x08005812   0x08005812   0x0000004e   Code   RO         1347    .text.TIM_OC4_SetConfig  stm32f4xx_hal_tim.o
    0x08005860   0x08005860   0x0000000c   Code   RO         1602    .text.UART_DMAAbortOnError  stm32f4xx_hal_uart.o
    0x0800586c   0x0800586c   0x00000064   Code   RO         1552    .text.UART_DMAError  stm32f4xx_hal_uart.o
    0x080058d0   0x080058d0   0x0000007c   Code   RO         1630    .text.UART_DMAReceiveCplt  stm32f4xx_hal_uart.o
    0x0800594c   0x0800594c   0x00000014   Code   RO         1632    .text.UART_DMARxHalfCplt  stm32f4xx_hal_uart.o
    0x08005960   0x08005960   0x0000003e   Code   RO         1548    .text.UART_DMATransmitCplt  stm32f4xx_hal_uart.o
    0x0800599e   0x0800599e   0x00000006   Code   RO         1550    .text.UART_DMATxHalfCplt  stm32f4xx_hal_uart.o
    0x080059a4   0x080059a4   0x00000050   Code   RO         1564    .text.UART_EndRxTransfer  stm32f4xx_hal_uart.o
    0x080059f4   0x080059f4   0x000000c4   Code   RO         1600    .text.UART_Receive_IT  stm32f4xx_hal_uart.o
    0x08005ab8   0x08005ab8   0x000000dc   Code   RO         1522    .text.UART_SetConfig  stm32f4xx_hal_uart.o
    0x08005b94   0x08005b94   0x0000009a   Code   RO         1556    .text.UART_Start_Receive_DMA  stm32f4xx_hal_uart.o
    0x08005c2e   0x08005c2e   0x0000001a   Code   RO          566    .text.USART1_IRQHandler  stm32f4xx_it.o
    0x08005c48   0x08005c48   0x0000001a   Code   RO          568    .text.USART3_IRQHandler  stm32f4xx_it.o
    0x08005c62   0x08005c62   0x0000000c   Code   RO          580    .text.USART6_IRQHandler  stm32f4xx_it.o
    0x08005c6e   0x08005c6e   0x00000016   Code   RO          201    .text.USER_CAN_TxMessage  mycan.o
    0x08005c84   0x08005c84   0x00000432   Code   RO           60    .text.USER_DMA2_Stream2_IRQHandler  instask.o
    0x080060b6   0x080060b6   0x00000002   PAD
    0x080060b8   0x080060b8   0x00000218   Code   RO          261    .text.USER_UART_IRQHandler  myusart.o
    0x080062d0   0x080062d0   0x00000002   Code   RO          548    .text.UsageFault_Handler  stm32f4xx_it.o
    0x080062d2   0x080062d2   0x00000002   PAD
    0x080062d4   0x080062d4   0x000001ca   Code   RO          104    .text.bmi088_accel_init  bmi088.o
    0x0800649e   0x0800649e   0x00000002   PAD
    0x080064a0   0x080064a0   0x00000418   Code   RO          102    .text.bmi088_accel_self_test  bmi088.o
    0x080068b8   0x080068b8   0x00000184   Code   RO          108    .text.bmi088_gyro_init  bmi088.o
    0x08006a3c   0x08006a3c   0x00000162   Code   RO          106    .text.bmi088_gyro_self_test  bmi088.o
    0x08006b9e   0x08006b9e   0x00000002   PAD
    0x08006ba0   0x08006ba0   0x00000018   Code   RO          149    .text.delay_ms      haltick.o
    0x08006bb8   0x08006bb8   0x00000040   Code   RO          147    .text.delay_us      haltick.o
    0x08006bf8   0x08006bf8   0x000000c0   Code   RO          333    .text.f_PID_Calculate  pid.o
    0x08006cb8   0x08006cb8   0x00000084   Code   RO          341    .text.f_PID_Delta_Calc  pid.o
    0x08006d3c   0x08006d3c   0x00000022   Code   RO          339    .text.f_PID_param_init  pid.o
    0x08006d5e   0x08006d5e   0x0000001c   Code   RO          337    .text.f_PID_reset   pid.o
    0x08006d7a   0x08006d7a   0x00000002   PAD
    0x08006d7c   0x08006d7c   0x00000170   Code   RO          186    .text.get_Motor_Data  motor.o
    0x08006eec   0x08006eec   0x000000bc   Code   RO           52    .text.get_angle     instask.o
    0x08006fa8   0x08006fa8   0x00000184   Code   RO           58    .text.imu_cmd_spi_dma  instask.o
    0x0800712c   0x0800712c   0x00000056   Code   RO          162    .text.ist8310_IIC_read_muli_reg  ist8310.o
    0x08007182   0x08007182   0x00000002   PAD
    0x08007184   0x08007184   0x0000005c   Code   RO          174    .text.ist8310_read_mag  ist8310.o
    0x080071e0   0x080071e0   0x00000086   Code   RO          394    .text.main          main.o
    0x08007266   0x08007266   0x0000002a   Code   RO          257    .text.myprintf      myusart.o
    0x08007290   0x08007290   0x00000010   Code   RO         1959    .text.osDelay       cmsis_os.o
    0x080072a0   0x080072a0   0x00000010   Code   RO         2025    .text.osDelayUntil  cmsis_os.o
    0x080072b0   0x080072b0   0x0000000a   Code   RO         1941    .text.osKernelStart  cmsis_os.o
    0x080072ba   0x080072ba   0x0000000e   Code   RO         1945    .text.osKernelSysTick  cmsis_os.o
    0x080072c8   0x080072c8   0x0000005a   Code   RO         1947    .text.osThreadCreate  cmsis_os.o
    0x08007322   0x08007322   0x00000002   PAD
    0x08007324   0x08007324   0x00000026   Code   RO         1859    .text.pcTaskGetName  tasks.o
    0x0800734a   0x0800734a   0x000000a0   Code   RO         1825    .text.prvAddCurrentTaskToDelayedList  tasks.o
    0x080073ea   0x080073ea   0x00000002   PAD
    0x080073ec   0x080073ec   0x00000116   Code   RO         1813    .text.prvAddNewTaskToReadyList  tasks.o
    0x08007502   0x08007502   0x00000002   PAD
    0x08007504   0x08007504   0x00000036   Code   RO         1819    .text.prvDeleteTCB  tasks.o
    0x0800753a   0x0800753a   0x00000002   PAD
    0x0800753c   0x0800753c   0x0000006c   Code   RO         1847    .text.prvIdleTask   tasks.o
    0x080075a8   0x080075a8   0x00000088   Code   RO         1811    .text.prvInitialiseNewTask  tasks.o
    0x08007630   0x08007630   0x00000054   Code   RO         2057    .text.prvInsertBlockIntoFreeList  heap_4.o
    0x08007684   0x08007684   0x00000028   Code   RO         2097    .text.prvPortStartFirstTask  port.o
    0x080076ac   0x080076ac   0x00000054   Code   RO         1863    .text.prvSearchForNameWithinSingleList  tasks.o
    0x08007700   0x08007700   0x00000032   Code   RO         2087    .text.prvTaskExitError  port.o
    0x08007732   0x08007732   0x00000002   PAD
    0x08007734   0x08007734   0x00000194   Code   RO         2055    .text.pvPortMalloc  heap_4.o
    0x080078c8   0x080078c8   0x00000028   Code   RO         2085    .text.pxPortInitialiseStack  port.o
    0x080078f0   0x080078f0   0x0000005c   Code   RO          259    .text.remote_control_init  myusart.o
    0x0800794c   0x0800794c   0x00000024   Code   RO         1694    .text.uxListRemove  list.o
    0x08007970   0x08007970   0x0000001a   Code   RO          420    .text.vApplicationGetIdleTaskMemory  freertos.o
    0x0800798a   0x0800798a   0x00000016   Code   RO         1686    .text.vListInitialise  list.o
    0x080079a0   0x080079a0   0x00000006   Code   RO         1688    .text.vListInitialiseItem  list.o
    0x080079a6   0x080079a6   0x00000002   PAD
    0x080079a8   0x080079a8   0x0000003a   Code   RO         1692    .text.vListInsert   list.o
    0x080079e2   0x080079e2   0x0000001c   Code   RO         1690    .text.vListInsertEnd  list.o
    0x080079fe   0x080079fe   0x00000002   PAD
    0x08007a00   0x08007a00   0x00000014   Code   RO         2095    .text.vPortEnableVFP  port.o
    0x08007a14   0x08007a14   0x00000042   Code   RO         2101    .text.vPortEnterCritical  port.o
    0x08007a56   0x08007a56   0x00000002   PAD
    0x08007a58   0x08007a58   0x0000002e   Code   RO         2103    .text.vPortExitCritical  port.o
    0x08007a86   0x08007a86   0x00000002   PAD
    0x08007a88   0x08007a88   0x00000088   Code   RO         2059    .text.vPortFree     heap_4.o
    0x08007b10   0x08007b10   0x00000034   Code   RO         2093    .text.vPortSetupTimerInterrupt  port.o
    0x08007b44   0x08007b44   0x00000062   Code   RO         2109    .text.vPortValidateInterruptPriority  port.o
    0x08007ba6   0x08007ba6   0x00000002   PAD
    0x08007ba8   0x08007ba8   0x0000004e   Code   RO         1829    .text.vTaskDelay    tasks.o
    0x08007bf6   0x08007bf6   0x00000002   PAD
    0x08007bf8   0x08007bf8   0x000000a2   Code   RO         1821    .text.vTaskDelayUntil  tasks.o
    0x08007c9a   0x08007c9a   0x00000002   PAD
    0x08007c9c   0x08007c9c   0x000000da   Code   RO         1905    .text.vTaskNotifyGiveFromISR  tasks.o
    0x08007d76   0x08007d76   0x00000002   PAD
    0x08007d78   0x08007d78   0x00000080   Code   RO         1845    .text.vTaskStartScheduler  tasks.o
    0x08007df8   0x08007df8   0x00000010   Code   RO         1823    .text.vTaskSuspendAll  tasks.o
    0x08007e08   0x08007e08   0x00000082   Code   RO         1839    .text.vTaskSwitchContext  tasks.o
    0x08007e8a   0x08007e8a   0x00000002   PAD
    0x08007e8c   0x08007e8c   0x0000012a   Code   RO         2091    .text.xPortStartScheduler  port.o
    0x08007fb6   0x08007fb6   0x0000005a   Code   RO         1815    .text.xTaskCreate   tasks.o
    0x08008010   0x08008010   0x00000076   Code   RO         1809    .text.xTaskCreateStatic  tasks.o
    0x08008086   0x08008086   0x00000002   PAD
    0x08008088   0x08008088   0x000000a6   Code   RO         1861    .text.xTaskGetHandle  tasks.o
    0x0800812e   0x0800812e   0x00000024   Code   RO         1885    .text.xTaskGetSchedulerState  tasks.o
    0x08008152   0x08008152   0x0000000c   Code   RO         1853    .text.xTaskGetTickCount  tasks.o
    0x0800815e   0x0800815e   0x00000012   Code   RO         1855    .text.xTaskGetTickCountFromISR  tasks.o
    0x08008170   0x08008170   0x0000017e   Code   RO         1851    .text.xTaskIncrementTick  tasks.o
    0x080082ee   0x080082ee   0x00000002   PAD
    0x080082f0   0x080082f0   0x00000132   Code   RO         1827    .text.xTaskResumeAll  tasks.o
    0x08008422   0x08008422   0x00000026   Code   RO         2225    i.__ARM_fpclassifyf  m_wm.l(fpclassifyf.o)
    0x08008448   0x08008448   0x0000012c   Code   RO         2180    i.__hardfp_asinf    m_wm.l(asinf.o)
    0x08008574   0x08008574   0x000002ac   Code   RO         2186    i.__hardfp_atan2f   m_wm.l(atan2f.o)
    0x08008820   0x08008820   0x0000003a   Code   RO         2192    i.__hardfp_sqrtf    m_wm.l(sqrtf.o)
    0x0800885a   0x0800885a   0x00000006   Code   RO         2228    i.__mathlib_flt_infnan  m_wm.l(funder.o)
    0x08008860   0x08008860   0x00000006   Code   RO         2229    i.__mathlib_flt_infnan2  m_wm.l(funder.o)
    0x08008866   0x08008866   0x00000002   PAD
    0x08008868   0x08008868   0x00000010   Code   RO         2230    i.__mathlib_flt_invalid  m_wm.l(funder.o)
    0x08008878   0x08008878   0x00000010   Code   RO         2233    i.__mathlib_flt_underflow  m_wm.l(funder.o)
    0x08008888   0x08008888   0x0000000e   Code   RO         2273    i.__scatterload_copy  mc_w.l(handlers.o)
    0x08008896   0x08008896   0x00000002   Code   RO         2274    i.__scatterload_null  mc_w.l(handlers.o)
    0x08008898   0x08008898   0x0000000e   Code   RO         2275    i.__scatterload_zeroinit  mc_w.l(handlers.o)
    0x080088a6   0x080088a6   0x00000002   PAD
    0x080088a8   0x080088a8   0x0000000c   Code   RO         2261    i.__set_errno       mc_w.l(errno.o)
    0x080088b4   0x080088b4   0x0000003e   Code   RO         2194    i.sqrtf             m_wm.l(sqrtf.o)
    0x080088f2   0x080088f2   0x00000002   PAD
    0x080088f4   0x080088f4   0x0000001c   Data   RO          435    .rodata..L__const.MX_FREERTOS_Init.os_thread_def_myChassisTask  freertos.o
    0x08008910   0x08008910   0x0000001c   Data   RO          433    .rodata..L__const.MX_FREERTOS_Init.os_thread_def_myInsTask  freertos.o
    0x0800892c   0x0800892c   0x0000001c   Data   RO          437    .rodata..L__const.MX_FREERTOS_Init.os_thread_def_mySerialTask  freertos.o
    0x08008948   0x08008948   0x00000010   Data   RO         1647    .rodata.AHBPrescTable  system_stm32f4xx.o
    0x08008958   0x08008958   0x00000008   Data   RO         1648    .rodata.APBPrescTable  system_stm32f4xx.o
    0x08008960   0x08008960   0x00000012   Data   RO          136    .rodata.bmi088_accel_self_test.write_BMI088_ACCEL_self_test_Reg_Data_Error  bmi088.o
    0x08008972   0x08008972   0x00000008   Data   RO          867    .rodata.cst8        stm32f4xx_hal_dma.o
    0x0800897a   0x0800897a   0x00000025   Data   RO          432    .rodata.str1.1      freertos.o
    0x0800899f   0x0800899f   0x00000012   Data   RO          134    .rodata.write_BMI088_accel_reg_data_error  bmi088.o
    0x080089b1   0x080089b1   0x00000012   Data   RO          135    .rodata.write_BMI088_gyro_reg_data_error  bmi088.o
    0x080089c3   0x080089c3   0x00000001   PAD
    0x080089c4   0x080089c4   0x00000020   Data   RO         2272    Region$$Table       anon$$obj.o


    Execution Region RW_IRAM1 (Exec base: 0x20000000, Load base: 0x080089e8, Size: 0x00004e40, Max: 0x0001c000, ABSOLUTE)

    Exec Addr    Load Addr    Size         Type   Attr      Idx    E Section Name        Object

    0x20000000   0x080089e8   0x00000004   Data   RW         2262    .data               mc_w.l(errno.o)
    0x20000004   0x080089ec   0x00000004   Data   RW          132    .data.BMI088_ACCEL_SEN  bmi088.o
    0x20000008   0x080089f0   0x00000004   Data   RW          133    .data.BMI088_GYRO_SEN  bmi088.o
    0x2000000c   0x080089f4   0x00000060   Data   RW          188    .data.Balance       motor.o
    0x2000006c   0x08008a54   0x00000004   Data   RW         1646    .data.SystemCoreClock  system_stm32f4xx.o
    0x20000070   0x08008a58   0x00000009   Data   RW           63    .data.accel_dma_tx_buf  instask.o
    0x20000079   0x08008a61   0x00000004   Data   RW           64    .data.accel_temp_dma_tx_buf  instask.o
    0x2000007d   0x08008a65   0x00000008   Data   RW           62    .data.gyro_dma_tx_buf  instask.o
    0x20000085   0x08008a6d   0x00000003   PAD
    0x20000088   0x08008a70   0x00000020   Data   RW          207    .data.hcanTxFrame   mycan.o
    0x200000a8   0x08008a90   0x00000004   Data   RW            5    .data.midangle      chassistask.o
    0x200000ac   0x08008a94   0x00000004   Data   RW          320    .data.twoKp         mahonyahrs.o
    0x200000b0   0x08008a98   0x00000001   Data   RW         1039    .data.uwTickFreq    stm32f4xx_hal.o
    0x200000b1   0x08008a99   0x00000003   PAD
    0x200000b4   0x08008a9c   0x00000004   Data   RW         1038    .data.uwTickPrio    stm32f4xx_hal.o
    0x200000b8   0x08008aa0   0x00000004   Data   RW         2113    .data.uxCriticalNesting  port.o
    0x200000bc   0x08008aa4   0x00000004   PAD
    0x200000c0        -       0x0000000c   Zero   RW           26    .bss.Goalline       chassistask.o
    0x200000cc        -       0x00000044   Zero   RW           16    .bss.Gyro           chassistask.o
    0x20000110        -       0x00000030   Zero   RW           21    .bss.Gyro_Kalman    chassistask.o
    0x20000140        -       0x00000004   Zero   RW           80    .bss.HAL_GPIO_EXTI_Callback.xHigherPriorityTaskWoken  instask.o
    0x20000144        -       0x0000000c   Zero   RW           71    .bss.INS_angle      instask.o
    0x20000150        -       0x00000010   Zero   RW           70    .bss.INS_quat       instask.o
    0x20000160        -       0x00000004   Zero   RW           76    .bss.INS_task_local_handler  instask.o
    0x20000164        -       0x00000018   Zero   RW           79    .bss.Imu            instask.o
    0x2000017c        -       0x00000004   Zero   RW           30    .bss.LLout          chassistask.o
    0x20000180        -       0x0000000c   Zero   RW           22    .bss.LLspeed        chassistask.o
    0x2000018c        -       0x00000044   Zero   RW           17    .bss.LLspiral       chassistask.o
    0x200001d0        -       0x00000004   Zero   RW           31    .bss.LRout          chassistask.o
    0x200001d4        -       0x0000000c   Zero   RW           23    .bss.LRspeed        chassistask.o
    0x200001e0        -       0x00000044   Zero   RW           18    .bss.LRspiral       chassistask.o
    0x20000224        -       0x00000010   Zero   RW            9    .bss.Omni           chassistask.o
    0x20000234        -       0x00000002   Zero   RW           10    .bss.Pos_Deadband   chassistask.o
    0x20000236   0x08008aa4   0x00000002   PAD
    0x20000238        -       0x00000044   Zero   RW           12    .bss.Posture_X      chassistask.o
    0x2000027c        -       0x00000044   Zero   RW           13    .bss.Posture_Y      chassistask.o
    0x200002c0        -       0x0000000c   Zero   RW          267    .bss.Presentline    myusart.o
    0x200002cc        -       0x00000004   Zero   RW           33    .bss.RLout          chassistask.o
    0x200002d0        -       0x0000000c   Zero   RW           25    .bss.RLspeed        chassistask.o
    0x200002dc        -       0x00000044   Zero   RW           19    .bss.RLspiral       chassistask.o
    0x20000320        -       0x00000004   Zero   RW           32    .bss.RRout          chassistask.o
    0x20000324        -       0x0000000c   Zero   RW           24    .bss.RRspeed        chassistask.o
    0x20000330        -       0x00000044   Zero   RW           20    .bss.RRspiral       chassistask.o
    0x20000374        -       0x00000048   Zero   RW          265    .bss.SBUS_rx_buf    myusart.o
    0x200003bc        -       0x00000044   Zero   RW           11    .bss.Speed          chassistask.o
    0x20000400        -       0x00000044   Zero   RW           14    .bss.Turn           chassistask.o
    0x20000444        -       0x0000001c   Zero   RW          264    .bss.UART1_RX_BUF   myusart.o
    0x20000460        -       0x00000006   Zero   RW          263    .bss.UART6_TX_BUF   myusart.o
    0x20000466   0x08008aa4   0x00000002   PAD
    0x20000468        -       0x00000018   Zero   RW          268    .bss.USAR_UART1_IDLECallback.posture  myusart.o
    0x20000480        -       0x00000004   Zero   RW           29    .bss.Upout          chassistask.o
    0x20000484        -       0x00000044   Zero   RW           15    .bss.Upright        chassistask.o
    0x200004c8        -       0x00000009   Zero   RW           77    .bss.accel_dma_rx_buf  instask.o
    0x200004d1        -       0x00000004   Zero   RW           78    .bss.accel_temp_dma_rx_buf  instask.o
    0x200004d5        -       0x00000001   Zero   RW           67    .bss.accel_temp_update_flag  instask.o
    0x200004d6        -       0x00000001   Zero   RW           66    .bss.accel_update_flag  instask.o
    0x200004d7   0x08008aa4   0x00000001   PAD
    0x200004d8        -       0x00000024   Zero   RW           72    .bss.bmi088_real_data  instask.o
    0x200004fc        -       0x00000010   Zero   RW          189    .bss.encoder2Angle.angle_Last  motor.o
    0x2000050c        -       0x00000010   Zero   RW          190    .bss.encoder2Angle.result_Encoder  motor.o
    0x2000051c        -       0x00000001   Zero   RW           82    .bss.first_temperate  instask.o
    0x2000051d   0x08008aa4   0x00000003   PAD
    0x20000520        -       0x00000004   Zero   RW            7    .bss.gyro           chassistask.o
    0x20000524        -       0x00000008   Zero   RW           75    .bss.gyro_dma_rx_buf  instask.o
    0x2000052c        -       0x00000001   Zero   RW           65    .bss.gyro_update_flag  instask.o
    0x2000052d   0x08008aa4   0x00000003   PAD
    0x20000530        -       0x00000004   Zero   RW          151    .bss.haltick        haltick.o
    0x20000534        -       0x00000028   Zero   RW          453    .bss.hcan1          can.o
    0x2000055c        -       0x00000024   Zero   RW          208    .bss.hcanRxFrame    mycan.o
    0x20000580        -       0x00000060   Zero   RW          478    .bss.hdma_spi1_rx   spi.o
    0x200005e0        -       0x00000060   Zero   RW          479    .bss.hdma_spi1_tx   spi.o
    0x20000640        -       0x00000060   Zero   RW          529    .bss.hdma_usart1_rx  usart.o
    0x200006a0        -       0x00000060   Zero   RW          528    .bss.hdma_usart1_tx  usart.o
    0x20000700        -       0x00000060   Zero   RW          530    .bss.hdma_usart3_rx  usart.o
    0x20000760        -       0x00000060   Zero   RW          531    .bss.hdma_usart6_tx  usart.o
    0x200007c0        -       0x00000058   Zero   RW          477    .bss.hspi1          spi.o
    0x20000818        -       0x00000048   Zero   RW          504    .bss.htim1          tim.o
    0x20000860        -       0x00000048   Zero   RW          506    .bss.htim10         tim.o
    0x200008a8        -       0x00000048   Zero   RW          604    .bss.htim2          stm32f4xx_hal_timebase_tim.o
    0x200008f0        -       0x00000048   Zero   RW          505    .bss.htim8          tim.o
    0x20000938        -       0x00000044   Zero   RW          525    .bss.huart1         usart.o
    0x2000097c        -       0x00000044   Zero   RW          526    .bss.huart3         usart.o
    0x200009c0        -       0x00000044   Zero   RW          527    .bss.huart6         usart.o
    0x20000a04        -       0x00000001   Zero   RW           69    .bss.imu_start_dma_flag  instask.o
    0x20000a05        -       0x00000001   Zero   RW           81    .bss.imu_temp_control.temp_constant_time  instask.o
    0x20000a06   0x08008aa4   0x00000002   PAD
    0x20000a08        -       0x0000002c   Zero   RW           73    .bss.imu_temp_pid   instask.o
    0x20000a34        -       0x00000004   Zero   RW          322    .bss.integralFBx    mahonyahrs.o
    0x20000a38        -       0x00000004   Zero   RW          323    .bss.integralFBy    mahonyahrs.o
    0x20000a3c        -       0x00000004   Zero   RW          324    .bss.integralFBz    mahonyahrs.o
    0x20000a40        -       0x00000010   Zero   RW           74    .bss.ist8310_real_data  instask.o
    0x20000a50        -       0x00000001   Zero   RW           68    .bss.mag_update_flag  instask.o
    0x20000a51   0x08008aa4   0x00000003   PAD
    0x20000a54        -       0x00000004   Zero   RW          436    .bss.myChassisTaskHandle  freertos.o
    0x20000a58        -       0x00000004   Zero   RW          434    .bss.myInsTaskHandle  freertos.o
    0x20000a5c        -       0x00000004   Zero   RW          438    .bss.mySerialTaskHandle  freertos.o
    0x20000a60        -       0x00000004   Zero   RW         1911    .bss.pxCurrentTCB   tasks.o
    0x20000a64        -       0x00000004   Zero   RW         1927    .bss.pxDelayedTaskList  tasks.o
    0x20000a68        -       0x00000004   Zero   RW         2069    .bss.pxEnd          heap_4.o
    0x20000a6c        -       0x00000004   Zero   RW         1928    .bss.pxOverflowDelayedTaskList  tasks.o
    0x20000a70        -       0x0000008c   Zero   RW         1912    .bss.pxReadyTasksLists  tasks.o
    0x20000afc        -       0x00000016   Zero   RW          266    .bss.rc_ctrl        myusart.o
    0x20000b12   0x08008aa4   0x00000002   PAD
    0x20000b14        -       0x00000004   Zero   RW            6    .bss.speed          chassistask.o
    0x20000b18        -       0x00000004   Zero   RW           28    .bss.speedout       chassistask.o
    0x20000b1c        -       0x0000000c   Zero   RW           27    .bss.target         chassistask.o
    0x20000b28        -       0x00000004   Zero   RW          321    .bss.twoKi          mahonyahrs.o
    0x20000b2c        -       0x00003c00   Zero   RW         2076    .bss.ucHeap         heap_4.o
    0x2000472c        -       0x00000001   Zero   RW         2111    .bss.ucMaxSysCallPriority  port.o
    0x2000472d   0x08008aa4   0x00000003   PAD
    0x20004730        -       0x00000004   Zero   RW         2112    .bss.ulMaxPRIGROUPValue  port.o
    0x20004734        -       0x00000004   Zero   RW         1040    .bss.uwTick         stm32f4xx_hal.o
    0x20004738        -       0x00000004   Zero   RW         1917    .bss.uxCurrentNumberOfTasks  tasks.o
    0x2000473c        -       0x00000004   Zero   RW         1916    .bss.uxDeletedTasksWaitingCleanUp  tasks.o
    0x20004740        -       0x00000004   Zero   RW         1919    .bss.uxSchedulerSuspended  tasks.o
    0x20004744        -       0x00000004   Zero   RW         1914    .bss.uxTaskNumber   tasks.o
    0x20004748        -       0x00000004   Zero   RW         1913    .bss.uxTopReadyPriority  tasks.o
    0x2000474c        -       0x00000001   Zero   RW         2070    .bss.xBlockAllocatedBit  heap_4.o
    0x2000474d   0x08008aa4   0x00000003   PAD
    0x20004750        -       0x00000014   Zero   RW         1930    .bss.xDelayedTaskList1  tasks.o
    0x20004764        -       0x00000014   Zero   RW         1931    .bss.xDelayedTaskList2  tasks.o
    0x20004778        -       0x00000004   Zero   RW         2071    .bss.xFreeBytesRemaining  heap_4.o
    0x2000477c        -       0x00000200   Zero   RW          431    .bss.xIdleStack     freertos.o
    0x2000497c        -       0x00000004   Zero   RW         1923    .bss.xIdleTaskHandle  tasks.o
    0x20004980        -       0x00000054   Zero   RW          430    .bss.xIdleTaskTCBBuffer  freertos.o
    0x200049d4        -       0x00000004   Zero   RW         2073    .bss.xMinimumEverFreeBytesRemaining  heap_4.o
    0x200049d8        -       0x00000004   Zero   RW         1924    .bss.xNextTaskUnblockTime  tasks.o
    0x200049dc        -       0x00000004   Zero   RW         1929    .bss.xNumOfOverflows  tasks.o
    0x200049e0        -       0x00000004   Zero   RW         2074    .bss.xNumberOfSuccessfulAllocations  heap_4.o
    0x200049e4        -       0x00000004   Zero   RW         2075    .bss.xNumberOfSuccessfulFrees  heap_4.o
    0x200049e8        -       0x00000004   Zero   RW         1926    .bss.xPendedTicks   tasks.o
    0x200049ec        -       0x00000014   Zero   RW         1922    .bss.xPendingReadyList  tasks.o
    0x20004a00        -       0x00000004   Zero   RW         1918    .bss.xSchedulerRunning  tasks.o
    0x20004a04        -       0x00000008   Zero   RW         2072    .bss.xStart         heap_4.o
    0x20004a0c        -       0x00000014   Zero   RW         1921    .bss.xSuspendedTaskList  tasks.o
    0x20004a20        -       0x00000014   Zero   RW         1915    .bss.xTasksWaitingTermination  tasks.o
    0x20004a34        -       0x00000004   Zero   RW         1920    .bss.xTickCount     tasks.o
    0x20004a38        -       0x00000004   Zero   RW         1925    .bss.xYieldPending  tasks.o
    0x20004a3c   0x08008aa4   0x00000004   PAD
    0x20004a40        -       0x00000400   Zero   RW          384    STACK               startup_stm32f407xx.o


    Execution Region RW_IRAM2 (Exec base: 0x2001c000, Load base: 0x08008aa8, Size: 0x00000000, Max: 0x00004000, ABSOLUTE)

    **** No section assigned to this execution region ****


==============================================================================

Image component sizes


      Code (inc. data)   RO Data    RW Data    ZI Data      Debug   Object Name

      2962          4         54          8          0      10510   bmi088.o
       198          0          0          0         40       6201   can.o
      2030         68          0          4        850       7218   chassistask.o
       146          0          0          0          0      21095   cmsis_os.o
       156          0          0          0          0       3478   dma.o
       186          0        121          0        608       3550   freertos.o
       314          0          0          0          0       4116   gpio.o
        88          0          0          0          4       1923   haltick.o
       624          0          0          0      15389       4852   heap_4.o
      2556         36          0         21        184       7425   instask.o
       178          4          0          0          0       3587   ist8310.o
       122          0          0          0          0       3421   kalman.o
       150          0          0          0          0       2192   list.o
      1772         16          0          4         16       6199   mahonyahrs.o
       332          0          0          0          0       6133   main.o
       368         16          0         96         32       3371   motor.o
       206          0          0         32         36       4829   mycan.o
       586          0          0          0          0       2415   myiic.o
      2520          0          0          0          0       5538   myspi.o
       670         20          0          0        164       6230   myusart.o
       450          8          0          0          0       3011   pid.o
       892         16          0          4          5       3960   port.o
        24          0          0          0          0       1187   serialtask.o
       366          0          0          0        280       7095   spi.o
        36          8        392          0       1024        808   startup_stm32f407xx.o
        92          0          0          5          4       7262   stm32f4xx_hal.o
      1556          6          0          0          0      13117   stm32f4xx_hal_can.o
       148          0          0          0          0      10324   stm32f4xx_hal_cortex.o
      1040          4          8          0          0       9822   stm32f4xx_hal_dma.o
       472          0          0          0          0       5025   stm32f4xx_hal_gpio.o
        66          0          0          0          0       3499   stm32f4xx_hal_msp.o
      1436          0          0          0          0       7248   stm32f4xx_hal_rcc.o
      1240          0          0          0          0      21517   stm32f4xx_hal_spi.o
      1942          4          0          0          0      49922   stm32f4xx_hal_tim.o
       254          0          0          0          0      20959   stm32f4xx_hal_tim_ex.o
       172          0          0          0         72       7223   stm32f4xx_hal_timebase_tim.o
      1968          0          0          0          0      24940   stm32f4xx_hal_uart.o
       218          0          0          0          0       9421   stm32f4xx_it.o
        18          0         24          4          0       2598   system_stm32f4xx.o
      2718          8          0          0        300      26944   tasks.o
       912          0          0          0        216       7274   tim.o
       852          0          0          0        588       7867   usart.o

    ----------------------------------------------------------------------
     33130        218        632        184      19844     365306   Object Totals
         0          0         32          0          0          0   (incl. Generated)
        94          0          1          6         32          0   (incl. Padding)

    ----------------------------------------------------------------------

      Code (inc. data)   RO Data    RW Data    ZI Data      Debug   Library Member Name

       300         42          0          0          0        176   asinf.o
       684         90          0          0          0        208   atan2f.o
        38          0          0          0          0        116   fpclassifyf.o
        44         12          0          0          0        464   funder.o
       120          0          0          0          0        272   sqrtf.o
         0          0          0          0          0          0   entry.o
         0          0          0          0          0          0   entry10a.o
         0          0          0          0          0          0   entry11a.o
         8          4          0          0          0          0   entry2.o
         4          0          0          0          0          0   entry5.o
         0          0          0          0          0          0   entry7b.o
         0          0          0          0          0          0   entry8b.o
         8          4          0          0          0          0   entry9a.o
        12          6          0          4          0         68   errno.o
        30          0          0          0          0          0   handlers.o
        36          8          0          0          0         68   init.o
         0          0          0          0          0          0   iusefp.o
        30          0          0          0          0         68   llshl.o
        32          0          0          0          0         68   llushr.o
        36          0          0          0          0         68   memcpya.o
        36          0          0          0          0        108   memseta.o
        14          0          0          0          0         68   strlen.o
        98          0          0          0          0         92   uldiv.o

    ----------------------------------------------------------------------
      1538        166          0          4          0       1844   Library Totals
         8          0          0          0          0          0   (incl. Padding)

    ----------------------------------------------------------------------

      Code (inc. data)   RO Data    RW Data    ZI Data      Debug   Library Name

      1186        144          0          0          0       1236   m_wm.l
       344         22          0          4          0        608   mc_w.l

    ----------------------------------------------------------------------
      1538        166          0          4          0       1844   Library Totals

    ----------------------------------------------------------------------

==============================================================================


      Code (inc. data)   RO Data    RW Data    ZI Data      Debug   

     34668        384        632        188      19844     365598   Grand Totals
     34668        384        632        188      19844     365598   ELF Image Totals
     34668        384        632        188          0          0   ROM Totals

==============================================================================

    Total RO  Size (Code + RO Data)                35300 (  34.47kB)
    Total RW  Size (RW Data + ZI Data)             20032 (  19.56kB)
    Total ROM Size (Code + RO Data + RW Data)      35488 (  34.66kB)

==============================================================================

