Component: Arm Compiler for Embedded 6.18 Tool: armlink [5e4cc100]

==============================================================================

Section Cross References

    chassistask.o(.text.ChassisTask) refers to cmsis_os.o(.text.osDelay) for osDelay
    chassistask.o(.text.ChassisTask) refers to chassistask.o(.bss.Speed) for Speed
    chassistask.o(.text.ChassisTask) refers to pid.o(.text.PID_Init) for PID_Init
    chassistask.o(.text.ChassisTask) refers to chassistask.o(.bss.Posture_X) for Posture_X
    chassistask.o(.text.ChassisTask) refers to chassistask.o(.bss.Posture_Y) for Posture_Y
    chassistask.o(.text.ChassisTask) refers to chassistask.o(.bss.Turn) for Turn
    chassistask.o(.text.ChassisTask) refers to chassistask.o(.bss.Upright) for Upright
    chassistask.o(.text.ChassisTask) refers to chassistask.o(.bss.Gyro) for Gyro
    chassistask.o(.text.ChassisTask) refers to chassistask.o(.bss.LLspiral) for LLspiral
    chassistask.o(.text.ChassisTask) refers to chassistask.o(.bss.LRspiral) for LRspiral
    chassistask.o(.text.ChassisTask) refers to chassistask.o(.bss.RLspiral) for RLspiral
    chassistask.o(.text.ChassisTask) refers to chassistask.o(.bss.RRspiral) for RRspiral
    chassistask.o(.text.ChassisTask) refers to chassistask.o(.bss.Gyro_Kalman) for Gyro_Kalman
    chassistask.o(.text.ChassisTask) refers to kalman.o(.text.KalmanCreate) for KalmanCreate
    chassistask.o(.text.ChassisTask) refers to motor.o(.data.Balance) for Balance
    chassistask.o(.text.ChassisTask) refers to chassistask.o(.bss.Goalline) for Goalline
    chassistask.o(.text.ChassisTask) refers to chassistask.o(.bss.Omni) for Omni
    chassistask.o(.text.ChassisTask) refers to chassistask.o(.bss.trunout) for trunout
    chassistask.o(.text.ChassisTask) refers to chassistask.o(.bss.LLout) for LLout
    chassistask.o(.text.ChassisTask) refers to chassistask.o(.bss.RRout) for RRout
    chassistask.o(.text.ChassisTask) refers to cmsis_os.o(.text.osKernelSysTick) for osKernelSysTick
    chassistask.o(.text.ChassisTask) refers to chassistask.o(.bss.IF_GOAL_SWITCH) for IF_GOAL_SWITCH
    chassistask.o(.text.ChassisTask) refers to chassistask.o(.bss.LLspeed) for LLspeed
    chassistask.o(.text.ChassisTask) refers to chassistask.o(.bss.LRspeed) for LRspeed
    chassistask.o(.text.ChassisTask) refers to chassistask.o(.bss.RRspeed) for RRspeed
    chassistask.o(.text.ChassisTask) refers to chassistask.o(.bss.RLspeed) for RLspeed
    chassistask.o(.text.ChassisTask) refers to chassistask.o(.bss.speed) for speed
    chassistask.o(.text.ChassisTask) refers to chassistask.o(.bss.switch_count) for switch_count
    chassistask.o(.text.ChassisTask) refers to chassistask.o(.data.midTurn) for midTurn
    chassistask.o(.text.ChassisTask) refers to chassistask.o(.bss.IF_START_RUNNING) for IF_START_RUNNING
    chassistask.o(.text.ChassisTask) refers to myusart.o(.bss.Presentline) for Presentline
    chassistask.o(.text.ChassisTask) refers to atan2f.o(i.__hardfp_atan2f) for __hardfp_atan2f
    chassistask.o(.text.ChassisTask) refers to pid.o(.text.f_PID_Calculate) for f_PID_Calculate
    chassistask.o(.text.ChassisTask) refers to chassistask.o(.bss.target) for target
    chassistask.o(.text.ChassisTask) refers to chassistask.o(.bss.speedout) for speedout
    chassistask.o(.text.ChassisTask) refers to chassistask.o(.data.midangle) for midangle
    chassistask.o(.text.ChassisTask) refers to instask.o(.bss.Imu) for Imu
    chassistask.o(.text.ChassisTask) refers to chassistask.o(.bss.Upout) for Upout
    chassistask.o(.text.ChassisTask) refers to kalman.o(.text.KalmanFilter) for KalmanFilter
    chassistask.o(.text.ChassisTask) refers to chassistask.o(.bss.gyro) for gyro
    chassistask.o(.text.ChassisTask) refers to chassistask.o(.bss.LRout) for LRout
    chassistask.o(.text.ChassisTask) refers to chassistask.o(.bss.RLout) for RLout
    chassistask.o(.text.ChassisTask) refers to mycan.o(.data.hcanTxFrame) for hcanTxFrame
    chassistask.o(.text.ChassisTask) refers to can.o(.bss.hcan1) for hcan1
    chassistask.o(.text.ChassisTask) refers to mycan.o(.text.USER_CAN_TxMessage) for USER_CAN_TxMessage
    chassistask.o(.text.ChassisTask) refers to cmsis_os.o(.text.osDelayUntil) for osDelayUntil
    chassistask.o(.text.ChassisTask) refers to sqrtf.o(i.__hardfp_sqrtf) for __hardfp_sqrtf
    chassistask.o(.ARM.exidx.text.ChassisTask) refers to chassistask.o(.text.ChassisTask) for [Anonymous Symbol]
    instask.o(.ARM.exidx.text.AHRS_init) refers to instask.o(.text.AHRS_init) for [Anonymous Symbol]
    instask.o(.text.AHRS_update) refers to mahonyahrs.o(.text.MahonyAHRSupdate) for MahonyAHRSupdate
    instask.o(.ARM.exidx.text.AHRS_update) refers to instask.o(.text.AHRS_update) for [Anonymous Symbol]
    instask.o(.text.get_angle) refers to atan2f.o(i.__hardfp_atan2f) for __hardfp_atan2f
    instask.o(.text.get_angle) refers to asinf.o(i.__hardfp_asinf) for __hardfp_asinf
[...]
    DMA1_Stream6_IRQHandler                  0x080001b7   Thumb Code     0  startup_stm32f407xx.o(.text)
    DMA1_Stream7_IRQHandler                  0x080001b7   Thumb Code     0  startup_stm32f407xx.o(.text)
    DMA2_Stream0_IRQHandler                  0x080001b7   Thumb Code     0  startup_stm32f407xx.o(.text)
    DMA2_Stream1_IRQHandler                  0x080001b7   Thumb Code     0  startup_stm32f407xx.o(.text)
    DMA2_Stream4_IRQHandler                  0x080001b7   Thumb Code     0  startup_stm32f407xx.o(.text)
    ETH_IRQHandler                           0x080001b7   Thumb Code     0  startup_stm32f407xx.o(.text)
    ETH_WKUP_IRQHandler                      0x080001b7   Thumb Code     0  startup_stm32f407xx.o(.text)
    EXTI0_IRQHandler                         0x080001b7   Thumb Code     0  startup_stm32f407xx.o(.text)
    EXTI15_10_IRQHandler                     0x080001b7   Thumb Code     0  startup_stm32f407xx.o(.text)
    EXTI1_IRQHandler                         0x080001b7   Thumb Code     0  startup_stm32f407xx.o(.text)
    EXTI2_IRQHandler                         0x080001b7   Thumb Code     0  startup_stm32f407xx.o(.text)
    EXTI3_IRQHandler                         0x080001b7   Thumb Code     0  startup_stm32f407xx.o(.text)
    FLASH_IRQHandler                         0x080001b7   Thumb Code     0  startup_stm32f407xx.o(.text)
    FMC_IRQHandler                           0x080001b7   Thumb Code     0  startup_stm32f407xx.o(.text)
    FPU_IRQHandler                           0x080001b7   Thumb Code     0  startup_stm32f407xx.o(.text)
    HASH_RNG_IRQHandler                      0x080001b7   Thumb Code     0  startup_stm32f407xx.o(.text)
    I2C1_ER_IRQHandler                       0x080001b7   Thumb Code     0  startup_stm32f407xx.o(.text)
    I2C1_EV_IRQHandler                       0x080001b7   Thumb Code     0  startup_stm32f407xx.o(.text)
    I2C2_ER_IRQHandler                       0x080001b7   Thumb Code     0  startup_stm32f407xx.o(.text)
    I2C2_EV_IRQHandler                       0x080001b7   Thumb Code     0  startup_stm32f407xx.o(.text)
    I2C3_ER_IRQHandler                       0x080001b7   Thumb Code     0  startup_stm32f407xx.o(.text)
    I2C3_EV_IRQHandler                       0x080001b7   Thumb Code     0  startup_stm32f407xx.o(.text)
    OTG_FS_IRQHandler                        0x080001b7   Thumb Code     0  startup_stm32f407xx.o(.text)
    OTG_FS_WKUP_IRQHandler                   0x080001b7   Thumb Code     0  startup_stm32f407xx.o(.text)
    OTG_HS_EP1_IN_IRQHandler                 0x080001b7   Thumb Code     0  startup_stm32f407xx.o(.text)
    OTG_HS_EP1_OUT_IRQHandler                0x080001b7   Thumb Code     0  startup_stm32f407xx.o(.text)
    OTG_HS_IRQHandler                        0x080001b7   Thumb Code     0  startup_stm32f407xx.o(.text)
    OTG_HS_WKUP_IRQHandler                   0x080001b7   Thumb Code     0  startup_stm32f407xx.o(.text)
    PVD_IRQHandler                           0x080001b7   Thumb Code     0  startup_stm32f407xx.o(.text)
    RCC_IRQHandler                           0x080001b7   Thumb Code     0  startup_stm32f407xx.o(.text)
    RTC_Alarm_IRQHandler                     0x080001b7   Thumb Code     0  startup_stm32f407xx.o(.text)
    RTC_WKUP_IRQHandler                      0x080001b7   Thumb Code     0  startup_stm32f407xx.o(.text)
    SDIO_IRQHandler                          0x080001b7   Thumb Code     0  startup_stm32f407xx.o(.text)
    SPI2_IRQHandler                          0x080001b7   Thumb Code     0  startup_stm32f407xx.o(.text)
    SPI3_IRQHandler                          0x080001b7   Thumb Code     0  startup_stm32f407xx.o(.text)
    TAMP_STAMP_IRQHandler                    0x080001b7   Thumb Code     0  startup_stm32f407xx.o(.text)
    TIM1_BRK_TIM9_IRQHandler                 0x080001b7   Thumb Code     0  startup_stm32f407xx.o(.text)
    TIM1_CC_IRQHandler                       0x080001b7   Thumb Code     0  startup_stm32f407xx.o(.text)
    TIM1_TRG_COM_TIM11_IRQHandler            0x080001b7   Thumb Code     0  startup_stm32f407xx.o(.text)
    TIM1_UP_TIM10_IRQHandler                 0x080001b7   Thumb Code     0  startup_stm32f407xx.o(.text)
    TIM3_IRQHandler                          0x080001b7   Thumb Code     0  startup_stm32f407xx.o(.text)
    TIM4_IRQHandler                          0x080001b7   Thumb Code     0  startup_stm32f407xx.o(.text)
    TIM5_IRQHandler                          0x080001b7   Thumb Code     0  startup_stm32f407xx.o(.text)
    TIM6_DAC_IRQHandler                      0x080001b7   Thumb Code     0  startup_stm32f407xx.o(.text)
    TIM7_IRQHandler                          0x080001b7   Thumb Code     0  startup_stm32f407xx.o(.text)
    TIM8_BRK_TIM12_IRQHandler                0x080001b7   Thumb Code     0  startup_stm32f407xx.o(.text)
    TIM8_CC_IRQHandler                       0x080001b7   Thumb Code     0  startup_stm32f407xx.o(.text)
    TIM8_TRG_COM_TIM14_IRQHandler            0x080001b7   Thumb Code     0  startup_stm32f407xx.o(.text)
    TIM8_UP_TIM13_IRQHandler                 0x080001b7   Thumb Code     0  startup_stm32f407xx.o(.text)
    UART4_IRQHandler                         0x080001b7   Thumb Code     0  startup_stm32f407xx.o(.text)
    UART5_IRQHandler                         0x080001b7   Thumb Code     0  startup_stm32f407xx.o(.text)
    USART2_IRQHandler                        0x080001b7   Thumb Code     0  startup_stm32f407xx.o(.text)
    WWDG_IRQHandler                          0x080001b7   Thumb Code     0  startup_stm32f407xx.o(.text)
    __aeabi_uldivmod                         0x080001c1   Thumb Code    98  uldiv.o(.text)
    __aeabi_memcpy                           0x08000223   Thumb Code    36  memcpya.o(.text)
    __aeabi_memcpy4                          0x08000223   Thumb Code     0  memcpya.o(.text)
    __aeabi_memcpy8                          0x08000223   Thumb Code     0  memcpya.o(.text)
    __aeabi_memset                           0x08000247   Thumb Code    14  memseta.o(.text)
    __aeabi_memset4                          0x08000247   Thumb Code     0  memseta.o(.text)
    __aeabi_memset8                          0x08000247   Thumb Code     0  memseta.o(.text)
    __aeabi_memclr                           0x08000255   Thumb Code     4  memseta.o(.text)
    __aeabi_memclr4                          0x08000255   Thumb Code     0  memseta.o(.text)
    __aeabi_memclr8                          0x08000255   Thumb Code     0  memseta.o(.text)
    _memset$wrapper                          0x08000259   Thumb Code    18  memseta.o(.text)
    strlen                                   0x0800026b   Thumb Code    14  strlen.o(.text)
    __aeabi_llsl                             0x08000279   Thumb Code    30  llshl.o(.text)
    _ll_shift_l                              0x08000279   Thumb Code     0  llshl.o(.text)
    __aeabi_llsr                             0x08000297   Thumb Code    32  llushr.o(.text)
    _ll_ushift_r                             0x08000297   Thumb Code     0  llushr.o(.text)
    __I$use$fp                               0x080002b7   Thumb Code     0  iusefp.o(.text)
    __scatterload                            0x080002b9   Thumb Code    28  init.o(.text)
    __scatterload_rt2                        0x080002b9   Thumb Code     0  init.o(.text)
    BMI088_accel_read_over                   0x080002dd   Thumb Code   116  bmi088.o(.text.BMI088_accel_read_over)
    BMI088_gyro_read_over                    0x08000351   Thumb Code    78  bmi088.o(.text.BMI088_gyro_read_over)
    BMI088_init                              0x0800039f   Thumb Code    36  bmi088.o(.text.BMI088_init)
    BMI088_read                              0x080003c3   Thumb Code   374  bmi088.o(.text.BMI088_read)
    BMI088_temperature_read_over             0x0800056d   Thumb Code    58  bmi088.o(.text.BMI088_temperature_read_over)
    BusFault_Handler                         0x080005a9   Thumb Code     2  stm32f4xx_it.o(.text.BusFault_Handler)
    CAN1_RX0_IRQHandler                      0x080005ab   Thumb Code    12  stm32f4xx_it.o(.text.CAN1_RX0_IRQHandler)
    CAN1_TX_IRQHandler                       0x080005b7   Thumb Code    12  stm32f4xx_it.o(.text.CAN1_TX_IRQHandler)
    CAN1_rxDataHandler                       0x080005c3   Thumb Code    60  mycan.o(.text.CAN1_rxDataHandler)
    CAN_Init                                 0x080005ff   Thumb Code    72  mycan.o(.text.CAN_Init)
    ChassisTask                              0x08000649   Thumb Code  2052  chassistask.o(.text.ChassisTask)
    DMA1_Stream1_IRQHandler                  0x08000e4d   Thumb Code    12  stm32f4xx_it.o(.text.DMA1_Stream1_IRQHandler)
    DMA2_Stream2_IRQHandler                  0x08000e59   Thumb Code    22  stm32f4xx_it.o(.text.DMA2_Stream2_IRQHandler)
    DMA2_Stream3_IRQHandler                  0x08000e6f   Thumb Code    12  stm32f4xx_it.o(.text.DMA2_Stream3_IRQHandler)
    DMA2_Stream5_IRQHandler                  0x08000e7b   Thumb Code    12  stm32f4xx_it.o(.text.DMA2_Stream5_IRQHandler)
    DMA2_Stream6_IRQHandler                  0x08000e87   Thumb Code    12  stm32f4xx_it.o(.text.DMA2_Stream6_IRQHandler)
    DMA2_Stream7_IRQHandler                  0x08000e93   Thumb Code    12  stm32f4xx_it.o(.text.DMA2_Stream7_IRQHandler)
    DebugMon_Handler                         0x08000e9f   Thumb Code     2  stm32f4xx_it.o(.text.DebugMon_Handler)
    EXTI4_IRQHandler                         0x08000ea1   Thumb Code     6  stm32f4xx_it.o(.text.EXTI4_IRQHandler)
    EXTI9_5_IRQHandler                       0x08000ea7   Thumb Code     6  stm32f4xx_it.o(.text.EXTI9_5_IRQHandler)
    Error_Handler                            0x08000ead   Thumb Code    10  main.o(.text.Error_Handler)
    HAL_CAN_ActivateNotification             0x08000eb7   Thumb Code    38  stm32f4xx_hal_can.o(.text.HAL_CAN_ActivateNotification)
    HAL_CAN_AddTxMessage                     0x08000edd   Thumb Code   164  stm32f4xx_hal_can.o(.text.HAL_CAN_AddTxMessage)
    HAL_CAN_ConfigFilter                     0x08000f81   Thumb Code   222  stm32f4xx_hal_can.o(.text.HAL_CAN_ConfigFilter)
    HAL_CAN_ErrorCallback                    0x0800105f   Thumb Code     2  stm32f4xx_hal_can.o(.text.HAL_CAN_ErrorCallback)
    HAL_CAN_GetRxMessage                     0x08001061   Thumb Code   268  stm32f4xx_hal_can.o(.text.HAL_CAN_GetRxMessage)
    HAL_CAN_IRQHandler                       0x0800116d   Thumb Code   512  stm32f4xx_hal_can.o(.text.HAL_CAN_IRQHandler)
    HAL_CAN_Init                             0x0800136d   Thumb Code   240  stm32f4xx_hal_can.o(.text.HAL_CAN_Init)
    HAL_CAN_MspInit                          0x0800145d   Thumb Code   130  can.o(.text.HAL_CAN_MspInit)
    HAL_CAN_RxFifo0FullCallback              0x080014df   Thumb Code     2  stm32f4xx_hal_can.o(.text.HAL_CAN_RxFifo0FullCallback)
    HAL_CAN_RxFifo0MsgPendingCallback        0x080014e1   Thumb Code    52  mycan.o(.text.HAL_CAN_RxFifo0MsgPendingCallback)
    HAL_CAN_RxFifo1FullCallback              0x08001515   Thumb Code     2  stm32f4xx_hal_can.o(.text.HAL_CAN_RxFifo1FullCallback)
    HAL_CAN_RxFifo1MsgPendingCallback        0x08001517   Thumb Code     2  stm32f4xx_hal_can.o(.text.HAL_CAN_RxFifo1MsgPendingCallback)
    HAL_CAN_SleepCallback                    0x08001519   Thumb Code     2  stm32f4xx_hal_can.o(.text.HAL_CAN_SleepCallback)
    HAL_CAN_Start                            0x0800151d   Thumb Code    88  stm32f4xx_hal_can.o(.text.HAL_CAN_Start)
    HAL_CAN_TxMailbox0AbortCallback          0x08001575   Thumb Code     2  stm32f4xx_hal_can.o(.text.HAL_CAN_TxMailbox0AbortCallback)
    HAL_CAN_TxMailbox0CompleteCallback       0x08001577   Thumb Code     2  stm32f4xx_hal_can.o(.text.HAL_CAN_TxMailbox0CompleteCallback)
    HAL_CAN_TxMailbox1AbortCallback          0x08001579   Thumb Code     2  stm32f4xx_hal_can.o(.text.HAL_CAN_TxMailbox1AbortCallback)
    HAL_CAN_TxMailbox1CompleteCallback       0x0800157b   Thumb Code     2  stm32f4xx_hal_can.o(.text.HAL_CAN_TxMailbox1CompleteCallback)
    HAL_CAN_TxMailbox2AbortCallback          0x0800157d   Thumb Code     2  stm32f4xx_hal_can.o(.text.HAL_CAN_TxMailbox2AbortCallback)
    HAL_CAN_TxMailbox2CompleteCallback       0x0800157f   Thumb Code     2  stm32f4xx_hal_can.o(.text.HAL_CAN_TxMailbox2CompleteCallback)
    HAL_CAN_WakeUpFromRxMsgCallback          0x08001581   Thumb Code     2  stm32f4xx_hal_can.o(.text.HAL_CAN_WakeUpFromRxMsgCallback)
    HAL_DMA_Abort                            0x08001585   Thumb Code   130  stm32f4xx_hal_dma.o(.text.HAL_DMA_Abort)
    HAL_DMA_Abort_IT                         0x08001607   Thumb Code    36  stm32f4xx_hal_dma.o(.text.HAL_DMA_Abort_IT)
    HAL_DMA_IRQHandler                       0x0800162d   Thumb Code   390  stm32f4xx_hal_dma.o(.text.HAL_DMA_IRQHandler)
    HAL_DMA_Init                             0x080017b5   Thumb Code   328  stm32f4xx_hal_dma.o(.text.HAL_DMA_Init)
    HAL_DMA_Start_IT                         0x080018fd   Thumb Code   156  stm32f4xx_hal_dma.o(.text.HAL_DMA_Start_IT)
    HAL_GPIO_EXTI_Callback                   0x08001999   Thumb Code   210  instask.o(.text.HAL_GPIO_EXTI_Callback)
    HAL_GPIO_EXTI_IRQHandler                 0x08001a6b   Thumb Code    22  stm32f4xx_hal_gpio.o(.text.HAL_GPIO_EXTI_IRQHandler)
    HAL_GPIO_Init                            0x08001a81   Thumb Code   440  stm32f4xx_hal_gpio.o(.text.HAL_GPIO_Init)
    HAL_GPIO_WritePin                        0x08001c39   Thumb Code    10  stm32f4xx_hal_gpio.o(.text.HAL_GPIO_WritePin)
    HAL_GetTick                              0x08001c43   Thumb Code    12  stm32f4xx_hal.o(.text.HAL_GetTick)
    HAL_IncTick                              0x08001c4f   Thumb Code    26  stm32f4xx_hal.o(.text.HAL_IncTick)
    HAL_Init                                 0x08001c69   Thumb Code    54  stm32f4xx_hal.o(.text.HAL_Init)
    HAL_InitTick                             0x08001c9f   Thumb Code   172  stm32f4xx_hal_timebase_tim.o(.text.HAL_InitTick)
    HAL_MspInit                              0x08001d4b   Thumb Code    66  stm32f4xx_hal_msp.o(.text.HAL_MspInit)
    HAL_NVIC_EnableIRQ                       0x08001d8d   Thumb Code    30  stm32f4xx_hal_cortex.o(.text.HAL_NVIC_EnableIRQ)
    HAL_NVIC_SetPriority                     0x08001dab   Thumb Code    86  stm32f4xx_hal_cortex.o(.text.HAL_NVIC_SetPriority)
    HAL_NVIC_SetPriorityGrouping             0x08001e01   Thumb Code    32  stm32f4xx_hal_cortex.o(.text.HAL_NVIC_SetPriorityGrouping)
    HAL_RCC_ClockConfig                      0x08001e21   Thumb Code   334  stm32f4xx_hal_rcc.o(.text.HAL_RCC_ClockConfig)
    HAL_RCC_GetClockConfig                   0x08001f6f   Thumb Code    62  stm32f4xx_hal_rcc.o(.text.HAL_RCC_GetClockConfig)
    HAL_RCC_GetPCLK1Freq                     0x08001fad   Thumb Code    38  stm32f4xx_hal_rcc.o(.text.HAL_RCC_GetPCLK1Freq)
    HAL_RCC_GetPCLK2Freq                     0x08001fd3   Thumb Code    38  stm32f4xx_hal_rcc.o(.text.HAL_RCC_GetPCLK2Freq)
    HAL_RCC_GetSysClockFreq                  0x08001ff9   Thumb Code   104  stm32f4xx_hal_rcc.o(.text.HAL_RCC_GetSysClockFreq)
    HAL_RCC_OscConfig                        0x08002061   Thumb Code   860  stm32f4xx_hal_rcc.o(.text.HAL_RCC_OscConfig)
    HAL_SPI_ErrorCallback                    0x080023bd   Thumb Code     2  stm32f4xx_hal_spi.o(.text.HAL_SPI_ErrorCallback)
    HAL_SPI_IRQHandler                       0x080023bf   Thumb Code   276  stm32f4xx_hal_spi.o(.text.HAL_SPI_IRQHandler)
    HAL_SPI_Init                             0x080024d3   Thumb Code   180  stm32f4xx_hal_spi.o(.text.HAL_SPI_Init)
    HAL_SPI_MspInit                          0x08002587   Thumb Code   292  spi.o(.text.HAL_SPI_MspInit)
    HAL_SPI_TransmitReceive                  0x080026ad   Thumb Code   474  stm32f4xx_hal_spi.o(.text.HAL_SPI_TransmitReceive)
    HAL_TIMEx_BreakCallback                  0x08002887   Thumb Code     2  stm32f4xx_hal_tim_ex.o(.text.HAL_TIMEx_BreakCallback)
    HAL_TIMEx_CommutCallback                 0x08002889   Thumb Code     2  stm32f4xx_hal_tim_ex.o(.text.HAL_TIMEx_CommutCallback)
    HAL_TIMEx_ConfigBreakDeadTime            0x0800288b   Thumb Code    76  stm32f4xx_hal_tim_ex.o(.text.HAL_TIMEx_ConfigBreakDeadTime)
    HAL_TIMEx_MasterConfigSynchronization    0x080028d7   Thumb Code   174  stm32f4xx_hal_tim_ex.o(.text.HAL_TIMEx_MasterConfigSynchronization)
    HAL_TIM_Base_Init                        0x08002985   Thumb Code    88  stm32f4xx_hal_tim.o(.text.HAL_TIM_Base_Init)
    HAL_TIM_Base_MspInit                     0x080029dd   Thumb Code    50  tim.o(.text.HAL_TIM_Base_MspInit)
    HAL_TIM_Base_Start                       0x08002a0f   Thumb Code   152  stm32f4xx_hal_tim.o(.text.HAL_TIM_Base_Start)
    HAL_TIM_Base_Start_IT                    0x08002aa7   Thumb Code   160  stm32f4xx_hal_tim.o(.text.HAL_TIM_Base_Start_IT)
    HAL_TIM_IC_CaptureCallback               0x08002b47   Thumb Code     2  stm32f4xx_hal_tim.o(.text.HAL_TIM_IC_CaptureCallback)
    HAL_TIM_IRQHandler                       0x08002b49   Thumb Code   362  stm32f4xx_hal_tim.o(.text.HAL_TIM_IRQHandler)
    HAL_TIM_MspPostInit                      0x08002cb3   Thumb Code   218  tim.o(.text.HAL_TIM_MspPostInit)
    HAL_TIM_OC_DelayElapsedCallback          0x08002d8d   Thumb Code     2  stm32f4xx_hal_tim.o(.text.HAL_TIM_OC_DelayElapsedCallback)
    HAL_TIM_PWM_ConfigChannel                0x08002d91   Thumb Code   152  stm32f4xx_hal_tim.o(.text.HAL_TIM_PWM_ConfigChannel)
    HAL_TIM_PWM_Init                         0x08002e29   Thumb Code    88  stm32f4xx_hal_tim.o(.text.HAL_TIM_PWM_Init)
    HAL_TIM_PWM_MspInit                      0x08002e81   Thumb Code    92  tim.o(.text.HAL_TIM_PWM_MspInit)
    HAL_TIM_PWM_PulseFinishedCallback        0x08002edd   Thumb Code     2  stm32f4xx_hal_tim.o(.text.HAL_TIM_PWM_PulseFinishedCallback)
    HAL_TIM_PWM_Start                        0x08002edf   Thumb Code   260  stm32f4xx_hal_tim.o(.text.HAL_TIM_PWM_Start)
    HAL_TIM_PeriodElapsedCallback            0x08002fe3   Thumb Code    14  main.o(.text.HAL_TIM_PeriodElapsedCallback)
    HAL_TIM_TriggerCallback                  0x08002ff1   Thumb Code     2  stm32f4xx_hal_tim.o(.text.HAL_TIM_TriggerCallback)
    HAL_UARTEx_RxEventCallback               0x08002ff3   Thumb Code     2  stm32f4xx_hal_uart.o(.text.HAL_UARTEx_RxEventCallback)
    HAL_UART_ErrorCallback                   0x08002ff5   Thumb Code     2  stm32f4xx_hal_uart.o(.text.HAL_UART_ErrorCallback)
    HAL_UART_IRQHandler                      0x08002ff9   Thumb Code   686  stm32f4xx_hal_uart.o(.text.HAL_UART_IRQHandler)
    HAL_UART_Init                            0x080032a7   Thumb Code    92  stm32f4xx_hal_uart.o(.text.HAL_UART_Init)
    HAL_UART_MspInit                         0x08003303   Thumb Code   648  usart.o(.text.HAL_UART_MspInit)
    HAL_UART_Receive_DMA                     0x0800358b   Thumb Code    48  stm32f4xx_hal_uart.o(.text.HAL_UART_Receive_DMA)
    HAL_UART_RxCpltCallback                  0x080035bb   Thumb Code     2  stm32f4xx_hal_uart.o(.text.HAL_UART_RxCpltCallback)
    HAL_UART_RxHalfCpltCallback              0x080035bd   Thumb Code     2  stm32f4xx_hal_uart.o(.text.HAL_UART_RxHalfCpltCallback)
    HAL_UART_TxCpltCallback                  0x080035bf   Thumb Code     2  stm32f4xx_hal_uart.o(.text.HAL_UART_TxCpltCallback)
    HardFault_Handler                        0x080035c1   Thumb Code     2  stm32f4xx_it.o(.text.HardFault_Handler)
    IIC_Ack                                  0x080035c3   Thumb Code    68  myiic.o(.text.IIC_Ack)
    IIC_NAck                                 0x08003607   Thumb Code    68  myiic.o(.text.IIC_NAck)
    IIC_Read_Byte                            0x0800364d   Thumb Code   118  myiic.o(.text.IIC_Read_Byte)
    IIC_Send_Byte                            0x080036c5   Thumb Code   108  myiic.o(.text.IIC_Send_Byte)
    IIC_Start                                0x08003731   Thumb Code    68  myiic.o(.text.IIC_Start)
    IIC_Stop                                 0x08003775   Thumb Code    70  myiic.o(.text.IIC_Stop)
    IIC_Wait_Ack                             0x080037bd   Thumb Code    86  myiic.o(.text.IIC_Wait_Ack)
    KalmanCreate                             0x08003813   Thumb Code    28  kalman.o(.text.KalmanCreate)
    KalmanFilter                             0x0800382f   Thumb Code    94  kalman.o(.text.KalmanFilter)
    MX_CAN1_Init                             0x0800388d   Thumb Code    68  can.o(.text.MX_CAN1_Init)
    MX_DMA_Init                              0x080038d1   Thumb Code   156  dma.o(.text.MX_DMA_Init)
    MX_FREERTOS_Init                         0x0800396d   Thumb Code   160  freertos.o(.text.MX_FREERTOS_Init)
    MX_GPIO_Init                             0x08003a0d   Thumb Code   314  gpio.o(.text.MX_GPIO_Init)
    MX_SPI1_Init                             0x08003b47   Thumb Code    74  spi.o(.text.MX_SPI1_Init)
    MX_TIM10_Init                            0x08003b91   Thumb Code   124  tim.o(.text.MX_TIM10_Init)
    MX_TIM1_Init                             0x08003c0d   Thumb Code   246  tim.o(.text.MX_TIM1_Init)
    MX_TIM8_Init                             0x08003d03   Thumb Code   182  tim.o(.text.MX_TIM8_Init)
    MX_USART1_UART_Init                      0x08003db9   Thumb Code    84  usart.o(.text.MX_USART1_UART_Init)
    MX_USART3_UART_Init                      0x08003e0d   Thumb Code    62  usart.o(.text.MX_USART3_UART_Init)
    MX_USART6_UART_Init                      0x08003e4b   Thumb Code    58  usart.o(.text.MX_USART6_UART_Init)
    MahonyAHRSupdate                         0x08003e85   Thumb Code  1104  mahonyahrs.o(.text.MahonyAHRSupdate)
    MahonyAHRSupdateIMU                      0x080042d5   Thumb Code   668  mahonyahrs.o(.text.MahonyAHRSupdateIMU)
    MemManage_Handler                        0x08004571   Thumb Code     2  stm32f4xx_it.o(.text.MemManage_Handler)
    NMI_Handler                              0x08004575   Thumb Code     2  stm32f4xx_it.o(.text.NMI_Handler)
    PID_Delta_init                           0x08004577   Thumb Code    10  pid.o(.text.PID_Delta_init)
    PID_Init                                 0x08004581   Thumb Code    54  pid.o(.text.PID_Init)
    PendSV_Handler                           0x080045c1   Thumb Code   100  port.o(.text.PendSV_Handler)
    SPI1_DMA_enable                          0x08004625   Thumb Code  2234  myspi.o(.text.SPI1_DMA_enable)
    SPI1_DMA_init                            0x08004ee1   Thumb Code   242  myspi.o(.text.SPI1_DMA_init)
    SPI1_IRQHandler                          0x08004fd3   Thumb Code    12  stm32f4xx_it.o(.text.SPI1_IRQHandler)
    SPI_ReadWriteByte                        0x08005051   Thumb Code    44  myspi.o(.text.SPI_ReadWriteByte)
    SVC_Handler                              0x08005141   Thumb Code    36  port.o(.text.SVC_Handler)
    SerialTask                               0x08005165   Thumb Code    24  serialtask.o(.text.SerialTask)
    StartInsTask                             0x0800517d   Thumb Code   696  instask.o(.text.StartInsTask)
    SysTick_Handler                          0x08005435   Thumb Code    46  port.o(.text.SysTick_Handler)
    SystemClock_Config                       0x08005465   Thumb Code   174  main.o(.text.SystemClock_Config)
    SystemInit                               0x08005513   Thumb Code    18  system_stm32f4xx.o(.text.SystemInit)
    TIM2_IRQHandler                          0x08005525   Thumb Code    12  stm32f4xx_it.o(.text.TIM2_IRQHandler)
    TIM_Base_SetConfig                       0x08005531   Thumb Code   284  stm32f4xx_hal_tim.o(.text.TIM_Base_SetConfig)
    TIM_OC2_SetConfig                        0x080056b1   Thumb Code   106  stm32f4xx_hal_tim.o(.text.TIM_OC2_SetConfig)
    UART_Start_Receive_DMA                   0x08005ac1   Thumb Code   154  stm32f4xx_hal_uart.o(.text.UART_Start_Receive_DMA)
    USART1_IRQHandler                        0x08005b5b   Thumb Code    26  stm32f4xx_it.o(.text.USART1_IRQHandler)
    USART3_IRQHandler                        0x08005b75   Thumb Code    26  stm32f4xx_it.o(.text.USART3_IRQHandler)
    USART6_IRQHandler                        0x08005b8f   Thumb Code    12  stm32f4xx_it.o(.text.USART6_IRQHandler)
    USER_CAN_TxMessage                       0x08005b9b   Thumb Code    22  mycan.o(.text.USER_CAN_TxMessage)
    USER_DMA2_Stream2_IRQHandler             0x08005bb1   Thumb Code  1074  instask.o(.text.USER_DMA2_Stream2_IRQHandler)
    USER_UART_IRQHandler                     0x08005fe5   Thumb Code   536  myusart.o(.text.USER_UART_IRQHandler)
    UsageFault_Handler                       0x080061fd   Thumb Code     2  stm32f4xx_it.o(.text.UsageFault_Handler)
    bmi088_accel_init                        0x08006201   Thumb Code   458  bmi088.o(.text.bmi088_accel_init)
    bmi088_accel_self_test                   0x080063cd   Thumb Code  1048  bmi088.o(.text.bmi088_accel_self_test)
    bmi088_gyro_init                         0x080067e5   Thumb Code   388  bmi088.o(.text.bmi088_gyro_init)
    bmi088_gyro_self_test                    0x08006969   Thumb Code   354  bmi088.o(.text.bmi088_gyro_self_test)
    delay_ms                                 0x08006acd   Thumb Code    24  haltick.o(.text.delay_ms)
    delay_us                                 0x08006ae5   Thumb Code    64  haltick.o(.text.delay_us)
    f_PID_Calculate                          0x08006b25   Thumb Code   192  pid.o(.text.f_PID_Calculate)
    f_PID_Delta_Calc                         0x08006be5   Thumb Code   132  pid.o(.text.f_PID_Delta_Calc)
    get_Motor_Data                           0x08006ca9   Thumb Code   368  motor.o(.text.get_Motor_Data)
    get_angle                                0x08006e19   Thumb Code   188  instask.o(.text.get_angle)
    ist8310_IIC_read_muli_reg                0x08007059   Thumb Code    86  ist8310.o(.text.ist8310_IIC_read_muli_reg)
    ist8310_read_mag                         0x080070b1   Thumb Code    92  ist8310.o(.text.ist8310_read_mag)
    main                                     0x0800710d   Thumb Code   134  main.o(.text.main)
    osDelay                                  0x08007193   Thumb Code    16  cmsis_os.o(.text.osDelay)
    osDelayUntil                             0x080071a3   Thumb Code    16  cmsis_os.o(.text.osDelayUntil)
    osKernelStart                            0x080071b3   Thumb Code    10  cmsis_os.o(.text.osKernelStart)
    osKernelSysTick                          0x080071bd   Thumb Code    14  cmsis_os.o(.text.osKernelSysTick)
    osThreadCreate                           0x080071cb   Thumb Code    90  cmsis_os.o(.text.osThreadCreate)
    pcTaskGetName                            0x08007225   Thumb Code    38  tasks.o(.text.pcTaskGetName)
    pvPortMalloc                             0x08007635   Thumb Code   404  heap_4.o(.text.pvPortMalloc)
    pxPortInitialiseStack                    0x080077c9   Thumb Code    40  port.o(.text.pxPortInitialiseStack)
    remote_control_init                      0x080077f1   Thumb Code    92  myusart.o(.text.remote_control_init)
    uxListRemove                             0x0800784d   Thumb Code    36  list.o(.text.uxListRemove)
    vApplicationGetIdleTaskMemory            0x08007871   Thumb Code    26  freertos.o(.text.vApplicationGetIdleTaskMemory)
    vListInitialise                          0x0800788b   Thumb Code    22  list.o(.text.vListInitialise)
    vListInitialiseItem                      0x080078a1   Thumb Code     6  list.o(.text.vListInitialiseItem)
    vListInsert                              0x080078a9   Thumb Code    58  list.o(.text.vListInsert)
    vListInsertEnd                           0x080078e3   Thumb Code    28  list.o(.text.vListInsertEnd)
    vPortEnterCritical                       0x08007915   Thumb Code    66  port.o(.text.vPortEnterCritical)
    vPortExitCritical                        0x08007959   Thumb Code    46  port.o(.text.vPortExitCritical)
    vPortFree                                0x08007989   Thumb Code   136  heap_4.o(.text.vPortFree)
    vPortSetupTimerInterrupt                 0x08007a11   Thumb Code    52  port.o(.text.vPortSetupTimerInterrupt)
    vPortValidateInterruptPriority           0x08007a45   Thumb Code    98  port.o(.text.vPortValidateInterruptPriority)
    vTaskDelay                               0x08007aa9   Thumb Code    78  tasks.o(.text.vTaskDelay)
    vTaskDelayUntil                          0x08007af9   Thumb Code   162  tasks.o(.text.vTaskDelayUntil)
    vTaskNotifyGiveFromISR                   0x08007b9d   Thumb Code   218  tasks.o(.text.vTaskNotifyGiveFromISR)
    vTaskStartScheduler                      0x08007c79   Thumb Code   120  tasks.o(.text.vTaskStartScheduler)
    vTaskSuspendAll                          0x08007cf9   Thumb Code    16  tasks.o(.text.vTaskSuspendAll)
    vTaskSwitchContext                       0x08007d09   Thumb Code   130  tasks.o(.text.vTaskSwitchContext)
    xPortStartScheduler                      0x08007d8d   Thumb Code   298  port.o(.text.xPortStartScheduler)
    xTaskCreate                              0x08007eb7   Thumb Code    90  tasks.o(.text.xTaskCreate)
    xTaskCreateStatic                        0x08007f11   Thumb Code   118  tasks.o(.text.xTaskCreateStatic)
    xTaskGetHandle                           0x08007f89   Thumb Code   166  tasks.o(.text.xTaskGetHandle)
    xTaskGetSchedulerState                   0x0800802f   Thumb Code    36  tasks.o(.text.xTaskGetSchedulerState)
    xTaskGetTickCount                        0x08008053   Thumb Code    12  tasks.o(.text.xTaskGetTickCount)
    xTaskGetTickCountFromISR                 0x0800805f   Thumb Code    18  tasks.o(.text.xTaskGetTickCountFromISR)
    xTaskIncrementTick                       0x08008071   Thumb Code   382  tasks.o(.text.xTaskIncrementTick)
    xTaskResumeAll                           0x080081f1   Thumb Code   306  tasks.o(.text.xTaskResumeAll)
    __ARM_fpclassifyf                        0x08008323   Thumb Code    38  fpclassifyf.o(i.__ARM_fpclassifyf)
    __hardfp_asinf                           0x08008349   Thumb Code   258  asinf.o(i.__hardfp_asinf)
    __hardfp_atan2f                          0x08008475   Thumb Code   594  atan2f.o(i.__hardfp_atan2f)
    __hardfp_sqrtf                           0x08008721   Thumb Code    58  sqrtf.o(i.__hardfp_sqrtf)
    __mathlib_flt_infnan                     0x0800875b   Thumb Code     6  funder.o(i.__mathlib_flt_infnan)
    __mathlib_flt_infnan2                    0x08008761   Thumb Code     6  funder.o(i.__mathlib_flt_infnan2)
    __mathlib_flt_invalid                    0x08008769   Thumb Code    10  funder.o(i.__mathlib_flt_invalid)
    __mathlib_flt_underflow                  0x08008779   Thumb Code    10  funder.o(i.__mathlib_flt_underflow)
    __scatterload_copy                       0x08008789   Thumb Code    14  handlers.o(i.__scatterload_copy)
    __scatterload_null                       0x08008797   Thumb Code     2  handlers.o(i.__scatterload_null)
    __scatterload_zeroinit                   0x08008799   Thumb Code    14  handlers.o(i.__scatterload_zeroinit)
    __set_errno                              0x080087a9   Thumb Code     6  errno.o(i.__set_errno)
    sqrtf                                    0x080087b5   Thumb Code    62  sqrtf.o(i.sqrtf)
    AHBPrescTable                            0x08008848   Data          16  system_stm32f4xx.o(.rodata.AHBPrescTable)
    APBPrescTable                            0x08008858   Data           8  system_stm32f4xx.o(.rodata.APBPrescTable)
    Region$$Table$$Base                      0x080088c4   Number         0  anon$$obj.o(Region$$Table)
    Region$$Table$$Limit                     0x080088e4   Number         0  anon$$obj.o(Region$$Table)
    BMI088_ACCEL_SEN                         0x20000004   Data           4  bmi088.o(.data.BMI088_ACCEL_SEN)
    BMI088_GYRO_SEN                          0x20000008   Data           4  bmi088.o(.data.BMI088_GYRO_SEN)
    Balance                                  0x2000000c   Data          96  motor.o(.data.Balance)
    SystemCoreClock                          0x2000006c   Data           4  system_stm32f4xx.o(.data.SystemCoreClock)
    accel_dma_tx_buf                         0x20000070   Data           9  instask.o(.data.accel_dma_tx_buf)
    accel_temp_dma_tx_buf                    0x20000079   Data           4  instask.o(.data.accel_temp_dma_tx_buf)
    gyro_dma_tx_buf                          0x2000007d   Data           8  instask.o(.data.gyro_dma_tx_buf)
    hcanTxFrame                              0x20000088   Data          32  mycan.o(.data.hcanTxFrame)
    midTurn                                  0x200000a8   Data          24  chassistask.o(.data.midTurn)
    midangle                                 0x200000c0   Data           4  chassistask.o(.data.midangle)
    twoKp                                    0x200000c4   Data           4  mahonyahrs.o(.data.twoKp)
    uwTickFreq                               0x200000c8   Data           1  stm32f4xx_hal.o(.data.uwTickFreq)
    uwTickPrio                               0x200000cc   Data           4  stm32f4xx_hal.o(.data.uwTickPrio)
    Goalline                                 0x200000d8   Data          12  chassistask.o(.bss.Goalline)
    Gyro                                     0x200000e4   Data          68  chassistask.o(.bss.Gyro)
    Gyro_Kalman                              0x20000128   Data          48  chassistask.o(.bss.Gyro_Kalman)
    IF_GOAL_SWITCH                           0x2000015c   Data           1  chassistask.o(.bss.IF_GOAL_SWITCH)
    IF_START_RUNNING                         0x2000015d   Data           1  chassistask.o(.bss.IF_START_RUNNING)
    INS_angle                                0x20000160   Data          12  instask.o(.bss.INS_angle)
    INS_quat                                 0x2000016c   Data          16  instask.o(.bss.INS_quat)
    Imu                                      0x20000180   Data          24  instask.o(.bss.Imu)
    LLout                                    0x20000198   Data           4  chassistask.o(.bss.LLout)
    LLspeed                                  0x2000019c   Data          12  chassistask.o(.bss.LLspeed)
    LLspiral                                 0x200001a8   Data          68  chassistask.o(.bss.LLspiral)
    LRout                                    0x200001ec   Data           4  chassistask.o(.bss.LRout)
    LRspeed                                  0x200001f0   Data          12  chassistask.o(.bss.LRspeed)
    LRspiral                                 0x200001fc   Data          68  chassistask.o(.bss.LRspiral)
    Omni                                     0x20000240   Data          16  chassistask.o(.bss.Omni)
    Posture_X                                0x20000250   Data          68  chassistask.o(.bss.Posture_X)
    Posture_Y                                0x20000294   Data          68  chassistask.o(.bss.Posture_Y)
    Presentline                              0x200002d8   Data          12  myusart.o(.bss.Presentline)
    RLout                                    0x200002e4   Data           4  chassistask.o(.bss.RLout)
    RLspeed                                  0x200002e8   Data          12  chassistask.o(.bss.RLspeed)
    RLspiral                                 0x200002f4   Data          68  chassistask.o(.bss.RLspiral)
    RRout                                    0x20000338   Data           4  chassistask.o(.bss.RRout)
    RRspeed                                  0x2000033c   Data          12  chassistask.o(.bss.RRspeed)
    RRspiral                                 0x20000348   Data          68  chassistask.o(.bss.RRspiral)
    SBUS_rx_buf                              0x2000038c   Data          72  myusart.o(.bss.SBUS_rx_buf)
    Speed                                    0x200003d4   Data          68  chassistask.o(.bss.Speed)
    Turn                                     0x20000418   Data          68  chassistask.o(.bss.Turn)
    UART1_RX_BUF                             0x2000045c   Data          28  myusart.o(.bss.UART1_RX_BUF)
    Upout                                    0x20000490   Data           4  chassistask.o(.bss.Upout)
    Upright                                  0x20000494   Data          68  chassistask.o(.bss.Upright)
    accel_dma_rx_buf                         0x200004d8   Data           9  instask.o(.bss.accel_dma_rx_buf)
    accel_temp_dma_rx_buf                    0x200004e1   Data           4  instask.o(.bss.accel_temp_dma_rx_buf)
    accel_temp_update_flag                   0x200004e5   Data           1  instask.o(.bss.accel_temp_update_flag)
    accel_update_flag                        0x200004e6   Data           1  instask.o(.bss.accel_update_flag)
    bmi088_real_data                         0x200004e8   Data          36  instask.o(.bss.bmi088_real_data)
    gyro                                     0x20000530   Data           4  chassistask.o(.bss.gyro)
    gyro_dma_rx_buf                          0x20000534   Data           8  instask.o(.bss.gyro_dma_rx_buf)
    gyro_update_flag                         0x2000053c   Data           1  instask.o(.bss.gyro_update_flag)
    haltick                                  0x20000540   Data           4  haltick.o(.bss.haltick)
    hcan1                                    0x20000544   Data          40  can.o(.bss.hcan1)
    hcanRxFrame                              0x2000056c   Data          36  mycan.o(.bss.hcanRxFrame)
    hdma_spi1_rx                             0x20000590   Data          96  spi.o(.bss.hdma_spi1_rx)
    hdma_spi1_tx                             0x200005f0   Data          96  spi.o(.bss.hdma_spi1_tx)
    hdma_usart1_rx                           0x20000650   Data          96  usart.o(.bss.hdma_usart1_rx)
    hdma_usart1_tx                           0x200006b0   Data          96  usart.o(.bss.hdma_usart1_tx)
    hdma_usart3_rx                           0x20000710   Data          96  usart.o(.bss.hdma_usart3_rx)
    hdma_usart6_tx                           0x20000770   Data          96  usart.o(.bss.hdma_usart6_tx)
    hspi1                                    0x200007d0   Data          88  spi.o(.bss.hspi1)
    htim1                                    0x20000828   Data          72  tim.o(.bss.htim1)
    htim10                                   0x20000870   Data          72  tim.o(.bss.htim10)
    htim2                                    0x200008b8   Data          72  stm32f4xx_hal_timebase_tim.o(.bss.htim2)
    htim8                                    0x20000900   Data          72  tim.o(.bss.htim8)
    huart1                                   0x20000948   Data          68  usart.o(.bss.huart1)
    huart3                                   0x2000098c   Data          68  usart.o(.bss.huart3)
    huart6                                   0x200009d0   Data          68  usart.o(.bss.huart6)
    imu_start_dma_flag                       0x20000a14   Data           1  instask.o(.bss.imu_start_dma_flag)
    integralFBx                              0x20000a44   Data           4  mahonyahrs.o(.bss.integralFBx)
    integralFBy                              0x20000a48   Data           4  mahonyahrs.o(.bss.integralFBy)
    integralFBz                              0x20000a4c   Data           4  mahonyahrs.o(.bss.integralFBz)
    ist8310_real_data                        0x20000a50   Data          16  instask.o(.bss.ist8310_real_data)
    mag_update_flag                          0x20000a60   Data           1  instask.o(.bss.mag_update_flag)
    myChassisTaskHandle                      0x20000a64   Data           4  freertos.o(.bss.myChassisTaskHandle)
    myInsTaskHandle                          0x20000a68   Data           4  freertos.o(.bss.myInsTaskHandle)
    mySerialTaskHandle                       0x20000a6c   Data           4  freertos.o(.bss.mySerialTaskHandle)
    pxCurrentTCB                             0x20000a70   Data           4  tasks.o(.bss.pxCurrentTCB)
    rc_ctrl                                  0x20000b0c   Data          22  myusart.o(.bss.rc_ctrl)
    speed                                    0x20000b24   Data           4  chassistask.o(.bss.speed)
    speedout                                 0x20000b28   Data           4  chassistask.o(.bss.speedout)
    switch_count                             0x20000b2c   Data           1  chassistask.o(.bss.switch_count)
    target                                   0x20000b30   Data          12  chassistask.o(.bss.target)
    trunout                                  0x20000b3c   Data           4  chassistask.o(.bss.trunout)
    twoKi                                    0x20000b40   Data           4  mahonyahrs.o(.bss.twoKi)
    uwTick                                   0x2000474c   Data           4  stm32f4xx_hal.o(.bss.uwTick)
    __initial_sp                             0x20004e58   Data           0  startup_stm32f407xx.o(STACK)



==============================================================================

Memory Map of the image

  Image Entry point : 0x08000189

  Load Region LR_IROM1 (Base: 0x08000000, Size: 0x000089c0, Max: 0x00100000, ABSOLUTE)

    Execution Region ER_IROM1 (Exec base: 0x08000000, Load base: 0x08000000, Size: 0x000088e4, Max: 0x00100000, ABSOLUTE)

    Exec Addr    Load Addr    Size         Type   Attr      Idx    E Section Name        Object

    0x08000000   0x08000000   0x00000188   Data   RO          385    RESET               startup_stm32f407xx.o
    0x08000188   0x08000188   0x00000000   Code   RO         2197  * .ARM.Collect$$$$00000000  mc_w.l(entry.o)
    0x08000188   0x08000188   0x00000004   Code   RO         2240    .ARM.Collect$$$$00000001  mc_w.l(entry2.o)
    0x0800018c   0x0800018c   0x00000004   Code   RO         2243    .ARM.Collect$$$$00000004  mc_w.l(entry5.o)
    0x08000190   0x08000190   0x00000000   Code   RO         2245    .ARM.Collect$$$$00000008  mc_w.l(entry7b.o)
    0x08000190   0x08000190   0x00000000   Code   RO         2247    .ARM.Collect$$$$0000000A  mc_w.l(entry8b.o)
    0x08000190   0x08000190   0x00000008   Code   RO         2248    .ARM.Collect$$$$0000000B  mc_w.l(entry9a.o)
    0x08000198   0x08000198   0x00000000   Code   RO         2250    .ARM.Collect$$$$0000000D  mc_w.l(entry10a.o)
    0x08000198   0x08000198   0x00000000   Code   RO         2252    .ARM.Collect$$$$0000000F  mc_w.l(entry11a.o)
    0x08000198   0x08000198   0x00000004   Code   RO         2241    .ARM.Collect$$$$00002712  mc_w.l(entry2.o)
    0x0800019c   0x0800019c   0x00000024   Code   RO          386    .text               startup_stm32f407xx.o
    0x080001c0   0x080001c0   0x00000062   Code   RO         2200    .text               mc_w.l(uldiv.o)
    0x08000222   0x08000222   0x00000024   Code   RO         2202    .text               mc_w.l(memcpya.o)
    0x08000246   0x08000246   0x00000024   Code   RO         2204    .text               mc_w.l(memseta.o)
    0x0800026a   0x0800026a   0x0000000e   Code   RO         2206    .text               mc_w.l(strlen.o)
    0x08000278   0x08000278   0x0000001e   Code   RO         2254    .text               mc_w.l(llshl.o)
    0x08000296   0x08000296   0x00000020   Code   RO         2256    .text               mc_w.l(llushr.o)
    0x080002b6   0x080002b6   0x00000000   Code   RO         2265    .text               mc_w.l(iusefp.o)
    0x080002b6   0x080002b6   0x00000002   PAD
    0x080002b8   0x080002b8   0x00000024   Code   RO         2268    .text               mc_w.l(init.o)
    0x080002dc   0x080002dc   0x00000074   Code   RO          117    .text.BMI088_accel_read_over  bmi088.o
    0x08000350   0x08000350   0x0000004e   Code   RO          119    .text.BMI088_gyro_read_over  bmi088.o
    0x0800039e   0x0800039e   0x00000024   Code   RO           99    .text.BMI088_init   bmi088.o
    0x080003c2   0x080003c2   0x00000176   Code   RO          121    .text.BMI088_read   bmi088.o
    0x08000538   0x08000538   0x00000034   Code   RO          109    .text.BMI088_read_muli_reg  bmi088.o
    0x0800056c   0x0800056c   0x0000003a   Code   RO          115    .text.BMI088_temperature_read_over  bmi088.o
    0x080005a6   0x080005a6   0x00000002   PAD
    0x080005a8   0x080005a8   0x00000002   Code   RO          545    .text.BusFault_Handler  stm32f4xx_it.o
    0x080005aa   0x080005aa   0x0000000c   Code   RO          557    .text.CAN1_RX0_IRQHandler  stm32f4xx_it.o
    0x080005b6   0x080005b6   0x0000000c   Code   RO          555    .text.CAN1_TX_IRQHandler  stm32f4xx_it.o
    0x080005c2   0x080005c2   0x0000003c   Code   RO          202    .text.CAN1_rxDataHandler  mycan.o
    0x080005fe   0x080005fe   0x00000048   Code   RO          198    .text.CAN_Init      mycan.o
    0x08000646   0x08000646   0x00000002   PAD
    0x08000648   0x08000648   0x00000804   Code   RO            2    .text.ChassisTask   chassistask.o
    0x08000e4c   0x08000e4c   0x0000000c   Code   RO          553    .text.DMA1_Stream1_IRQHandler  stm32f4xx_it.o
    0x08000e58   0x08000e58   0x00000016   Code   RO          569    .text.DMA2_Stream2_IRQHandler  stm32f4xx_it.o
    0x08000e6e   0x08000e6e   0x0000000c   Code   RO          571    .text.DMA2_Stream3_IRQHandler  stm32f4xx_it.o
    0x08000e7a   0x08000e7a   0x0000000c   Code   RO          573    .text.DMA2_Stream5_IRQHandler  stm32f4xx_it.o
    0x08000e86   0x08000e86   0x0000000c   Code   RO          575    .text.DMA2_Stream6_IRQHandler  stm32f4xx_it.o
    0x08000e92   0x08000e92   0x0000000c   Code   RO          577    .text.DMA2_Stream7_IRQHandler  stm32f4xx_it.o
    0x08000e9e   0x08000e9e   0x00000002   Code   RO          549    .text.DebugMon_Handler  stm32f4xx_it.o
    0x08000ea0   0x08000ea0   0x00000006   Code   RO          551    .text.EXTI4_IRQHandler  stm32f4xx_it.o
    0x08000ea6   0x08000ea6   0x00000006   Code   RO          559    .text.EXTI9_5_IRQHandler  stm32f4xx_it.o
    0x08000eac   0x08000eac   0x0000000a   Code   RO          397    .text.Error_Handler  main.o
    0x08000eb6   0x08000eb6   0x00000026   Code   RO          646    .text.HAL_CAN_ActivateNotification  stm32f4xx_hal_can.o
    0x08000edc   0x08000edc   0x000000a4   Code   RO          632    .text.HAL_CAN_AddTxMessage  stm32f4xx_hal_can.o
    0x08000f80   0x08000f80   0x000000de   Code   RO          622    .text.HAL_CAN_ConfigFilter  stm32f4xx_hal_can.o
    0x0800105e   0x0800105e   0x00000002   Code   RO          676    .text.HAL_CAN_ErrorCallback  stm32f4xx_hal_can.o
    0x08001060   0x08001060   0x0000010c   Code   RO          642    .text.HAL_CAN_GetRxMessage  stm32f4xx_hal_can.o
    0x0800116c   0x0800116c   0x00000200   Code   RO          650    .text.HAL_CAN_IRQHandler  stm32f4xx_hal_can.o
    0x0800136c   0x0800136c   0x000000f0   Code   RO          612    .text.HAL_CAN_Init  stm32f4xx_hal_can.o
    0x0800145c   0x0800145c   0x00000082   Code   RO          448    .text.HAL_CAN_MspInit  can.o
    0x080014de   0x080014de   0x00000002   Code   RO          664    .text.HAL_CAN_RxFifo0FullCallback  stm32f4xx_hal_can.o
    0x080014e0   0x080014e0   0x00000034   Code   RO          204    .text.HAL_CAN_RxFifo0MsgPendingCallback  mycan.o
    0x08001514   0x08001514   0x00000002   Code   RO          668    .text.HAL_CAN_RxFifo1FullCallback  stm32f4xx_hal_can.o
    0x08001516   0x08001516   0x00000002   Code   RO          670    .text.HAL_CAN_RxFifo1MsgPendingCallback  stm32f4xx_hal_can.o
    0x08001518   0x08001518   0x00000002   Code   RO          672    .text.HAL_CAN_SleepCallback  stm32f4xx_hal_can.o
    0x0800151a   0x0800151a   0x00000002   PAD
    0x0800151c   0x0800151c   0x00000058   Code   RO          624    .text.HAL_CAN_Start  stm32f4xx_hal_can.o
    0x08001574   0x08001574   0x00000002   Code   RO          654    .text.HAL_CAN_TxMailbox0AbortCallback  stm32f4xx_hal_can.o
    0x08001576   0x08001576   0x00000002   Code   RO          652    .text.HAL_CAN_TxMailbox0CompleteCallback  stm32f4xx_hal_can.o
    0x08001578   0x08001578   0x00000002   Code   RO          658    .text.HAL_CAN_TxMailbox1AbortCallback  stm32f4xx_hal_can.o
    0x0800157a   0x0800157a   0x00000002   Code   RO          656    .text.HAL_CAN_TxMailbox1CompleteCallback  stm32f4xx_hal_can.o
    0x0800157c   0x0800157c   0x00000002   Code   RO          662    .text.HAL_CAN_TxMailbox2AbortCallback  stm32f4xx_hal_can.o
    0x0800157e   0x0800157e   0x00000002   Code   RO          660    .text.HAL_CAN_TxMailbox2CompleteCallback  stm32f4xx_hal_can.o
    0x08001580   0x08001580   0x00000002   Code   RO          674    .text.HAL_CAN_WakeUpFromRxMsgCallback  stm32f4xx_hal_can.o
    0x08001582   0x08001582   0x00000002   PAD
    0x08001584   0x08001584   0x00000082   Code   RO          850    .text.HAL_DMA_Abort  stm32f4xx_hal_dma.o
    0x08001606   0x08001606   0x00000024   Code   RO          852    .text.HAL_DMA_Abort_IT  stm32f4xx_hal_dma.o
    0x0800162a   0x0800162a   0x00000002   PAD
    0x0800162c   0x0800162c   0x00000186   Code   RO          856    .text.HAL_DMA_IRQHandler  stm32f4xx_hal_dma.o
    0x080017b2   0x080017b2   0x00000002   PAD
    0x080017b4   0x080017b4   0x00000148   Code   RO          842    .text.HAL_DMA_Init  stm32f4xx_hal_dma.o
    0x080018fc   0x080018fc   0x0000009c   Code   RO          848    .text.HAL_DMA_Start_IT  stm32f4xx_hal_dma.o
    0x08001998   0x08001998   0x000000d2   Code   RO           55    .text.HAL_GPIO_EXTI_Callback  instask.o
    0x08001a6a   0x08001a6a   0x00000016   Code   RO          816    .text.HAL_GPIO_EXTI_IRQHandler  stm32f4xx_hal_gpio.o
    0x08001a80   0x08001a80   0x000001b8   Code   RO          804    .text.HAL_GPIO_Init  stm32f4xx_hal_gpio.o
    0x08001c38   0x08001c38   0x0000000a   Code   RO          810    .text.HAL_GPIO_WritePin  stm32f4xx_hal_gpio.o
    0x08001c42   0x08001c42   0x0000000c   Code   RO          995    .text.HAL_GetTick   stm32f4xx_hal.o
    0x08001c4e   0x08001c4e   0x0000001a   Code   RO          993    .text.HAL_IncTick   stm32f4xx_hal.o
    0x08001c68   0x08001c68   0x00000036   Code   RO          983    .text.HAL_Init      stm32f4xx_hal.o
    0x08001c9e   0x08001c9e   0x000000ac   Code   RO          597    .text.HAL_InitTick  stm32f4xx_hal_timebase_tim.o
    0x08001d4a   0x08001d4a   0x00000042   Code   RO          588    .text.HAL_MspInit   stm32f4xx_hal_msp.o
    0x08001d8c   0x08001d8c   0x0000001e   Code   RO          941    .text.HAL_NVIC_EnableIRQ  stm32f4xx_hal_cortex.o
    0x08001daa   0x08001daa   0x00000056   Code   RO          939    .text.HAL_NVIC_SetPriority  stm32f4xx_hal_cortex.o
    0x08001e00   0x08001e00   0x00000020   Code   RO          937    .text.HAL_NVIC_SetPriorityGrouping  stm32f4xx_hal_cortex.o
    0x08001e20   0x08001e20   0x0000014e   Code   RO          696    .text.HAL_RCC_ClockConfig  stm32f4xx_hal_rcc.o
    0x08001f6e   0x08001f6e   0x0000003e   Code   RO          714    .text.HAL_RCC_GetClockConfig  stm32f4xx_hal_rcc.o
    0x08001fac   0x08001fac   0x00000026   Code   RO          708    .text.HAL_RCC_GetPCLK1Freq  stm32f4xx_hal_rcc.o
    0x08001fd2   0x08001fd2   0x00000026   Code   RO          710    .text.HAL_RCC_GetPCLK2Freq  stm32f4xx_hal_rcc.o
    0x08001ff8   0x08001ff8   0x00000068   Code   RO          698    .text.HAL_RCC_GetSysClockFreq  stm32f4xx_hal_rcc.o
    0x08002060   0x08002060   0x0000035c   Code   RO          694    .text.HAL_RCC_OscConfig  stm32f4xx_hal_rcc.o
    0x080023bc   0x080023bc   0x00000002   Code   RO         1158    .text.HAL_SPI_ErrorCallback  stm32f4xx_hal_spi.o
    0x080023be   0x080023be   0x00000114   Code   RO         1154    .text.HAL_SPI_IRQHandler  stm32f4xx_hal_spi.o
    0x080024d2   0x080024d2   0x000000b4   Code   RO         1074    .text.HAL_SPI_Init  stm32f4xx_hal_spi.o
    0x08002586   0x08002586   0x00000124   Code   RO          472    .text.HAL_SPI_MspInit  spi.o
    0x080026aa   0x080026aa   0x00000002   PAD
    0x080026ac   0x080026ac   0x000001da   Code   RO         1088    .text.HAL_SPI_TransmitReceive  stm32f4xx_hal_spi.o
    0x08002886   0x08002886   0x00000002   Code   RO         1503    .text.HAL_TIMEx_BreakCallback  stm32f4xx_hal_tim_ex.o
    0x08002888   0x08002888   0x00000002   Code   RO         1499    .text.HAL_TIMEx_CommutCallback  stm32f4xx_hal_tim_ex.o
    0x0800288a   0x0800288a   0x0000004c   Code   RO         1495    .text.HAL_TIMEx_ConfigBreakDeadTime  stm32f4xx_hal_tim_ex.o
    0x080028d6   0x080028d6   0x000000ae   Code   RO         1493    .text.HAL_TIMEx_MasterConfigSynchronization  stm32f4xx_hal_tim_ex.o
    0x08002984   0x08002984   0x00000058   Code   RO         1192    .text.HAL_TIM_Base_Init  stm32f4xx_hal_tim.o
    0x080029dc   0x080029dc   0x00000032   Code   RO          497    .text.HAL_TIM_Base_MspInit  tim.o
    0x08002a0e   0x08002a0e   0x00000098   Code   RO         1202    .text.HAL_TIM_Base_Start  stm32f4xx_hal_tim.o
    0x08002aa6   0x08002aa6   0x000000a0   Code   RO         1206    .text.HAL_TIM_Base_Start_IT  stm32f4xx_hal_tim.o
    0x08002b46   0x08002b46   0x00000002   Code   RO         1328    .text.HAL_TIM_IC_CaptureCallback  stm32f4xx_hal_tim.o
    0x08002b48   0x08002b48   0x0000016a   Code   RO         1326    .text.HAL_TIM_IRQHandler  stm32f4xx_hal_tim.o
    0x08002cb2   0x08002cb2   0x000000da   Code   RO          489    .text.HAL_TIM_MspPostInit  tim.o
    0x08002d8c   0x08002d8c   0x00000002   Code   RO         1330    .text.HAL_TIM_OC_DelayElapsedCallback  stm32f4xx_hal_tim.o
    0x08002d8e   0x08002d8e   0x00000002   PAD
    0x08002d90   0x08002d90   0x00000098   Code   RO         1352    .text.HAL_TIM_PWM_ConfigChannel  stm32f4xx_hal_tim.o
    0x08002e28   0x08002e28   0x00000058   Code   RO         1246    .text.HAL_TIM_PWM_Init  stm32f4xx_hal_tim.o
    0x08002e80   0x08002e80   0x0000005c   Code   RO          495    .text.HAL_TIM_PWM_MspInit  tim.o
    0x08002edc   0x08002edc   0x00000002   Code   RO         1332    .text.HAL_TIM_PWM_PulseFinishedCallback  stm32f4xx_hal_tim.o
    0x08002ede   0x08002ede   0x00000104   Code   RO         1254    .text.HAL_TIM_PWM_Start  stm32f4xx_hal_tim.o
    0x08002fe2   0x08002fe2   0x0000000e   Code   RO          399    .text.HAL_TIM_PeriodElapsedCallback  main.o
    0x08002ff0   0x08002ff0   0x00000002   Code   RO         1336    .text.HAL_TIM_TriggerCallback  stm32f4xx_hal_tim.o
    0x08002ff2   0x08002ff2   0x00000002   Code   RO         1605    .text.HAL_UARTEx_RxEventCallback  stm32f4xx_hal_uart.o
    0x08002ff4   0x08002ff4   0x00000002   Code   RO         1603    .text.HAL_UART_ErrorCallback  stm32f4xx_hal_uart.o
    0x08002ff6   0x08002ff6   0x00000002   PAD
    0x08002ff8   0x08002ff8   0x000002ae   Code   RO         1597    .text.HAL_UART_IRQHandler  stm32f4xx_hal_uart.o
    0x080032a6   0x080032a6   0x0000005c   Code   RO         1517    .text.HAL_UART_Init  stm32f4xx_hal_uart.o
    0x08003302   0x08003302   0x00000288   Code   RO          520    .text.HAL_UART_MspInit  usart.o
    0x0800358a   0x0800358a   0x00000030   Code   RO         1553    .text.HAL_UART_Receive_DMA  stm32f4xx_hal_uart.o
    0x080035ba   0x080035ba   0x00000002   Code   RO         1611    .text.HAL_UART_RxCpltCallback  stm32f4xx_hal_uart.o
    0x080035bc   0x080035bc   0x00000002   Code   RO         1613    .text.HAL_UART_RxHalfCpltCallback  stm32f4xx_hal_uart.o
    0x080035be   0x080035be   0x00000002   Code   RO         1607    .text.HAL_UART_TxCpltCallback  stm32f4xx_hal_uart.o
    0x080035c0   0x080035c0   0x00000002   Code   RO          541    .text.HardFault_Handler  stm32f4xx_it.o
    0x080035c2   0x080035c2   0x00000044   Code   RO          224    .text.IIC_Ack       myiic.o
    0x08003606   0x08003606   0x00000044   Code   RO          226    .text.IIC_NAck      myiic.o
    0x0800364a   0x0800364a   0x00000002   PAD
    0x0800364c   0x0800364c   0x00000076   Code   RO          230    .text.IIC_Read_Byte  myiic.o
    0x080036c2   0x080036c2   0x00000002   PAD
    0x080036c4   0x080036c4   0x0000006c   Code   RO          228    .text.IIC_Send_Byte  myiic.o
    0x08003730   0x08003730   0x00000044   Code   RO          218    .text.IIC_Start     myiic.o
    0x08003774   0x08003774   0x00000046   Code   RO          220    .text.IIC_Stop      myiic.o
    0x080037ba   0x080037ba   0x00000002   PAD
    0x080037bc   0x080037bc   0x00000056   Code   RO          222    .text.IIC_Wait_Ack  myiic.o
    0x08003812   0x08003812   0x0000001c   Code   RO          297    .text.KalmanCreate  kalman.o
    0x0800382e   0x0800382e   0x0000005e   Code   RO          299    .text.KalmanFilter  kalman.o
    0x0800388c   0x0800388c   0x00000044   Code   RO          446    .text.MX_CAN1_Init  can.o
    0x080038d0   0x080038d0   0x0000009c   Code   RO          461    .text.MX_DMA_Init   dma.o
    0x0800396c   0x0800396c   0x000000a0   Code   RO          421    .text.MX_FREERTOS_Init  freertos.o
    0x08003a0c   0x08003a0c   0x0000013a   Code   RO          410    .text.MX_GPIO_Init  gpio.o
    0x08003b46   0x08003b46   0x0000004a   Code   RO          470    .text.MX_SPI1_Init  spi.o
    0x08003b90   0x08003b90   0x0000007c   Code   RO          493    .text.MX_TIM10_Init  tim.o
    0x08003c0c   0x08003c0c   0x000000f6   Code   RO          487    .text.MX_TIM1_Init  tim.o
    0x08003d02   0x08003d02   0x000000b6   Code   RO          491    .text.MX_TIM8_Init  tim.o
    0x08003db8   0x08003db8   0x00000054   Code   RO          514    .text.MX_USART1_UART_Init  usart.o
    0x08003e0c   0x08003e0c   0x0000003e   Code   RO          516    .text.MX_USART3_UART_Init  usart.o
    0x08003e4a   0x08003e4a   0x0000003a   Code   RO          518    .text.MX_USART6_UART_Init  usart.o
    0x08003e84   0x08003e84   0x00000450   Code   RO          313    .text.MahonyAHRSupdate  mahonyahrs.o
    0x080042d4   0x080042d4   0x0000029c   Code   RO          315    .text.MahonyAHRSupdateIMU  mahonyahrs.o
    0x08004570   0x08004570   0x00000002   Code   RO          543    .text.MemManage_Handler  stm32f4xx_it.o
    0x08004572   0x08004572   0x00000002   PAD
    0x08004574   0x08004574   0x00000002   Code   RO          539    .text.NMI_Handler   stm32f4xx_it.o
    0x08004576   0x08004576   0x0000000a   Code   RO          342    .text.PID_Delta_init  pid.o
    0x08004580   0x08004580   0x00000036   Code   RO          334    .text.PID_Init      pid.o
    0x080045b6   0x080045b6   0x0000000a   PAD
    0x080045c0   0x080045c0   0x00000064   Code   RO         2104    .text.PendSV_Handler  port.o
    0x08004624   0x08004624   0x000008ba   Code   RO          246    .text.SPI1_DMA_enable  myspi.o
    0x08004ede   0x08004ede   0x00000002   PAD
    0x08004ee0   0x08004ee0   0x000000f2   Code   RO          244    .text.SPI1_DMA_init  myspi.o
    0x08004fd2   0x08004fd2   0x0000000c   Code   RO          563    .text.SPI1_IRQHandler  stm32f4xx_it.o
    0x08004fde   0x08004fde   0x0000000c   Code   RO         1156    .text.SPI_DMAAbortOnError  stm32f4xx_hal_spi.o
    0x08004fea   0x08004fea   0x00000002   PAD
    0x08004fec   0x08004fec   0x00000064   Code   RO         1084    .text.SPI_EndRxTxTransaction  stm32f4xx_hal_spi.o
    0x08005050   0x08005050   0x0000002c   Code   RO          242    .text.SPI_ReadWriteByte  myspi.o
    0x0800507c   0x0800507c   0x000000c4   Code   RO         1182    .text.SPI_WaitFlagStateUntilTimeout  stm32f4xx_hal_spi.o
    0x08005140   0x08005140   0x00000024   Code   RO         2088    .text.SVC_Handler   port.o
    0x08005164   0x08005164   0x00000018   Code   RO           90    .text.SerialTask    serialtask.o
    0x0800517c   0x0800517c   0x000002b8   Code   RO           53    .text.StartInsTask  instask.o
    0x08005434   0x08005434   0x0000002e   Code   RO         2106    .text.SysTick_Handler  port.o
    0x08005462   0x08005462   0x00000002   PAD
    0x08005464   0x08005464   0x000000ae   Code   RO          395    .text.SystemClock_Config  main.o
    0x08005512   0x08005512   0x00000012   Code   RO         1641    .text.SystemInit    system_stm32f4xx.o
    0x08005524   0x08005524   0x0000000c   Code   RO          561    .text.TIM2_IRQHandler  stm32f4xx_it.o
    0x08005530   0x08005530   0x0000011c   Code   RO         1196    .text.TIM_Base_SetConfig  stm32f4xx_hal_tim.o
    0x0800564c   0x0800564c   0x00000064   Code   RO         1340    .text.TIM_OC1_SetConfig  stm32f4xx_hal_tim.o
    0x080056b0   0x080056b0   0x0000006a   Code   RO         1342    .text.TIM_OC2_SetConfig  stm32f4xx_hal_tim.o
    0x0800571a   0x0800571a   0x00000068   Code   RO         1344    .text.TIM_OC3_SetConfig  stm32f4xx_hal_tim.o
    0x08005782   0x08005782   0x0000004e   Code   RO         1346    .text.TIM_OC4_SetConfig  stm32f4xx_hal_tim.o
    0x080057d0   0x080057d0   0x0000000c   Code   RO         1601    .text.UART_DMAAbortOnError  stm32f4xx_hal_uart.o
    0x080057dc   0x080057dc   0x00000064   Code   RO         1551    .text.UART_DMAError  stm32f4xx_hal_uart.o
    0x08005840   0x08005840   0x0000007c   Code   RO         1629    .text.UART_DMAReceiveCplt  stm32f4xx_hal_uart.o
    0x080058bc   0x080058bc   0x00000014   Code   RO         1631    .text.UART_DMARxHalfCplt  stm32f4xx_hal_uart.o
    0x080058d0   0x080058d0   0x00000050   Code   RO         1563    .text.UART_EndRxTransfer  stm32f4xx_hal_uart.o
    0x08005920   0x08005920   0x000000c4   Code   RO         1599    .text.UART_Receive_IT  stm32f4xx_hal_uart.o
    0x080059e4   0x080059e4   0x000000dc   Code   RO         1521    .text.UART_SetConfig  stm32f4xx_hal_uart.o
    0x08005ac0   0x08005ac0   0x0000009a   Code   RO         1555    .text.UART_Start_Receive_DMA  stm32f4xx_hal_uart.o
    0x08005b5a   0x08005b5a   0x0000001a   Code   RO          565    .text.USART1_IRQHandler  stm32f4xx_it.o
    0x08005b74   0x08005b74   0x0000001a   Code   RO          567    .text.USART3_IRQHandler  stm32f4xx_it.o
    0x08005b8e   0x08005b8e   0x0000000c   Code   RO          579    .text.USART6_IRQHandler  stm32f4xx_it.o
    0x08005b9a   0x08005b9a   0x00000016   Code   RO          200    .text.USER_CAN_TxMessage  mycan.o
    0x08005bb0   0x08005bb0   0x00000432   Code   RO           59    .text.USER_DMA2_Stream2_IRQHandler  instask.o
    0x08005fe2   0x08005fe2   0x00000002   PAD
    0x08005fe4   0x08005fe4   0x00000218   Code   RO          260    .text.USER_UART_IRQHandler  myusart.o
    0x080061fc   0x080061fc   0x00000002   Code   RO          547    .text.UsageFault_Handler  stm32f4xx_it.o
    0x080061fe   0x080061fe   0x00000002   PAD
    0x08006200   0x08006200   0x000001ca   Code   RO          103    .text.bmi088_accel_init  bmi088.o
    0x080063ca   0x080063ca   0x00000002   PAD
    0x080063cc   0x080063cc   0x00000418   Code   RO          101    .text.bmi088_accel_self_test  bmi088.o
    0x080067e4   0x080067e4   0x00000184   Code   RO          107    .text.bmi088_gyro_init  bmi088.o
    0x08006968   0x08006968   0x00000162   Code   RO          105    .text.bmi088_gyro_self_test  bmi088.o
    0x08006aca   0x08006aca   0x00000002   PAD
    0x08006acc   0x08006acc   0x00000018   Code   RO          148    .text.delay_ms      haltick.o
    0x08006ae4   0x08006ae4   0x00000040   Code   RO          146    .text.delay_us      haltick.o
    0x08006b24   0x08006b24   0x000000c0   Code   RO          332    .text.f_PID_Calculate  pid.o
    0x08006be4   0x08006be4   0x00000084   Code   RO          340    .text.f_PID_Delta_Calc  pid.o
    0x08006c68   0x08006c68   0x00000022   Code   RO          338    .text.f_PID_param_init  pid.o
    0x08006c8a   0x08006c8a   0x0000001c   Code   RO          336    .text.f_PID_reset   pid.o
    0x08006ca6   0x08006ca6   0x00000002   PAD
    0x08006ca8   0x08006ca8   0x00000170   Code   RO          185    .text.get_Motor_Data  motor.o
    0x08006e18   0x08006e18   0x000000bc   Code   RO           51    .text.get_angle     instask.o
    0x08006ed4   0x08006ed4   0x00000184   Code   RO           57    .text.imu_cmd_spi_dma  instask.o
    0x08007058   0x08007058   0x00000056   Code   RO          161    .text.ist8310_IIC_read_muli_reg  ist8310.o
    0x080070ae   0x080070ae   0x00000002   PAD
    0x080070b0   0x080070b0   0x0000005c   Code   RO          173    .text.ist8310_read_mag  ist8310.o
    0x0800710c   0x0800710c   0x00000086   Code   RO          393    .text.main          main.o
    0x08007192   0x08007192   0x00000010   Code   RO         1958    .text.osDelay       cmsis_os.o
    0x080071a2   0x080071a2   0x00000010   Code   RO         2024    .text.osDelayUntil  cmsis_os.o
    0x080071b2   0x080071b2   0x0000000a   Code   RO         1940    .text.osKernelStart  cmsis_os.o
    0x080071bc   0x080071bc   0x0000000e   Code   RO         1944    .text.osKernelSysTick  cmsis_os.o
    0x080071ca   0x080071ca   0x0000005a   Code   RO         1946    .text.osThreadCreate  cmsis_os.o
    0x08007224   0x08007224   0x00000026   Code   RO         1858    .text.pcTaskGetName  tasks.o
    0x0800724a   0x0800724a   0x000000a0   Code   RO         1824    .text.prvAddCurrentTaskToDelayedList  tasks.o
    0x080072ea   0x080072ea   0x00000002   PAD
    0x080072ec   0x080072ec   0x00000116   Code   RO         1812    .text.prvAddNewTaskToReadyList  tasks.o
    0x08007402   0x08007402   0x00000002   PAD
    0x08007404   0x08007404   0x00000036   Code   RO         1818    .text.prvDeleteTCB  tasks.o
    0x0800743a   0x0800743a   0x00000002   PAD
    0x0800743c   0x0800743c   0x0000006c   Code   RO         1846    .text.prvIdleTask   tasks.o
    0x080074a8   0x080074a8   0x00000088   Code   RO         1810    .text.prvInitialiseNewTask  tasks.o
    0x08007530   0x08007530   0x00000054   Code   RO         2056    .text.prvInsertBlockIntoFreeList  heap_4.o
    0x08007584   0x08007584   0x00000028   Code   RO         2096    .text.prvPortStartFirstTask  port.o
    0x080075ac   0x080075ac   0x00000054   Code   RO         1862    .text.prvSearchForNameWithinSingleList  tasks.o
    0x08007600   0x08007600   0x00000032   Code   RO         2086    .text.prvTaskExitError  port.o
    0x08007632   0x08007632   0x00000002   PAD
    0x08007634   0x08007634   0x00000194   Code   RO         2054    .text.pvPortMalloc  heap_4.o
    0x080077c8   0x080077c8   0x00000028   Code   RO         2084    .text.pxPortInitialiseStack  port.o
    0x080077f0   0x080077f0   0x0000005c   Code   RO          258    .text.remote_control_init  myusart.o
    0x0800784c   0x0800784c   0x00000024   Code   RO         1693    .text.uxListRemove  list.o
    0x08007870   0x08007870   0x0000001a   Code   RO          419    .text.vApplicationGetIdleTaskMemory  freertos.o
    0x0800788a   0x0800788a   0x00000016   Code   RO         1685    .text.vListInitialise  list.o
    0x080078a0   0x080078a0   0x00000006   Code   RO         1687    .text.vListInitialiseItem  list.o
    0x080078a6   0x080078a6   0x00000002   PAD
    0x080078a8   0x080078a8   0x0000003a   Code   RO         1691    .text.vListInsert   list.o
    0x080078e2   0x080078e2   0x0000001c   Code   RO         1689    .text.vListInsertEnd  list.o
    0x080078fe   0x080078fe   0x00000002   PAD
    0x08007900   0x08007900   0x00000014   Code   RO         2094    .text.vPortEnableVFP  port.o
    0x08007914   0x08007914   0x00000042   Code   RO         2100    .text.vPortEnterCritical  port.o
    0x08007956   0x08007956   0x00000002   PAD
    0x08007958   0x08007958   0x0000002e   Code   RO         2102    .text.vPortExitCritical  port.o
    0x08007986   0x08007986   0x00000002   PAD
    0x08007988   0x08007988   0x00000088   Code   RO         2058    .text.vPortFree     heap_4.o
    0x08007a10   0x08007a10   0x00000034   Code   RO         2092    .text.vPortSetupTimerInterrupt  port.o
    0x08007a44   0x08007a44   0x00000062   Code   RO         2108    .text.vPortValidateInterruptPriority  port.o
    0x08007aa6   0x08007aa6   0x00000002   PAD
    0x08007aa8   0x08007aa8   0x0000004e   Code   RO         1828    .text.vTaskDelay    tasks.o
    0x08007af6   0x08007af6   0x00000002   PAD
    0x08007af8   0x08007af8   0x000000a2   Code   RO         1820    .text.vTaskDelayUntil  tasks.o
    0x08007b9a   0x08007b9a   0x00000002   PAD
    0x08007b9c   0x08007b9c   0x000000da   Code   RO         1904    .text.vTaskNotifyGiveFromISR  tasks.o
    0x08007c76   0x08007c76   0x00000002   PAD
    0x08007c78   0x08007c78   0x00000080   Code   RO         1844    .text.vTaskStartScheduler  tasks.o
    0x08007cf8   0x08007cf8   0x00000010   Code   RO         1822    .text.vTaskSuspendAll  tasks.o
    0x08007d08   0x08007d08   0x00000082   Code   RO         1838    .text.vTaskSwitchContext  tasks.o
    0x08007d8a   0x08007d8a   0x00000002   PAD
    0x08007d8c   0x08007d8c   0x0000012a   Code   RO         2090    .text.xPortStartScheduler  port.o
    0x08007eb6   0x08007eb6   0x0000005a   Code   RO         1814    .text.xTaskCreate   tasks.o
    0x08007f10   0x08007f10   0x00000076   Code   RO         1808    .text.xTaskCreateStatic  tasks.o
    0x08007f86   0x08007f86   0x00000002   PAD
    0x08007f88   0x08007f88   0x000000a6   Code   RO         1860    .text.xTaskGetHandle  tasks.o
    0x0800802e   0x0800802e   0x00000024   Code   RO         1884    .text.xTaskGetSchedulerState  tasks.o
    0x08008052   0x08008052   0x0000000c   Code   RO         1852    .text.xTaskGetTickCount  tasks.o
    0x0800805e   0x0800805e   0x00000012   Code   RO         1854    .text.xTaskGetTickCountFromISR  tasks.o
    0x08008070   0x08008070   0x0000017e   Code   RO         1850    .text.xTaskIncrementTick  tasks.o
    0x080081ee   0x080081ee   0x00000002   PAD
    0x080081f0   0x080081f0   0x00000132   Code   RO         1826    .text.xTaskResumeAll  tasks.o
    0x08008322   0x08008322   0x00000026   Code   RO         2224    i.__ARM_fpclassifyf  m_wm.l(fpclassifyf.o)
    0x08008348   0x08008348   0x0000012c   Code   RO         2179    i.__hardfp_asinf    m_wm.l(asinf.o)
    0x08008474   0x08008474   0x000002ac   Code   RO         2185    i.__hardfp_atan2f   m_wm.l(atan2f.o)
    0x08008720   0x08008720   0x0000003a   Code   RO         2191    i.__hardfp_sqrtf    m_wm.l(sqrtf.o)
    0x0800875a   0x0800875a   0x00000006   Code   RO         2227    i.__mathlib_flt_infnan  m_wm.l(funder.o)
    0x08008760   0x08008760   0x00000006   Code   RO         2228    i.__mathlib_flt_infnan2  m_wm.l(funder.o)
    0x08008766   0x08008766   0x00000002   PAD
    0x08008768   0x08008768   0x00000010   Code   RO         2229    i.__mathlib_flt_invalid  m_wm.l(funder.o)
    0x08008778   0x08008778   0x00000010   Code   RO         2232    i.__mathlib_flt_underflow  m_wm.l(funder.o)
    0x08008788   0x08008788   0x0000000e   Code   RO         2272    i.__scatterload_copy  mc_w.l(handlers.o)
    0x08008796   0x08008796   0x00000002   Code   RO         2273    i.__scatterload_null  mc_w.l(handlers.o)
    0x08008798   0x08008798   0x0000000e   Code   RO         2274    i.__scatterload_zeroinit  mc_w.l(handlers.o)
    0x080087a6   0x080087a6   0x00000002   PAD
    0x080087a8   0x080087a8   0x0000000c   Code   RO         2260    i.__set_errno       mc_w.l(errno.o)
    0x080087b4   0x080087b4   0x0000003e   Code   RO         2193    i.sqrtf             m_wm.l(sqrtf.o)
    0x080087f2   0x080087f2   0x00000002   PAD
    0x080087f4   0x080087f4   0x0000001c   Data   RO          434    .rodata..L__const.MX_FREERTOS_Init.os_thread_def_myChassisTask  freertos.o
    0x08008810   0x08008810   0x0000001c   Data   RO          432    .rodata..L__const.MX_FREERTOS_Init.os_thread_def_myInsTask  freertos.o
    0x0800882c   0x0800882c   0x0000001c   Data   RO          436    .rodata..L__const.MX_FREERTOS_Init.os_thread_def_mySerialTask  freertos.o
    0x08008848   0x08008848   0x00000010   Data   RO         1646    .rodata.AHBPrescTable  system_stm32f4xx.o
    0x08008858   0x08008858   0x00000008   Data   RO         1647    .rodata.APBPrescTable  system_stm32f4xx.o
    0x08008860   0x08008860   0x00000012   Data   RO          135    .rodata.bmi088_accel_self_test.write_BMI088_ACCEL_self_test_Reg_Data_Error  bmi088.o
    0x08008872   0x08008872   0x00000008   Data   RO          866    .rodata.cst8        stm32f4xx_hal_dma.o
    0x0800887a   0x0800887a   0x00000025   Data   RO          431    .rodata.str1.1      freertos.o
    0x0800889f   0x0800889f   0x00000012   Data   RO          133    .rodata.write_BMI088_accel_reg_data_error  bmi088.o
    0x080088b1   0x080088b1   0x00000012   Data   RO          134    .rodata.write_BMI088_gyro_reg_data_error  bmi088.o
    0x080088c3   0x080088c3   0x00000001   PAD
    0x080088c4   0x080088c4   0x00000020   Data   RO         2271    Region$$Table       anon$$obj.o


    Execution Region RW_IRAM1 (Exec base: 0x20000000, Load base: 0x080088e8, Size: 0x00004e58, Max: 0x0001c000, ABSOLUTE)

    Exec Addr    Load Addr    Size         Type   Attr      Idx    E Section Name        Object

    0x20000000   0x080088e8   0x00000004   Data   RW         2261    .data               mc_w.l(errno.o)
    0x20000004   0x080088ec   0x00000004   Data   RW          131    .data.BMI088_ACCEL_SEN  bmi088.o
    0x20000008   0x080088f0   0x00000004   Data   RW          132    .data.BMI088_GYRO_SEN  bmi088.o
    0x2000000c   0x080088f4   0x00000060   Data   RW          187    .data.Balance       motor.o
    0x2000006c   0x08008954   0x00000004   Data   RW         1645    .data.SystemCoreClock  system_stm32f4xx.o
    0x20000070   0x08008958   0x00000009   Data   RW           62    .data.accel_dma_tx_buf  instask.o
    0x20000079   0x08008961   0x00000004   Data   RW           63    .data.accel_temp_dma_tx_buf  instask.o
    0x2000007d   0x08008965   0x00000008   Data   RW           61    .data.gyro_dma_tx_buf  instask.o
    0x20000085   0x0800896d   0x00000003   PAD
    0x20000088   0x08008970   0x00000020   Data   RW          206    .data.hcanTxFrame   mycan.o
    0x200000a8   0x08008990   0x00000018   Data   RW            7    .data.midTurn       chassistask.o
    0x200000c0   0x080089a8   0x00000004   Data   RW           10    .data.midangle      chassistask.o
    0x200000c4   0x080089ac   0x00000004   Data   RW          319    .data.twoKp         mahonyahrs.o
    0x200000c8   0x080089b0   0x00000001   Data   RW         1038    .data.uwTickFreq    stm32f4xx_hal.o
    0x200000c9   0x080089b1   0x00000003   PAD
    0x200000cc   0x080089b4   0x00000004   Data   RW         1037    .data.uwTickPrio    stm32f4xx_hal.o
    0x200000d0   0x080089b8   0x00000004   Data   RW         2112    .data.uxCriticalNesting  port.o
    0x200000d4   0x080089bc   0x00000004   PAD
    0x200000d8        -       0x0000000c   Zero   RW           29    .bss.Goalline       chassistask.o
    0x200000e4        -       0x00000044   Zero   RW           19    .bss.Gyro           chassistask.o
    0x20000128        -       0x00000030   Zero   RW           24    .bss.Gyro_Kalman    chassistask.o
    0x20000158        -       0x00000004   Zero   RW           79    .bss.HAL_GPIO_EXTI_Callback.xHigherPriorityTaskWoken  instask.o
    0x2000015c        -       0x00000001   Zero   RW            5    .bss.IF_GOAL_SWITCH  chassistask.o
    0x2000015d        -       0x00000001   Zero   RW            4    .bss.IF_START_RUNNING  chassistask.o
    0x2000015e   0x080089bc   0x00000002   PAD
    0x20000160        -       0x0000000c   Zero   RW           70    .bss.INS_angle      instask.o
    0x2000016c        -       0x00000010   Zero   RW           69    .bss.INS_quat       instask.o
    0x2000017c        -       0x00000004   Zero   RW           75    .bss.INS_task_local_handler  instask.o
    0x20000180        -       0x00000018   Zero   RW           78    .bss.Imu            instask.o
    0x20000198        -       0x00000004   Zero   RW           34    .bss.LLout          chassistask.o
    0x2000019c        -       0x0000000c   Zero   RW           25    .bss.LLspeed        chassistask.o
    0x200001a8        -       0x00000044   Zero   RW           20    .bss.LLspiral       chassistask.o
    0x200001ec        -       0x00000004   Zero   RW           35    .bss.LRout          chassistask.o
    0x200001f0        -       0x0000000c   Zero   RW           26    .bss.LRspeed        chassistask.o
    0x200001fc        -       0x00000044   Zero   RW           21    .bss.LRspiral       chassistask.o
    0x20000240        -       0x00000010   Zero   RW           13    .bss.Omni           chassistask.o
    0x20000250        -       0x00000044   Zero   RW           15    .bss.Posture_X      chassistask.o
    0x20000294        -       0x00000044   Zero   RW           16    .bss.Posture_Y      chassistask.o
    0x200002d8        -       0x0000000c   Zero   RW          266    .bss.Presentline    myusart.o
    0x200002e4        -       0x00000004   Zero   RW           37    .bss.RLout          chassistask.o
    0x200002e8        -       0x0000000c   Zero   RW           28    .bss.RLspeed        chassistask.o
    0x200002f4        -       0x00000044   Zero   RW           22    .bss.RLspiral       chassistask.o
    0x20000338        -       0x00000004   Zero   RW           36    .bss.RRout          chassistask.o
    0x2000033c        -       0x0000000c   Zero   RW           27    .bss.RRspeed        chassistask.o
    0x20000348        -       0x00000044   Zero   RW           23    .bss.RRspiral       chassistask.o
    0x2000038c        -       0x00000048   Zero   RW          264    .bss.SBUS_rx_buf    myusart.o
    0x200003d4        -       0x00000044   Zero   RW           14    .bss.Speed          chassistask.o
    0x20000418        -       0x00000044   Zero   RW           17    .bss.Turn           chassistask.o
    0x2000045c        -       0x0000001c   Zero   RW          263    .bss.UART1_RX_BUF   myusart.o
    0x20000478        -       0x00000018   Zero   RW          267    .bss.USAR_UART1_IDLECallback.posture  myusart.o
    0x20000490        -       0x00000004   Zero   RW           33    .bss.Upout          chassistask.o
    0x20000494        -       0x00000044   Zero   RW           18    .bss.Upright        chassistask.o
    0x200004d8        -       0x00000009   Zero   RW           76    .bss.accel_dma_rx_buf  instask.o
    0x200004e1        -       0x00000004   Zero   RW           77    .bss.accel_temp_dma_rx_buf  instask.o
    0x200004e5        -       0x00000001   Zero   RW           66    .bss.accel_temp_update_flag  instask.o
    0x200004e6        -       0x00000001   Zero   RW           65    .bss.accel_update_flag  instask.o
    0x200004e7   0x080089bc   0x00000001   PAD
    0x200004e8        -       0x00000024   Zero   RW           71    .bss.bmi088_real_data  instask.o
    0x2000050c        -       0x00000010   Zero   RW          188    .bss.encoder2Angle.angle_Last  motor.o
    0x2000051c        -       0x00000010   Zero   RW          189    .bss.encoder2Angle.result_Encoder  motor.o
    0x2000052c        -       0x00000001   Zero   RW           81    .bss.first_temperate  instask.o
    0x2000052d   0x080089bc   0x00000003   PAD
    0x20000530        -       0x00000004   Zero   RW           12    .bss.gyro           chassistask.o
    0x20000534        -       0x00000008   Zero   RW           74    .bss.gyro_dma_rx_buf  instask.o
    0x2000053c        -       0x00000001   Zero   RW           64    .bss.gyro_update_flag  instask.o
    0x2000053d   0x080089bc   0x00000003   PAD
    0x20000540        -       0x00000004   Zero   RW          150    .bss.haltick        haltick.o
    0x20000544        -       0x00000028   Zero   RW          452    .bss.hcan1          can.o
    0x2000056c        -       0x00000024   Zero   RW          207    .bss.hcanRxFrame    mycan.o
    0x20000590        -       0x00000060   Zero   RW          477    .bss.hdma_spi1_rx   spi.o
    0x200005f0        -       0x00000060   Zero   RW          478    .bss.hdma_spi1_tx   spi.o
    0x20000650        -       0x00000060   Zero   RW          528    .bss.hdma_usart1_rx  usart.o
    0x200006b0        -       0x00000060   Zero   RW          527    .bss.hdma_usart1_tx  usart.o
    0x20000710        -       0x00000060   Zero   RW          529    .bss.hdma_usart3_rx  usart.o
    0x20000770        -       0x00000060   Zero   RW          530    .bss.hdma_usart6_tx  usart.o
    0x200007d0        -       0x00000058   Zero   RW          476    .bss.hspi1          spi.o
    0x20000828        -       0x00000048   Zero   RW          503    .bss.htim1          tim.o
    0x20000870        -       0x00000048   Zero   RW          505    .bss.htim10         tim.o
    0x200008b8        -       0x00000048   Zero   RW          603    .bss.htim2          stm32f4xx_hal_timebase_tim.o
    0x20000900        -       0x00000048   Zero   RW          504    .bss.htim8          tim.o
    0x20000948        -       0x00000044   Zero   RW          524    .bss.huart1         usart.o
    0x2000098c        -       0x00000044   Zero   RW          525    .bss.huart3         usart.o
    0x200009d0        -       0x00000044   Zero   RW          526    .bss.huart6         usart.o
    0x20000a14        -       0x00000001   Zero   RW           68    .bss.imu_start_dma_flag  instask.o
    0x20000a15        -       0x00000001   Zero   RW           80    .bss.imu_temp_control.temp_constant_time  instask.o
    0x20000a16   0x080089bc   0x00000002   PAD
    0x20000a18        -       0x0000002c   Zero   RW           72    .bss.imu_temp_pid   instask.o
    0x20000a44        -       0x00000004   Zero   RW          321    .bss.integralFBx    mahonyahrs.o
    0x20000a48        -       0x00000004   Zero   RW          322    .bss.integralFBy    mahonyahrs.o
    0x20000a4c        -       0x00000004   Zero   RW          323    .bss.integralFBz    mahonyahrs.o
    0x20000a50        -       0x00000010   Zero   RW           73    .bss.ist8310_real_data  instask.o
    0x20000a60        -       0x00000001   Zero   RW           67    .bss.mag_update_flag  instask.o
    0x20000a61   0x080089bc   0x00000003   PAD
    0x20000a64        -       0x00000004   Zero   RW          435    .bss.myChassisTaskHandle  freertos.o
    0x20000a68        -       0x00000004   Zero   RW          433    .bss.myInsTaskHandle  freertos.o
    0x20000a6c        -       0x00000004   Zero   RW          437    .bss.mySerialTaskHandle  freertos.o
    0x20000a70        -       0x00000004   Zero   RW         1910    .bss.pxCurrentTCB   tasks.o
    0x20000a74        -       0x00000004   Zero   RW         1926    .bss.pxDelayedTaskList  tasks.o
    0x20000a78        -       0x00000004   Zero   RW         2068    .bss.pxEnd          heap_4.o
    0x20000a7c        -       0x00000004   Zero   RW         1927    .bss.pxOverflowDelayedTaskList  tasks.o
    0x20000a80        -       0x0000008c   Zero   RW         1911    .bss.pxReadyTasksLists  tasks.o
    0x20000b0c        -       0x00000016   Zero   RW          265    .bss.rc_ctrl        myusart.o
    0x20000b22   0x080089bc   0x00000002   PAD
    0x20000b24        -       0x00000004   Zero   RW           11    .bss.speed          chassistask.o
    0x20000b28        -       0x00000004   Zero   RW           32    .bss.speedout       chassistask.o
    0x20000b2c        -       0x00000001   Zero   RW            6    .bss.switch_count   chassistask.o
    0x20000b2d   0x080089bc   0x00000003   PAD
    0x20000b30        -       0x0000000c   Zero   RW           30    .bss.target         chassistask.o
    0x20000b3c        -       0x00000004   Zero   RW           31    .bss.trunout        chassistask.o
    0x20000b40        -       0x00000004   Zero   RW          320    .bss.twoKi          mahonyahrs.o
    0x20000b44        -       0x00003c00   Zero   RW         2075    .bss.ucHeap         heap_4.o
    0x20004744        -       0x00000001   Zero   RW         2110    .bss.ucMaxSysCallPriority  port.o
    0x20004745   0x080089bc   0x00000003   PAD
    0x20004748        -       0x00000004   Zero   RW         2111    .bss.ulMaxPRIGROUPValue  port.o
    0x2000474c        -       0x00000004   Zero   RW         1039    .bss.uwTick         stm32f4xx_hal.o
    0x20004750        -       0x00000004   Zero   RW         1916    .bss.uxCurrentNumberOfTasks  tasks.o
    0x20004754        -       0x00000004   Zero   RW         1915    .bss.uxDeletedTasksWaitingCleanUp  tasks.o
    0x20004758        -       0x00000004   Zero   RW         1918    .bss.uxSchedulerSuspended  tasks.o
    0x2000475c        -       0x00000004   Zero   RW         1913    .bss.uxTaskNumber   tasks.o
    0x20004760        -       0x00000004   Zero   RW         1912    .bss.uxTopReadyPriority  tasks.o
    0x20004764        -       0x00000001   Zero   RW         2069    .bss.xBlockAllocatedBit  heap_4.o
    0x20004765   0x080089bc   0x00000003   PAD
    0x20004768        -       0x00000014   Zero   RW         1929    .bss.xDelayedTaskList1  tasks.o
    0x2000477c        -       0x00000014   Zero   RW         1930    .bss.xDelayedTaskList2  tasks.o
    0x20004790        -       0x00000004   Zero   RW         2070    .bss.xFreeBytesRemaining  heap_4.o
    0x20004794        -       0x00000200   Zero   RW          430    .bss.xIdleStack     freertos.o
    0x20004994        -       0x00000004   Zero   RW         1922    .bss.xIdleTaskHandle  tasks.o
    0x20004998        -       0x00000054   Zero   RW          429    .bss.xIdleTaskTCBBuffer  freertos.o
    0x200049ec        -       0x00000004   Zero   RW         2072    .bss.xMinimumEverFreeBytesRemaining  heap_4.o
    0x200049f0        -       0x00000004   Zero   RW         1923    .bss.xNextTaskUnblockTime  tasks.o
    0x200049f4        -       0x00000004   Zero   RW         1928    .bss.xNumOfOverflows  tasks.o
    0x200049f8        -       0x00000004   Zero   RW         2073    .bss.xNumberOfSuccessfulAllocations  heap_4.o
    0x200049fc        -       0x00000004   Zero   RW         2074    .bss.xNumberOfSuccessfulFrees  heap_4.o
    0x20004a00        -       0x00000004   Zero   RW         1925    .bss.xPendedTicks   tasks.o
    0x20004a04        -       0x00000014   Zero   RW         1921    .bss.xPendingReadyList  tasks.o
    0x20004a18        -       0x00000004   Zero   RW         1917    .bss.xSchedulerRunning  tasks.o
    0x20004a1c        -       0x00000008   Zero   RW         2071    .bss.xStart         heap_4.o
    0x20004a24        -       0x00000014   Zero   RW         1920    .bss.xSuspendedTaskList  tasks.o
    0x20004a38        -       0x00000014   Zero   RW         1914    .bss.xTasksWaitingTermination  tasks.o
    0x20004a4c        -       0x00000004   Zero   RW         1919    .bss.xTickCount     tasks.o
    0x20004a50        -       0x00000004   Zero   RW         1924    .bss.xYieldPending  tasks.o
    0x20004a54   0x080089bc   0x00000004   PAD
    0x20004a58        -       0x00000400   Zero   RW          383    STACK               startup_stm32f407xx.o


    Execution Region RW_IRAM2 (Exec base: 0x2001c000, Load base: 0x080089c0, Size: 0x00000000, Max: 0x00004000, ABSOLUTE)

    **** No section assigned to this execution region ****


==============================================================================

Image component sizes


      Code (inc. data)   RO Data    RW Data    ZI Data      Debug   Object Name

      2962          4         54          8          0      10510   bmi088.o
       198          0          0          0         40       6201   can.o
      2052         92          0         28        855       7275   chassistask.o
       146          0          0          0          0      21095   cmsis_os.o
       156          0          0          0          0       3478   dma.o
       186          0        121          0        608       3550   freertos.o
       314          0          0          0          0       4116   gpio.o
        88          0          0          0          4       1923   haltick.o
       624          0          0          0      15389       4852   heap_4.o
      2556         36          0         21        184       7425   instask.o
       178          4          0          0          0       3587   ist8310.o
       122          0          0          0          0       3421   kalman.o
       150          0          0          0          0       2192   list.o
      1772         16          0          4         16       6199   mahonyahrs.o
       332          0          0          0          0       6133   main.o
       368         16          0         96         32       3371   motor.o
       206          0          0         32         36       4829   mycan.o
       586          0          0          0          0       2415   myiic.o
      2520          0          0          0          0       5538   myspi.o
       628         20          0          0        158       6230   myusart.o
       450          8          0          0          0       3011   pid.o
       892         16          0          4          5       3960   port.o
        24          0          0          0          0       1187   serialtask.o
       366          0          0          0        280       7095   spi.o
        36          8        392          0       1024        808   startup_stm32f407xx.o
        92          0          0          5          4       7262   stm32f4xx_hal.o
      1556          6          0          0          0      13117   stm32f4xx_hal_can.o
       148          0          0          0          0      10324   stm32f4xx_hal_cortex.o
      1040          4          8          0          0       9822   stm32f4xx_hal_dma.o
       472          0          0          0          0       5025   stm32f4xx_hal_gpio.o
        66          0          0          0          0       3499   stm32f4xx_hal_msp.o
      1436          0          0          0          0       7248   stm32f4xx_hal_rcc.o
      1240          0          0          0          0      21517   stm32f4xx_hal_spi.o
      1942          4          0          0          0      49922   stm32f4xx_hal_tim.o
       254          0          0          0          0      20959   stm32f4xx_hal_tim_ex.o
       172          0          0          0         72       7223   stm32f4xx_hal_timebase_tim.o
      1742          0          0          0          0      24940   stm32f4xx_hal_uart.o
       218          0          0          0          0       9421   stm32f4xx_it.o
        18          0         24          4          0       2598   system_stm32f4xx.o
      2718          8          0          0        300      26944   tasks.o
       912          0          0          0        216       7274   tim.o
       852          0          0          0        588       7867   usart.o

    ----------------------------------------------------------------------
     32874        242        632        208      19844     365363   Object Totals
         0          0         32          0          0          0   (incl. Generated)
        84          0          1          6         33          0   (incl. Padding)

    ----------------------------------------------------------------------

      Code (inc. data)   RO Data    RW Data    ZI Data      Debug   Library Member Name

       300         42          0          0          0        176   asinf.o
       684         90          0          0          0        208   atan2f.o
        38          0          0          0          0        116   fpclassifyf.o
        44         12          0          0          0        464   funder.o
       120          0          0          0          0        272   sqrtf.o
         0          0          0          0          0          0   entry.o
         0          0          0          0          0          0   entry10a.o
         0          0          0          0          0          0   entry11a.o
         8          4          0          0          0          0   entry2.o
         4          0          0          0          0          0   entry5.o
         0          0          0          0          0          0   entry7b.o
         0          0          0          0          0          0   entry8b.o
         8          4          0          0          0          0   entry9a.o
        12          6          0          4          0         68   errno.o
        30          0          0          0          0          0   handlers.o
        36          8          0          0          0         68   init.o
         0          0          0          0          0          0   iusefp.o
        30          0          0          0          0         68   llshl.o
        32          0          0          0          0         68   llushr.o
        36          0          0          0          0         68   memcpya.o
        36          0          0          0          0        108   memseta.o
        14          0          0          0          0         68   strlen.o
        98          0          0          0          0         92   uldiv.o

    ----------------------------------------------------------------------
      1538        166          0          4          0       1844   Library Totals
         8          0          0          0          0          0   (incl. Padding)

    ----------------------------------------------------------------------

      Code (inc. data)   RO Data    RW Data    ZI Data      Debug   Library Name

      1186        144          0          0          0       1236   m_wm.l
       344         22          0          4          0        608   mc_w.l

    ----------------------------------------------------------------------
      1538        166          0          4          0       1844   Library Totals

    ----------------------------------------------------------------------

==============================================================================


      Code (inc. data)   RO Data    RW Data    ZI Data      Debug   

     34412        408        632        212      19844     365655   Grand Totals
     34412        408        632        212      19844     365655   ELF Image Totals
     34412        408        632        212          0          0   ROM Totals

==============================================================================

    Total RO  Size (Code + RO Data)                35044 (  34.22kB)
    Total RW  Size (RW Data + ZI Data)             20056 (  19.59kB)
    Total ROM Size (Code + RO Data + RW Data)      35256 (  34.43kB)

==============================================================================

